I/am_destroy_service(  153): [1084190872,com.google.android.gsf/.checkin.CheckinService,307]
I/am_create_service(  153): [1084703688,com.google.android.gsf/.checkin.CheckinService,,307]
I/aggregation(  307): 1383546712879
I/dvm_gc_info(  307): [7449358886915606104,-9003392503301404623,-4005242647839287257,6817407]
I/dvm_gc_madvise_info(  307): [1236992,1064960]
I/force_gc( 4367): bg
I/dvm_gc_info( 4367): [3345437233800049128,-9220127272960305084,-4001583473142048729,0]
I/dvm_gc_madvise_info( 4367): [1232896,1064960]
I/[203002](  307): [20080,-1,Android-Checkin/2.0,0]
I/am_destroy_service(  153): [1084703688,com.google.android.gsf/.checkin.CheckinService,307]
I/am_create_service(  153): [1084547968,com.facebook.katana/.service.FacebookService,,669]
I/am_create_service(  153): [1084433280,com.facebook.katana/com.facebook.orca.server.MessagesService,,669]
I/force_gc(  669): bg
I/dvm_gc_info(  669): [7737593596606125640,-9004502593868408596,-3912355905524770777,8964222]
I/dvm_gc_madvise_info(  669): [1409024,1064960]
I/am_destroy_service(  153): [1084433280,com.facebook.katana/com.facebook.orca.server.MessagesService,669]
I/am_destroy_service(  153): [1084547968,com.facebook.katana/.service.FacebookService,669]
I/am_create_service(  153): [1084428968,com.google.android.gsf/.checkin.CheckinService,,307]
I/aggregation(  307): 1383546948249
I/[203002](  307): [20084,-1,Android-Checkin/2.0,0]
I/dvm_gc_info(  307): [7449358886915630700,-8978622705350866895,-4005242647839287257,6817407]
I/am_destroy_service(  153): [1084428968,com.google.android.gsf/.checkin.CheckinService,307]
I/dvm_gc_madvise_info(  307): [1265664,1064960]
I/am_create_service(  153): [1083430400,com.facebook.katana/com.facebook.orca.server.MessagesService,,669]
I/force_gc(  669): bg
I/dvm_gc_info(  669): [7737593596606248818,-8903734552205989651,-3912074430548060121,8964222]
I/dvm_gc_madvise_info(  669): [1404928,1064960]
I/am_destroy_service(  153): [1083430400,com.facebook.katana/com.facebook.orca.server.MessagesService,669]
I/am_create_service(  153): [1084151376,com.google.android.gsf/.checkin.CheckinService,,307]
I/db_sample(  307): [/data/data/com.google.android.gsf/databases/googlesettings.db,SELECT value FROM partner WHERE (name=?),1,com.google.process.gapps,1]
I/aggregation(  307): 1383547188595
I/[203002](  307): [20088,-1,Android-Checkin/2.0,0]
I/am_destroy_service(  153): [1084151376,com.google.android.gsf/.checkin.CheckinService,307]
I/am_create_service(  153): [1083583032,com.facebook.katana/.service.FacebookService,,669]
I/am_create_service(  153): [1083031352,com.facebook.katana/com.facebook.orca.server.MessagesService,,669]
I/force_gc(  669): bg
I/dvm_gc_info(  669): [7737593596606211721,-8962281347361806099,-3912355905524770777,8964222]
I/dvm_gc_madvise_info(  669): [1404928,1064960]
I/am_destroy_service(  153): [1083031352,com.facebook.katana/com.facebook.orca.server.MessagesService,669]
I/am_destroy_service(  153): [1083583032,com.facebook.katana/.service.FacebookService,669]
I/am_create_service(  153): [1083313592,com.google.android.gsf/.checkin.CheckinService,,307]
I/aggregation(  307): 1383547433929
I/dvm_gc_info(  307): [7449358886915606111,-8996637103860344783,-4005242647839287257,6817407]
I/dvm_gc_madvise_info(  307): [1241088,1064960]
I/[203002](  307): [20078,-1,Android-Checkin/2.0,0]
I/am_destroy_service(  153): [1083313592,com.google.android.gsf/.checkin.CheckinService,307]
I/force_gc( 4367): bg
I/dvm_gc_info( 4367): [3345437233800081896,-9220127272960305084,-4001583473142048729,0]
I/dvm_gc_madvise_info( 4367): [1232896,1064960]
I/am_create_service(  153): [1083465528,com.google.android.gsf/.checkin.EventLogService,,307]
I/aggregation(  307): 1383547637897
I/am_destroy_service(  153): [1083465528,com.google.android.gsf/.checkin.EventLogService,307]
I/am_create_service(  153): [1084222376,com.google.android.gsf/.checkin.CheckinService,,307]
I/aggregation(  307): 1383547684307
I/dvm_gc_info(  307): [7449358886915610209,-8989600229442578383,-4005242647839287257,6817407]
I/dvm_gc_madvise_info(  307): [1236992,1064960]
I/[203002](  307): [20088,-1,Android-Checkin/2.0,0]
I/am_destroy_service(  153): [1084222376,com.google.android.gsf/.checkin.CheckinService,307]
I/am_create_service(  153): [1083059328,com.facebook.katana/.service.FacebookService,,669]
I/am_create_service(  153): [1084121136,com.facebook.katana/com.facebook.orca.server.MessagesService,,669]
I/force_gc(  669): bg
I/dvm_gc_info(  669): [7737593596606121544,-9005347018798540564,-3912355905524770777,8964222]
I/dvm_gc_madvise_info(  669): [1409024,1064960]
I/am_destroy_service(  153): [1084121136,com.facebook.katana/com.facebook.orca.server.MessagesService,669]
I/am_destroy_service(  153): [1083059328,com.facebook.katana/.service.FacebookService,669]
I/am_create_service(  153): [1084712416,com.facebook.katana/.service.FacebookService,act=com.facebook.katana.service.1049,669]
I/am_destroy_service(  153): [1084712416,com.facebook.katana/.service.FacebookService,669]
I/force_gc(  669): bg
I/dvm_gc_info(  669): [7737593596606101028,-9039405490980529940,-3912637380501481433,8964222]
I/dvm_gc_madvise_info(  669): [1413120,1064960]
I/am_create_service(  153): [1084299128,com.google.android.gsf/.checkin.CheckinService,,307]
I/aggregation(  307): 1383547939669
I/[203002](  307): [20082,-1,Android-Checkin/2.0,0]
I/am_destroy_service(  153): [1084299128,com.google.android.gsf/.checkin.CheckinService,307]
I/am_create_service(  153): [1083538240,com.facebook.katana/com.facebook.orca.server.MessagesService,,669]
I/force_gc(  669): bg
I/dvm_gc_info(  669): [7737593596606187351,-8905423402066253587,-3912074430548060121,8964222]
I/dvm_gc_madvise_info(  669): [1404928,1064960]
I/am_destroy_service(  153): [1083538240,com.facebook.katana/com.facebook.orca.server.MessagesService,669]
I/am_create_service(  153): [1084264520,com.google.android.gsf/.checkin.CheckinService,,307]
I/dvm_gc_info(  307): [7449358886915589739,-8982844830001530832,-4005242647839287257,6817407]
I/aggregation(  307): 1383548200029
I/dvm_gc_madvise_info(  307): [1204224,1064960]
I/[203002](  307): [20082,-1,Android-Checkin/2.0,0]
I/am_destroy_service(  153): [1084264520,com.google.android.gsf/.checkin.CheckinService,307]
I/dvm_gc_info(  153): [8320808730291709844,-8890234682388715423,-3975124825331247065,8632367]
I/dvm_gc_madvise_info(  153): [1466368,1064960]
I/am_create_service(  153): [1084707008,com.facebook.katana/.server.Fb4aService,,669]
I/force_gc(  669): bg
I/dvm_gc_info(  669): [7737593596606137929,-9009850618425911060,-3912355905524770777,8964222]
I/dvm_gc_madvise_info(  669): [1409024,1064960]
I/am_destroy_service(  153): [1084707008,com.facebook.katana/.server.Fb4aService,669]
I/am_create_service(  153): [1084706104,com.google.android.gsf/.checkin.CheckinService,,307]
I/aggregation(  307): 1383548465347
I/dvm_gc_info(  307): [7449358886915610201,-9000859228511008719,-4005242647839287257,6817407]
I/dvm_gc_madvise_info(  307): [1241088,1064960]
I/[203002](  307): [20082,-1,Android-Checkin/2.0,0]
I/am_destroy_service(  153): [1084706104,com.google.android.gsf/.checkin.CheckinService,307]
I/force_gc( 4367): bg
I/dvm_gc_info( 4367): [3345437233799995880,-9220127272960305084,-4001583473142048729,0]
I/dvm_gc_madvise_info( 4367): [1232896,1064960]
I/am_create_service(  153): [1084443096,com.facebook.katana/.service.FacebookService,,669]
I/am_create_service(  153): [1084442520,com.facebook.katana/com.facebook.orca.server.MessagesService,,669]
I/force_gc(  669): bg
I/dvm_gc_info(  669): [7737593596606199410,-8974384771360368404,-3912355905524770777,8964222]
I/dvm_gc_madvise_info(  669): [1413120,1064960]
I/am_destroy_service(  153): [1084442520,com.facebook.katana/com.facebook.orca.server.MessagesService,669]
I/am_destroy_service(  153): [1084443096,com.facebook.katana/.service.FacebookService,669]
I/am_create_service(  153): [1084441944,com.google.android.gsf/.checkin.CheckinService,,307]
I/aggregation(  307): 1383548735720
I/[203002](  307): [20080,-1,Android-Checkin/2.0,0]
I/dvm_gc_info(  307): [7449358886915626603,-8978059755397445583,-4005242647839287257,6817407]
I/am_destroy_service(  153): [1084441944,com.google.android.gsf/.checkin.CheckinService,307]
I/dvm_gc_madvise_info(  307): [1261568,1064960]
I/am_create_service(  153): [1082848464,com.facebook.katana/.service.FacebookService,,669]
I/am_create_service(  153): [1082038840,com.facebook.katana/com.facebook.orca.server.MessagesService,,669]
I/force_gc(  669): bg
I/dvm_gc_info(  669): [7737593596606125636,-9011539468286174996,-3912355905524770777,8964222]
I/dvm_gc_madvise_info(  669): [1409024,1064960]
I/am_create_service(  153): [1082148984,com.google.android.gsf/.checkin.CheckinService,,307]
I/aggregation(  307): 1383549011056
I/am_destroy_service(  153): [1082038840,com.facebook.katana/com.facebook.orca.server.MessagesService,669]
I/am_destroy_service(  153): [1082848464,com.facebook.katana/.service.FacebookService,669]
I/[203002](  307): [20083,-1,Android-Checkin/2.0,0]
I/am_destroy_service(  153): [1082148984,com.google.android.gsf/.checkin.CheckinService,307]
I/binder_sample(  224): [android.app.IActivityManager,16,5,com.android.systemui,1]
I/am_create_service(  153): [1084712776,com.google.android.gsf/.checkin.CheckinService,,307]
I/aggregation(  307): 1383549291383
I/content_query_sample(  307): [content://com.google.settings/partner,value,name=?,,2,,1]
I/dvm_gc_info(  307): [7449358886915606109,-8994948254000080847,-4004961172862576601,6817407]
I/dvm_gc_madvise_info(  307): [1228800,1064960]
I/am_create_service(  153): [1083564848,com.facebook.katana/com.facebook.orca.server.MessagesService,,669]
I/[203002](  307): [20085,-1,Android-Checkin/2.0,0]
I/am_destroy_service(  153): [1084712776,com.google.android.gsf/.checkin.CheckinService,307]
I/force_gc(  669): bg
I/dvm_gc_info(  669): [7737593596606109554,-8903734552205989651,-3912074430548060121,8964222]
I/dvm_gc_madvise_info(  669): [1404928,1064960]
I/am_destroy_service(  153): [1083564848,com.facebook.katana/com.facebook.orca.server.MessagesService,669]
I/force_gc( 8703): bg
I/dvm_gc_info( 8703): [8604234240865031350,-9060250036179351498,-4006087072769419225,0]
I/dvm_gc_madvise_info( 8703): [1216512,1064960]
I/force_gc( 4367): bg
I/dvm_gc_info( 4367): [3345437233799987688,-9220127272960305084,-4001583473142048729,0]
I/dvm_gc_madvise_info( 4367): [1232896,1064960]
I/am_create_service(  153): [1083433144,com.google.android.gsf/.checkin.EventLogService,,307]
I/aggregation(  307): 1383549438019
I/am_destroy_service(  153): [1083433144,com.google.android.gsf/.checkin.EventLogService,307]
I/am_create_service(  153): [1083842672,com.google.android.gsf/.checkin.CheckinService,,307]
I/aggregation(  307): 1383549576771
I/dvm_gc_info(  307): [7449358886915610213,-8989600229442578383,-4005242647839287257,6817407]
I/dvm_gc_madvise_info(  307): [1241088,1064960]
I/[203002](  307): [20086,-1,Android-Checkin/2.0,0]
I/am_destroy_service(  153): [1083842672,com.google.android.gsf/.checkin.CheckinService,307]
I/am_create_service(  153): [1083057040,com.facebook.katana/.service.FacebookService,,669]
I/content_query_sample(  669): [content://com.facebook.katana.provider.CacheProvider/cache/name/Gatekeeper%3Aandroid_update_user_phone,value/timestamp,,,14,,3]
I/am_create_service(  153): [1084098920,com.facebook.katana/com.facebook.orca.server.MessagesService,,669]
I/force_gc(  669): bg
I/dvm_gc_info(  669): [7737593596606199433,-8962844297315227411,-3912355905524770777,8964222]
I/dvm_gc_madvise_info(  669): [1404928,1064960]
I/am_destroy_service(  153): [1084098920,com.facebook.katana/com.facebook.orca.server.MessagesService,669]
I/am_destroy_service(  153): [1083057040,com.facebook.katana/.service.FacebookService,669]
I/am_create_service(  153): [1083720976,com.google.android.gsf/.checkin.CheckinService,,307]
I/aggregation(  307): 1383549867159
I/db_sample(  307): [/data/data/com.google.android.gsf/databases/gservices.db,SELECT name, value FROM main WHERE name LIKE ?,2,,1]
I/[203002](  307): [20082,-1,Android-Checkin/2.0,0]
I/dvm_gc_info(  307): [7449358886915667557,-8982563355024820175,-4005242647839287257,6817407]
I/am_destroy_service(  153): [1083720976,com.google.android.gsf/.checkin.CheckinService,307]
I/dvm_gc_madvise_info(  307): [1236992,1064960]
I/am_create_service(  153): [1084236352,com.facebook.katana/.service.FacebookService,,669]
I/am_create_service(  153): [1084001104,com.facebook.katana/com.facebook.orca.server.MessagesService,,669]
I/force_gc(  669): bg
I/dvm_gc_info(  669): [7737593596606121544,-9004784068845119252,-3912355905524770777,8964222]
I/dvm_gc_madvise_info(  669): [1409024,1064960]
I/am_destroy_service(  153): [1084001104,com.facebook.katana/com.facebook.orca.server.MessagesService,669]
I/am_destroy_service(  153): [1084236352,com.facebook.katana/.service.FacebookService,669]
I/am_create_service(  153): [1083725104,com.google.android.gsf/.checkin.CheckinService,,307]
I/aggregation(  307): 1383550162476
I/[203002](  307): [20085,-1,Android-Checkin/2.0,0]
I/am_destroy_service(  153): [1083725104,com.google.android.gsf/.checkin.CheckinService,307]
I/dvm_gc_info(  153): [8320808730291709839,-8890797632342136735,-3975124825331247065,8632367]
I/dvm_gc_madvise_info(  153): [1474560,1064960]
I/am_create_service(  153): [1084522616,com.facebook.katana/com.facebook.orca.server.MessagesService,,669]
I/force_gc(  669): bg
I/dvm_gc_info(  669): [7737593596606191474,-8903734552205989651,-3912074430548060121,8964222]
I/dvm_gc_madvise_info(  669): [1404928,1064960]
I/am_destroy_service(  153): [1084522616,com.facebook.katana/com.facebook.orca.server.MessagesService,669]
I/force_gc( 4367): bg
I/dvm_gc_info( 4367): [3345437233800040936,-9220127272960305084,-4001583473142048729,0]
I/dvm_gc_madvise_info( 4367): [1232896,1064960]
I/am_create_service(  153): [1084506768,com.google.android.gsf/.checkin.CheckinService,,307]
I/aggregation(  307): 1383550462793
I/dvm_gc_info(  307): [7449358886915602013,-8998607428697323471,-4005242647839287257,6817407]
I/dvm_gc_madvise_info(  307): [1228800,1064960]
I/[203002](  307): [20086,-1,Android-Checkin/2.0,0]
I/am_destroy_service(  153): [1084506768,com.google.android.gsf/.checkin.CheckinService,307]
I/am_create_service(  153): [1084506520,com.facebook.katana/.service.FacebookService,,669]
I/am_create_service(  153): [1084506272,com.facebook.katana/com.facebook.orca.server.MessagesService,,669]
I/force_gc(  669): bg
I/dvm_gc_info(  669): [7737593596606142090,-8960592497501542163,-3912355905524770777,8964222]
I/dvm_gc_madvise_info(  669): [1404928,1064960]
I/am_destroy_service(  153): [1084506272,com.facebook.katana/com.facebook.orca.server.MessagesService,669]
I/am_destroy_service(  153): [1084506520,com.facebook.katana/.service.FacebookService,669]
I/am_create_service(  153): [1083170360,com.google.android.gsf/.checkin.CheckinService,,307]
I/aggregation(  307): 1383550768169
I/[203002](  307): [20081,-1,Android-Checkin/2.0,0]
I/dvm_gc_info(  307): [7449358886915667563,-8976089430560470991,-4005242647839287257,6817407]
I/am_destroy_service(  153): [1083170360,com.google.android.gsf/.checkin.CheckinService,307]
I/dvm_gc_madvise_info(  307): [1232896,1064960]
I/am_create_service(  153): [1081788320,com.facebook.katana/.service.FacebookService,,669]
I/am_create_service(  153): [1082298456,com.facebook.katana/com.facebook.orca.server.MessagesService,,669]
I/force_gc(  669): bg
I/dvm_gc_info(  669): [7737593596606129736,-9005347018798540564,-3912355905524770777,8964222]
I/dvm_gc_madvise_info(  669): [1409024,1064960]
I/am_destroy_service(  153): [1082298456,com.facebook.katana/com.facebook.orca.server.MessagesService,669]
I/am_destroy_service(  153): [1081788320,com.facebook.katana/.service.FacebookService,669]
I/binder_sample(  669): [android.app.IActivityManager,61,7,com.facebook.katana,1]
I/am_create_service(  153): [1083306312,com.google.android.gsf/.checkin.CheckinService,,307]
I/aggregation(  307): 1383551078510
I/[203002](  307): [20079,-1,Android-Checkin/2.0,0]
I/am_destroy_service(  153): [1083306312,com.google.android.gsf/.checkin.CheckinService,307]
I/force_gc( 4367): bg
I/dvm_gc_info( 4367): [3345437233800036840,-9220127272960305084,-4001583473142048729,0]
I/dvm_gc_madvise_info( 4367): [1232896,1064960]
I/am_create_service(  153): [1083565800,com.facebook.katana/com.facebook.orca.server.MessagesService,,669]
I/am_create_service(  153): [1082134800,com.google.android.gsf/.checkin.EventLogService,,307]
I/aggregation(  307): 1383551238152
I/am_destroy_service(  153): [1082134800,com.google.android.gsf/.checkin.EventLogService,307]
I/force_gc(  669): bg
I/dvm_gc_info(  669): [7737593596606166897,-8903734552205989651,-3912074430548060121,8964222]
I/dvm_gc_madvise_info(  669): [1404928,1064960]
I/am_destroy_service(  153): [1083565800,com.facebook.katana/com.facebook.orca.server.MessagesService,669]
I/notification_cancel(  153): [com.android.systemui,17302210,0]
I/battery_status(  153): [3,2,1,0,Li-ion]
I/battery_level(  153): [100,4148,273]
I/notification_cancel(  153): [android,17040208,0]
I/am_create_service(  153): [1082799568,com.facebook.katana/.service.FacebookService,act=com.facebook.katana.service.1063,669]
I/am_create_service(  153): [1083736464,com.google.android.gsf/.checkin.CheckinService,,307]
I/aggregation(  307): 1383551394292
I/dvm_gc_info(  307): [7449358886915659375,-8990163179396003791,-4005242647839287257,6817407]
I/dvm_gc_madvise_info(  307): [1232896,1064960]
I/force_gc( 4270): bg
I/dvm_gc_info( 4270): [8315180330336408741,-9066160323327793102,-3987509724306515929,8656951]
I/dvm_gc_madvise_info( 4270): [2125824,1064960]
I/am_destroy_service(  153): [1082799568,com.facebook.katana/.service.FacebookService,669]
I/[203002](  307): [20106,-1,Android-Checkin/2.0,0]
I/am_destroy_service(  153): [1083736464,com.google.android.gsf/.checkin.CheckinService,307]
I/battery_level(  153): [99,4128,267]
I/am_create_service(  153): [1083021064,com.google.android.gsf/.checkin.CheckinService,,307]
I/aggregation(  307): 1383551714809
I/dvm_gc_info(  307): [7449358886915614299,-8989600229442578383,-4005242647839287257,6817407]
I/[203002](  307): [2,-1,Android-Checkin/2.0,0]
I/am_destroy_service(  153): [1083021064,com.google.android.gsf/.checkin.CheckinService,307]
I/am_create_service(  153): [1081368792,com.google.android.gsf/.checkin.CheckinService,,307]
I/aggregation(  307): 1383552020184
I/[203002](  307): [3,-1,Android-Checkin/2.0,0]
I/dvm_gc_info(  307): [7449358886915614310,-8980030080234424271,-4005242647839287257,6817407]
I/am_destroy_service(  153): [1081368792,com.google.android.gsf/.checkin.CheckinService,307]
I/battery_level(  153): [98,4114,256]
I/am_create_service(  153): [1084274608,com.google.android.gsf/.checkin.CheckinService,,307]
I/aggregation(  307): 1383552330465
I/[203002](  307): [2,-1,Android-Checkin/2.0,0]
I/am_destroy_service(  153): [1084274608,com.google.android.gsf/.checkin.CheckinService,307]
I/am_create_service(  153): [1084202752,com.google.android.gsf/.checkin.CheckinService,,307]
I/aggregation(  307): 1383552645768
I/dvm_gc_info(  307): [7449358886915614303,-8996074153906927567,-4005242647839287257,6817407]
I/[203002](  307): [2,-1,Android-Checkin/2.0,0]
I/am_destroy_service(  153): [1084202752,com.google.android.gsf/.checkin.CheckinService,307]
I/am_create_service(  153): [1084156456,com.google.android.gsf/.checkin.CheckinService,,307]
I/aggregation(  307): 1383552966185
I/[203002](  307): [2,-1,Android-Checkin/2.0,0]
I/dvm_gc_info(  307): [7449358886915651180,-8975526480607049679,-4005242647839287257,6817407]
I/am_destroy_service(  153): [1084156456,com.google.android.gsf/.checkin.CheckinService,307]
I/am_create_service(  153): [1084217872,com.google.android.gsf/.checkin.EventLogService,,307]
I/dvm_gc_info(  153): [8320808730292111241,-8891360582295549854,-3975124825331247065,8632368]
I/aggregation(  307): 1383553038437
I/am_destroy_service(  153): [1084217872,com.google.android.gsf/.checkin.EventLogService,307]
I/am_create_service(  153): [1084706760,com.google.android.gsf/.checkin.CheckinService,,307]
I/battery_level(  153): [97,4099,245]
I/aggregation(  307): 1383553292283
I/dvm_gc_madvise_info(  307): [1138688,1064960]
I/dvm_gc_madvise_info(  153): [1478656,1064960]
I/force_gc( 8703): bg
I/dvm_gc_info( 8703): [8604234240865096890,-9059124136272508874,-4006087072769419225,0]
I/force_gc( 4367): bg
I/dvm_gc_info( 4367): [3345437233800102460,-9217593998169909180,-4001583473142048729,0]
I/dvm_gc_madvise_info( 8703): [1208320,1064960]
I/force_gc(  669): bg
I/dvm_gc_madvise_info( 4367): [1232896,1064960]
I/dvm_gc_info(  669): [7737593596606502461,-9026457642051839764,-3912637380501481433,8964222]
I/[203002](  307): [20105,-1,Android-Checkin/2.0,0]
I/dvm_gc_madvise_info(  669): [1409024,1064960]
I/am_destroy_service(  153): [1084706760,com.google.android.gsf/.checkin.CheckinService,307]
I/battery_level(  153): [96,4094,243]
I/am_create_service(  153): [1084706512,com.google.android.gsf/.checkin.CheckinService,,307]
I/aggregation(  307): 1383553642690
I/dvm_gc_info(  307): [7449358886915614313,-8989600229442582479,-4005242647839287257,6817407]
I/[203002](  307): [2,-1,Android-Checkin/2.0,0]
I/am_destroy_service(  153): [1084706512,com.google.android.gsf/.checkin.CheckinService,307]
I/battery_discharge(  153): [2397024,100,96]
I/battery_status(  153): [5,2,1,2,Li-ion]
I/power_screen_state(  153): [1,2,0,0]
I/power_screen_broadcast_send(  153): 1
I/screen_toggled(  153): 1
I/am_resume_activity(  153): [1081063096,102,es.booooo.sms/.SinMachismoSi]
I/am_on_resume_called( 8529): es.booooo.sms.SinMachismoSi
I/binder_sample( 4270): [android.app.IActivityManager,16,10,com.android.settings,2]
I/power_screen_broadcast_done(  153): [1,259,1]
I/dvm_gc_madvise_info(  307): [1183744,1064960]
I/battery_level(  153): [96,4060,242]
I/notification_enqueue(  153): [com.android.systemui,17302210,Notification(vibrate=null,sound=null,defaults=0x0,flags=0x2)]
I/notification_enqueue(  153): [android,17040208,Notification(vibrate=null,sound=null,defaults=0x0,flags=0x2)]
I/binder_sample(  255): [com.android.internal.telephony.ITelephonyRegistry,4,10,com.android.phone,2]
I/battery_level(  153): [95,4040,241]
I/am_create_service(  153): [1082012504,com.facebook.katana/.server.Fb4aService,,669]
I/am_destroy_service(  153): [1082012504,com.facebook.katana/.server.Fb4aService,669]
I/am_create_service(  153): [1079231128,com.facebook.katana/.service.FacebookService,,669]
I/am_create_service(  153): [1082489160,com.facebook.katana/com.facebook.orca.server.MessagesService,,669]
I/dvm_gc_info(  669): [7737593596605515687,-8900075377508751120,-3911511480594638809,8964222]
I/am_destroy_service(  153): [1082489160,com.facebook.katana/com.facebook.orca.server.MessagesService,669]
I/am_create_service(  153): [1081939296,com.facebook.katana/com.facebook.orca.server.MessagesService,,669]
I/db_sample(  669): [/data/data/com.facebook.katana/databases/prefs_db,INSERT OR REPLACE  INTO preferences(value, type, key) VALUES(?, ,1,,1]
I/content_update_sample(  669): [content://com.facebook.katana.provider.CacheProvider/cache/name/Gatekeeper%3Afacebook_for_android_native_search,update,,15,,4]
I/dvm_gc_info(  669): [7737593596605560801,-8898105052671772430,-3910948530641217497,8964222]
I/am_destroy_service(  153): [1081939296,com.facebook.katana/com.facebook.orca.server.MessagesService,669]
I/am_create_service(  153): [1083125688,com.facebook.katana/com.facebook.orca.server.MessagesService,,669]
I/db_sample(  669): [/data/data/com.facebook.katana/databases/fb.db,UPDATE cache SET timestamp=?, value=? WHERE name='Gatekeeper:fba,24,,5]
I/db_sample(  669): [/data/data/com.facebook.katana/databases/fb.db,SELECT _id FROM cache WHERE (name='Gatekeeper:new_android_ci_ski,0,,1]
I/db_sample(  669): [/data/data/com.facebook.katana/databases/fb.db,UPDATE cache SET timestamp=?, value=? WHERE name='Gatekeeper:orc,11,,3]
I/dvm_gc_info(  669): [7737593596605483041,-8891068178254006032,-3911230005617928153,8964222]
I/dvm_gc_info(  669): [7737593596605487051,-8898105052671772428,-3910385580687796185,8964222]
I/notification_cancel(  153): [com.facebook.katana,10001,0]
I/notification_cancel(  153): [com.facebook.katana,10002,0]
I/notification_cancel(  153): [com.facebook.katana,10004,0]
I/am_destroy_service(  153): [1083125688,com.facebook.katana/com.facebook.orca.server.MessagesService,669]
I/am_destroy_service(  153): [1079231128,com.facebook.katana/.service.FacebookService,669]
I/content_update_sample(  669): [content://com.facebook.katana.provider.CacheProvider/cache/name/Gatekeeper%3Afbandroid_native_gdp,update,,14,,3]
I/db_sample(  669): [/data/data/com.facebook.katana/databases/threads_db2,SELECT thread_id, action_id, last_visible_action_id FROM threads,18,,4]
I/force_gc(  153): Binder
I/dvm_gc_info(  153): [8320808730292115174,-8911063830665328543,-3972873025517561817,8632375]
I/content_query_sample(  669): [content://com.facebook.katana.provider.CacheProvider/cache/name/Gatekeeper%3Aandroid_messenger_jewel_promotion,_id,,,142,,29]
I/content_query_sample(  669): [content://com.facebook.katana.provider.CacheProvider/cache/name/Gatekeeper%3Afbandroid_ssl_cache_enabled,_id,,,4,,1]
I/content_update_sample(  669): [content://com.facebook.katana.provider.CacheProvider/cache/name/Gatekeeper%3Anew_android_ci_vs_old,update,,14,,3]
I/content_update_sample(  669): [content://com.facebook.katana.provider.CacheProvider/cache/name/Gatekeeper%3Anew_android_ci_continuous_import_test,update,,19,,4]
I/binder_sample(  255): [com.android.internal.telephony.ITelephonyRegistry,4,9,com.android.phone,1]
I/dvm_gc_madvise_info(  669): [1363968,1064960]
I/dvm_gc_madvise_info(  153): [1507328,1064960]
I/force_gc(  669): bg
I/dvm_gc_info(  669): [7737593596606445283,-8916400926157969170,-3912074430548060121,8964222]
I/dvm_gc_madvise_info(  669): [1388544,1064960]
I/force_gc( 4367): bg
I/dvm_gc_info( 4367): [3345437233800106776,-9199579599660427196,-4001583473142048729,0]
I/dvm_gc_madvise_info( 4367): [1232896,1064960]
I/am_create_service(  153): [1084415472,com.google.android.gsf/.checkin.CheckinService,,307]
I/aggregation(  307): 1383553978066
I/dvm_gc_info(  307): [7449358886915618398,-8991007604326135759,-4005242647839287257,6817407]
I/dvm_gc_info(  307): [7449358886915647071,-8937527358751107023,-4005242647839287257,6817407]
I/dvm_gc_info(  307): [7449358886915642981,-8924860984799131599,-4005242647839287257,6817407]
I/[203002](  307): [1505,200,Android-Checkin/2.0,1]
I/dvm_gc_info(  307): [7449358886915577435,-8978059755397445582,-4004961172862576601,6817407]
I/am_destroy_service(  153): [1084415472,com.google.android.gsf/.checkin.CheckinService,307]
I/dvm_gc_madvise_info(  307): [1196032,1064960]
I/notification_cancel(  153): [android,17040208,0]
I/notification_cancel(  153): [com.android.systemui,17302210,0]
I/battery_level(  153): [95,4035,246]
I/notification_enqueue(  153): [com.android.systemui,17302210,Notification(vibrate=null,sound=null,defaults=0x0,flags=0x2)]
I/notification_enqueue(  153): [android,17040208,Notification(vibrate=null,sound=null,defaults=0x0,flags=0x2)]
I/notification_cancel(  153): [android,17040208,0]
I/notification_cancel(  153): [com.android.systemui,17302210,0]
I/notification_enqueue(  153): [com.android.systemui,17302210,Notification(vibrate=null,sound=null,defaults=0x0,flags=0x2)]
I/notification_enqueue(  153): [android,17040208,Notification(vibrate=null,sound=null,defaults=0x0,flags=0x2)]
I/battery_level(  153): [94,4035,246]
I/binder_sample(  255): [com.android.internal.telephony.ITelephonyRegistry,10,10,com.android.phone,2]
I/notification_cancel(  153): [com.android.systemui,17302210,0]
I/notification_cancel(  153): [android,17040208,0]
I/battery_level(  153): [94,4035,248]
I/notification_enqueue(  153): [com.android.systemui,17302210,Notification(vibrate=null,sound=null,defaults=0x0,flags=0x2)]
I/notification_enqueue(  153): [android,17040208,Notification(vibrate=null,sound=null,defaults=0x0,flags=0x2)]
I/dvm_gc_info(  224): [8320808730291771005,-8921764966230550481,-4001864948118759385,8050507]
I/notification_cancel(  153): [android,17040208,0]
I/notification_cancel(  153): [com.android.systemui,17302210,0]
I/notification_enqueue(  153): [android,17040208,Notification(vibrate=null,sound=null,defaults=0x0,flags=0x2)]
I/notification_enqueue(  153): [com.android.systemui,17302210,Notification(vibrate=null,sound=null,defaults=0x0,flags=0x2)]
I/notification_cancel(  153): [com.android.systemui,17302210,0]
I/notification_cancel(  153): [android,17040208,0]
I/binder_sample(  224): [android.view.IWindowSession,4,30,com.android.systemui,6]
I/notification_enqueue(  153): [com.android.systemui,17302210,Notification(vibrate=null,sound=null,defaults=0x0,flags=0x2)]
I/notification_enqueue(  153): [android,17040208,Notification(vibrate=null,sound=null,defaults=0x0,flags=0x2)]
I/notification_cancel(  153): [android,17040208,0]
I/notification_cancel(  153): [com.android.systemui,17302210,0]
I/notification_enqueue(  153): [android,17040208,Notification(vibrate=null,sound=null,defaults=0x0,flags=0x2)]
I/notification_enqueue(  153): [com.android.systemui,17302210,Notification(vibrate=null,sound=null,defaults=0x0,flags=0x2)]
I/notification_cancel(  153): [android,17040208,0]
I/notification_cancel(  153): [com.android.systemui,17302210,0]
I/dvm_gc_madvise_info(  224): [1073152,1064960]
I/notification_enqueue(  153): [com.android.systemui,17302210,Notification(vibrate=null,sound=null,defaults=0x0,flags=0x2)]
I/notification_enqueue(  153): [android,17040208,Notification(vibrate=null,sound=null,defaults=0x0,flags=0x2)]
I/notification_cancel(  153): [android,17040208,0]
I/notification_cancel(  153): [com.android.systemui,17302210,0]
I/notification_enqueue(  153): [com.android.systemui,17302210,Notification(vibrate=null,sound=null,defaults=0x0,flags=0x2)]
I/notification_enqueue(  153): [android,17040208,Notification(vibrate=null,sound=null,defaults=0x0,flags=0x2)]
I/notification_cancel(  153): [android,17040208,0]
I/notification_cancel(  153): [com.android.systemui,17302210,0]
I/battery_level(  153): [94,4026,248]
I/notification_enqueue(  153): [com.android.systemui,17302210,Notification(vibrate=null,sound=null,defaults=0x0,flags=0x2)]
I/notification_enqueue(  153): [android,17040208,Notification(vibrate=null,sound=null,defaults=0x0,flags=0x2)]
I/notification_cancel(  153): [android,17040208,0]
I/notification_cancel(  153): [com.android.systemui,17302210,0]
I/notification_enqueue(  153): [android,17040208,Notification(vibrate=null,sound=null,defaults=0x0,flags=0x2)]
I/notification_enqueue(  153): [com.android.systemui,17302210,Notification(vibrate=null,sound=null,defaults=0x0,flags=0x2)]
I/notification_cancel(  153): [android,17040208,0]
I/notification_cancel(  153): [com.android.systemui,17302210,0]
I/notification_enqueue(  153): [android,17040208,Notification(vibrate=null,sound=null,defaults=0x0,flags=0x2)]
I/notification_enqueue(  153): [com.android.systemui,17302210,Notification(vibrate=null,sound=null,defaults=0x0,flags=0x2)]
I/notification_cancel(  153): [android,17040208,0]
I/notification_cancel(  153): [com.android.systemui,17302210,0]
I/notification_enqueue(  153): [android,17040208,Notification(vibrate=null,sound=null,defaults=0x0,flags=0x2)]
I/notification_enqueue(  153): [com.android.systemui,17302210,Notification(vibrate=null,sound=null,defaults=0x0,flags=0x2)]
I/notification_cancel(  153): [com.android.systemui,17302210,0]
I/notification_cancel(  153): [android,17040208,0]
I/binder_sample(  224): [android.view.IWindowSession,4,13,com.android.systemui,2]
I/notification_enqueue(  153): [android,17040208,Notification(vibrate=null,sound=null,defaults=0x0,flags=0x2)]
I/notification_enqueue(  153): [com.android.systemui,17302210,Notification(vibrate=null,sound=null,defaults=0x0,flags=0x2)]
I/dvm_gc_info(  224): [8320808730291685015,-8920920472597739474,-4002146423095470041,8050506]
I/notification_cancel(  153): [android,17040208,0]
I/notification_cancel(  153): [com.android.systemui,17302210,0]
I/am_create_service(  153): [1083537856,com.facebook.katana/com.facebook.orca.server.MessagesService,,669]
I/notification_enqueue(  153): [android,17040208,Notification(vibrate=null,sound=null,defaults=0x0,flags=0x2)]
I/notification_enqueue(  153): [com.android.systemui,17302210,Notification(vibrate=null,sound=null,defaults=0x0,flags=0x2)]
I/notification_cancel(  153): [android,17040208,0]
I/notification_cancel(  153): [com.android.systemui,17302210,0]
I/dvm_gc_info(  669): [7737593596605474780,-8893601453044406032,-3911511480594638809,8964222]
I/notification_enqueue(  153): [com.android.systemui,17302210,Notification(vibrate=null,sound=null,defaults=0x0,flags=0x2)]
I/notification_enqueue(  153): [android,17040208,Notification(vibrate=null,sound=null,defaults=0x0,flags=0x2)]
I/db_sample(  669): [/data/data/com.facebook.katana/databases/threads_db2,COMMIT;INSERT OR REPLACE  INTO folder_counts(folder, last_seen_t,34,,7]
I/notification_cancel(  153): [android,17040208,0]
I/notification_cancel(  153): [com.android.systemui,17302210,0]
I/db_sample(  669): [/data/data/com.facebook.katana/databases/threads_db2,SELECT DISTINCT thread_id FROM messages WHERE (thread_id IN ("t_,6,,2]
I/am_destroy_service(  153): [1083537856,com.facebook.katana/com.facebook.orca.server.MessagesService,669]
I/notification_cancel(  153): [com.facebook.katana,10001,0]
I/notification_cancel(  153): [com.facebook.katana,10002,0]
I/notification_cancel(  153): [com.facebook.katana,10004,0]
I/dvm_gc_madvise_info(  224): [1085440,1064960]
I/notification_enqueue(  153): [com.android.systemui,17302210,Notification(vibrate=null,sound=null,defaults=0x0,flags=0x2)]
I/notification_enqueue(  153): [android,17040208,Notification(vibrate=null,sound=null,defaults=0x0,flags=0x2)]
I/notification_cancel(  153): [com.android.systemui,17302210,0]
I/notification_cancel(  153): [android,17040208,0]
I/notification_enqueue(  153): [com.android.systemui,17302210,Notification(vibrate=null,sound=null,defaults=0x0,flags=0x2)]
I/notification_enqueue(  153): [android,17040208,Notification(vibrate=null,sound=null,defaults=0x0,flags=0x2)]
I/notification_cancel(  153): [android,17040208,0]
I/notification_cancel(  153): [com.android.systemui,17302210,0]
I/dvm_gc_madvise_info(  669): [1265664,1064960]
I/notification_enqueue(  153): [android,17040208,Notification(vibrate=null,sound=null,defaults=0x0,flags=0x2)]
I/notification_enqueue(  153): [com.android.systemui,17302210,Notification(vibrate=null,sound=null,defaults=0x0,flags=0x2)]
I/force_gc(  153): Binder
I/dvm_gc_info(  153): [8320808730291701641,-8896427131876329373,-3974843350354536409,8632367]
I/dvm_gc_info(  153): [8320808730292167723,-9159887710077507485,-3974843350354536409,8632367]
I/binder_sample(  224): [android.content.IContentService,1,251,com.android.systemui,50]
I/notification_cancel(  153): [android,17040208,0]
I/notification_cancel(  153): [com.android.systemui,17302210,0]
I/notification_enqueue(  153): [android,17040208,Notification(vibrate=null,sound=null,defaults=0x0,flags=0x2)]
I/notification_enqueue(  153): [com.android.systemui,17302210,Notification(vibrate=null,sound=null,defaults=0x0,flags=0x2)]
I/notification_cancel(  153): [android,17040208,0]
I/notification_cancel(  153): [com.android.systemui,17302210,0]
I/notification_enqueue(  153): [android,17040208,Notification(vibrate=null,sound=null,defaults=0x0,flags=0x2)]
I/notification_enqueue(  153): [com.android.systemui,17302210,Notification(vibrate=null,sound=null,defaults=0x0,flags=0x2)]
I/notification_cancel(  153): [android,17040208,0]
I/notification_cancel(  153): [com.android.systemui,17302210,0]
I/notification_enqueue(  153): [android,17040208,Notification(vibrate=null,sound=null,defaults=0x0,flags=0x2)]
I/notification_enqueue(  153): [com.android.systemui,17302210,Notification(vibrate=null,sound=null,defaults=0x0,flags=0x2)]
I/dvm_gc_info(  224): [8320808730291721840,-8924579647294969810,-4002990848025602009,7911198]
I/notification_cancel(  153): [android,17040208,0]
I/notification_cancel(  153): [com.android.systemui,17302210,0]
I/notification_enqueue(  153): [android,17040208,Notification(vibrate=null,sound=null,defaults=0x0,flags=0x2)]
I/notification_enqueue(  153): [com.android.systemui,17302210,Notification(vibrate=null,sound=null,defaults=0x0,flags=0x2)]
I/notification_cancel(  153): [android,17040208,0]
I/notification_cancel(  153): [com.android.systemui,17302210,0]
I/notification_enqueue(  153): [android,17040208,Notification(vibrate=null,sound=null,defaults=0x0,flags=0x2)]
I/notification_enqueue(  153): [com.android.systemui,17302210,Notification(vibrate=null,sound=null,defaults=0x0,flags=0x2)]
I/dvm_gc_madvise_info(  153): [1376256,1064960]
I/notification_cancel(  153): [com.android.systemui,17302210,0]
I/notification_cancel(  153): [android,17040208,0]
I/dvm_gc_madvise_info(  224): [1089536,1064960]
I/notification_enqueue(  153): [com.android.systemui,17302210,Notification(vibrate=null,sound=null,defaults=0x0,flags=0x2)]
I/notification_enqueue(  153): [android,17040208,Notification(vibrate=null,sound=null,defaults=0x0,flags=0x2)]
I/notification_cancel(  153): [android,17040208,0]
I/notification_cancel(  153): [com.android.systemui,17302210,0]
I/notification_enqueue(  153): [android,17040208,Notification(vibrate=null,sound=null,defaults=0x0,flags=0x2)]
I/notification_enqueue(  153): [com.android.systemui,17302210,Notification(vibrate=null,sound=null,defaults=0x0,flags=0x2)]
I/notification_cancel(  153): [com.android.systemui,17302210,0]
I/notification_cancel(  153): [android,17040208,0]
I/notification_enqueue(  153): [com.android.systemui,17302210,Notification(vibrate=null,sound=null,defaults=0x0,flags=0x2)]
I/notification_enqueue(  153): [android,17040208,Notification(vibrate=null,sound=null,defaults=0x0,flags=0x2)]
I/notification_cancel(  153): [com.android.systemui,17302210,0]
I/notification_cancel(  153): [android,17040208,0]
I/notification_enqueue(  153): [com.android.systemui,17302210,Notification(vibrate=null,sound=null,defaults=0x0,flags=0x2)]
I/notification_enqueue(  153): [android,17040208,Notification(vibrate=null,sound=null,defaults=0x0,flags=0x2)]
I/notification_cancel(  153): [com.android.systemui,17302210,0]
I/notification_cancel(  153): [android,17040208,0]
I/binder_sample(  224): [android.view.IWindowSession,4,10,com.android.systemui,2]
I/notification_enqueue(  153): [com.android.systemui,17302210,Notification(vibrate=null,sound=null,defaults=0x0,flags=0x2)]
I/notification_enqueue(  153): [android,17040208,Notification(vibrate=null,sound=null,defaults=0x0,flags=0x2)]
I/notification_cancel(  153): [android,17040208,0]
I/notification_cancel(  153): [com.android.systemui,17302210,0]
I/notification_enqueue(  153): [com.android.systemui,17302210,Notification(vibrate=null,sound=null,defaults=0x0,flags=0x2)]
I/notification_enqueue(  153): [android,17040208,Notification(vibrate=null,sound=null,defaults=0x0,flags=0x2)]
I/dvm_gc_info(  224): [8320808730291672693,-8924016697341564882,-4002990848025602009,7911208]
I/notification_cancel(  153): [android,17040208,0]
I/notification_cancel(  153): [com.android.systemui,17302210,0]
I/binder_sample(  224): [android.view.IWindowSession,4,5,com.android.systemui,1]
I/notification_enqueue(  153): [android,17040208,Notification(vibrate=null,sound=null,defaults=0x0,flags=0x2)]
I/notification_enqueue(  153): [com.android.systemui,17302210,Notification(vibrate=null,sound=null,defaults=0x0,flags=0x2)]
I/notification_cancel(  153): [com.android.systemui,17302210,0]
I/notification_cancel(  153): [android,17040208,0]
I/binder_sample(  224): [android.view.IWindowSession,4,11,com.android.systemui,2]
I/notification_enqueue(  153): [com.android.systemui,17302210,Notification(vibrate=null,sound=null,defaults=0x0,flags=0x2)]
I/notification_enqueue(  153): [android,17040208,Notification(vibrate=null,sound=null,defaults=0x0,flags=0x2)]
I/dvm_gc_madvise_info(  224): [1105920,1064960]
I/notification_cancel(  153): [com.android.systemui,17302210,0]
I/notification_cancel(  153): [android,17040208,0]
I/notification_enqueue(  153): [com.android.systemui,17302210,Notification(vibrate=null,sound=null,defaults=0x0,flags=0x2)]
I/notification_enqueue(  153): [android,17040208,Notification(vibrate=null,sound=null,defaults=0x0,flags=0x2)]
I/battery_level(  153): [93,4026,251]
I/notification_cancel(  153): [com.android.systemui,17302210,0]
I/notification_cancel(  153): [android,17040208,0]
I/notification_enqueue(  153): [com.android.systemui,17302210,Notification(vibrate=null,sound=null,defaults=0x0,flags=0x2)]
I/notification_enqueue(  153): [android,17040208,Notification(vibrate=null,sound=null,defaults=0x0,flags=0x2)]
I/binder_sample(  224): [android.content.pm.IPackageManager,10,16,com.android.systemui,3]
I/notification_cancel(  153): [com.android.systemui,17302210,0]
I/notification_cancel(  153): [android,17040208,0]
I/notification_enqueue(  153): [com.android.systemui,17302210,Notification(vibrate=null,sound=null,defaults=0x0,flags=0x2)]
I/notification_enqueue(  153): [android,17040208,Notification(vibrate=null,sound=null,defaults=0x0,flags=0x2)]
I/notification_cancel(  153): [android,17040208,0]
I/notification_cancel(  153): [com.android.systemui,17302210,0]
I/force_gc(  669): bg
I/dvm_gc_info(  669): [7737593596606539662,-8903453077229278994,-3912074430548060121,8964222]
I/notification_enqueue(  153): [com.android.systemui,17302210,Notification(vibrate=null,sound=null,defaults=0x0,flags=0x2)]
I/notification_enqueue(  153): [android,17040208,Notification(vibrate=null,sound=null,defaults=0x0,flags=0x2)]
I/dvm_gc_madvise_info(  669): [1384448,1064960]
I/notification_cancel(  153): [com.android.systemui,17302210,0]
I/notification_cancel(  153): [android,17040208,0]
I/notification_enqueue(  153): [com.android.systemui,17302210,Notification(vibrate=null,sound=null,defaults=0x0,flags=0x2)]
I/notification_enqueue(  153): [android,17040208,Notification(vibrate=null,sound=null,defaults=0x0,flags=0x2)]
I/dvm_gc_info(  224): [8320808730291689063,-8925424072225105874,-4002990848025602009,7911196]
I/notification_cancel(  153): [android,17040208,0]
I/notification_cancel(  153): [com.android.systemui,17302210,0]
I/notification_enqueue(  153): [android,17040208,Notification(vibrate=null,sound=null,defaults=0x0,flags=0x2)]
I/notification_enqueue(  153): [com.android.systemui,17302210,Notification(vibrate=null,sound=null,defaults=0x0,flags=0x2)]
I/notification_cancel(  153): [android,17040208,0]
I/notification_cancel(  153): [com.android.systemui,17302210,0]
I/notification_enqueue(  153): [com.android.systemui,17302210,Notification(vibrate=null,sound=null,defaults=0x0,flags=0x2)]
I/notification_enqueue(  153): [android,17040208,Notification(vibrate=null,sound=null,defaults=0x0,flags=0x2)]
I/notification_cancel(  153): [com.android.systemui,17302210,0]
I/notification_cancel(  153): [android,17040208,0]
I/notification_enqueue(  153): [android,17040208,Notification(vibrate=null,sound=null,defaults=0x0,flags=0x2)]
I/notification_enqueue(  153): [com.android.systemui,17302210,Notification(vibrate=null,sound=null,defaults=0x0,flags=0x2)]
I/notification_cancel(  153): [android,17040208,0]
I/notification_cancel(  153): [com.android.systemui,17302210,0]
I/dvm_gc_info(  153): [8320808730291681166,-8897271556806465437,-3974843350354536409,8632367]
I/dvm_gc_madvise_info(  224): [1130496,1064960]
I/dvm_gc_madvise_info(  153): [1380352,1064960]
I/battery_level(  153): [93,4030,251]
I/notification_enqueue(  153): [com.android.systemui,17302210,Notification(vibrate=null,sound=null,defaults=0x0,flags=0x2)]
I/notification_enqueue(  153): [android,17040208,Notification(vibrate=null,sound=null,defaults=0x0,flags=0x2)]
I/notification_cancel(  153): [com.android.systemui,17302210,0]
I/notification_cancel(  153): [android,17040208,0]
I/notification_enqueue(  153): [com.android.systemui,17302210,Notification(vibrate=null,sound=null,defaults=0x0,flags=0x2)]
I/notification_enqueue(  153): [android,17040208,Notification(vibrate=null,sound=null,defaults=0x0,flags=0x2)]
I/notification_cancel(  153): [com.android.systemui,17302210,0]
I/notification_cancel(  153): [android,17040208,0]
I/notification_enqueue(  153): [com.android.systemui,17302210,Notification(vibrate=null,sound=null,defaults=0x0,flags=0x2)]
I/notification_enqueue(  153): [android,17040208,Notification(vibrate=null,sound=null,defaults=0x0,flags=0x2)]
I/notification_cancel(  153): [android,17040208,0]
I/notification_cancel(  153): [com.android.systemui,17302210,0]
I/notification_enqueue(  153): [android,17040208,Notification(vibrate=null,sound=null,defaults=0x0,flags=0x2)]
I/notification_enqueue(  153): [com.android.systemui,17302210,Notification(vibrate=null,sound=null,defaults=0x0,flags=0x2)]
I/notification_cancel(  153): [android,17040208,0]
I/notification_cancel(  153): [com.android.systemui,17302210,0]
I/notification_enqueue(  153): [com.android.systemui,17302210,Notification(vibrate=null,sound=null,defaults=0x0,flags=0x2)]
I/notification_enqueue(  153): [android,17040208,Notification(vibrate=null,sound=null,defaults=0x0,flags=0x2)]
I/dvm_gc_info(  224): [8320808730291684973,-8924861122271684562,-4002990848025602009,7911196]
I/notification_cancel(  153): [com.android.systemui,17302210,0]
I/notification_cancel(  153): [android,17040208,0]
I/notification_enqueue(  153): [android,17040208,Notification(vibrate=null,sound=null,defaults=0x0,flags=0x2)]
I/notification_enqueue(  153): [com.android.systemui,17302210,Notification(vibrate=null,sound=null,defaults=0x0,flags=0x2)]
I/notification_cancel(  153): [com.android.systemui,17302210,0]
I/notification_cancel(  153): [android,17040208,0]
I/notification_enqueue(  153): [android,17040208,Notification(vibrate=null,sound=null,defaults=0x0,flags=0x2)]
I/notification_enqueue(  153): [com.android.systemui,17302210,Notification(vibrate=null,sound=null,defaults=0x0,flags=0x2)]
I/dvm_gc_madvise_info(  224): [1142784,1064960]
I/notification_cancel(  153): [com.android.systemui,17302210,0]
I/notification_cancel(  153): [android,17040208,0]
I/notification_enqueue(  153): [com.android.systemui,17302210,Notification(vibrate=null,sound=null,defaults=0x0,flags=0x2)]
I/notification_enqueue(  153): [android,17040208,Notification(vibrate=null,sound=null,defaults=0x0,flags=0x2)]
I/notification_cancel(  153): [com.android.systemui,17302210,0]
I/notification_cancel(  153): [android,17040208,0]
I/notification_enqueue(  153): [android,17040208,Notification(vibrate=null,sound=null,defaults=0x0,flags=0x2)]
I/notification_enqueue(  153): [com.android.systemui,17302210,Notification(vibrate=null,sound=null,defaults=0x0,flags=0x2)]
I/notification_cancel(  153): [com.android.systemui,17302210,0]
I/notification_cancel(  153): [android,17040208,0]
I/notification_enqueue(  153): [com.android.systemui,17302210,Notification(vibrate=null,sound=null,defaults=0x0,flags=0x2)]
I/notification_enqueue(  153): [android,17040208,Notification(vibrate=null,sound=null,defaults=0x0,flags=0x2)]
I/notification_cancel(  153): [android,17040208,0]
I/notification_cancel(  153): [com.android.systemui,17302210,0]
I/battery_level(  153): [93,4026,253]
I/notification_enqueue(  153): [com.android.systemui,17302210,Notification(vibrate=null,sound=null,defaults=0x0,flags=0x2)]
I/notification_enqueue(  153): [android,17040208,Notification(vibrate=null,sound=null,defaults=0x0,flags=0x2)]
I/notification_cancel(  153): [android,17040208,0]
I/notification_cancel(  153): [com.android.systemui,17302210,0]
I/notification_enqueue(  153): [android,17040208,Notification(vibrate=null,sound=null,defaults=0x0,flags=0x2)]
I/notification_enqueue(  153): [com.android.systemui,17302210,Notification(vibrate=null,sound=null,defaults=0x0,flags=0x2)]
I/dvm_gc_info(  224): [8320808730291693160,-8924861122271684562,-4002990848025602009,7911196]
I/notification_cancel(  153): [android,17040208,0]
I/notification_cancel(  153): [com.android.systemui,17302210,0]
I/binder_sample(  224): [android.view.IWindowSession,4,12,com.android.systemui,2]
I/notification_enqueue(  153): [android,17040208,Notification(vibrate=null,sound=null,defaults=0x0,flags=0x2)]
I/notification_enqueue(  153): [com.android.systemui,17302210,Notification(vibrate=null,sound=null,defaults=0x0,flags=0x2)]
I/binder_sample(  224): [android.content.pm.IPackageManager,10,5,com.android.systemui,1]
I/binder_sample(  224): [android.view.IWindowSession,4,6,com.android.systemui,1]
I/notification_cancel(  153): [android,17040208,0]
I/notification_cancel(  153): [com.android.systemui,17302210,0]
I/notification_enqueue(  153): [com.android.systemui,17302210,Notification(vibrate=null,sound=null,defaults=0x0,flags=0x2)]
I/notification_enqueue(  153): [android,17040208,Notification(vibrate=null,sound=null,defaults=0x0,flags=0x2)]
I/notification_cancel(  153): [android,17040208,0]
I/notification_cancel(  153): [com.android.systemui,17302210,0]
I/notification_enqueue(  153): [android,17040208,Notification(vibrate=null,sound=null,defaults=0x0,flags=0x2)]
I/notification_enqueue(  153): [com.android.systemui,17302210,Notification(vibrate=null,sound=null,defaults=0x0,flags=0x2)]
I/dvm_gc_madvise_info(  224): [1150976,1064960]
I/notification_cancel(  153): [com.android.systemui,17302210,0]
I/notification_cancel(  153): [android,17040208,0]
I/notification_enqueue(  153): [com.android.systemui,17302210,Notification(vibrate=null,sound=null,defaults=0x0,flags=0x2)]
I/notification_enqueue(  153): [android,17040208,Notification(vibrate=null,sound=null,defaults=0x0,flags=0x2)]
I/notification_cancel(  153): [android,17040208,0]
I/notification_cancel(  153): [com.android.systemui,17302210,0]
I/notification_enqueue(  153): [android,17040208,Notification(vibrate=null,sound=null,defaults=0x0,flags=0x2)]
I/notification_enqueue(  153): [com.android.systemui,17302210,Notification(vibrate=null,sound=null,defaults=0x0,flags=0x2)]
I/notification_cancel(  153): [com.android.systemui,17302210,0]
