I/binder_sample(  224): [android.app.IActivityManager,16,7,com.android.systemui,1]
I/binder_sample(  224): [android.app.IActivityManager,16,8,com.android.systemui,1]
I/am_create_service(  153): [1084415472,com.facebook.katana/.service.FacebookService,act=com.facebook.katana.service.1079,669]
I/am_destroy_service(  153): [1084415472,com.facebook.katana/.service.FacebookService,669]
I/db_sample(  669): [/data/data/com.facebook.katana/databases/prefs_db,SELECT key, type, value FROM preferences WHERE (key IN ("/jewels,0,,1]
I/force_gc(  669): bg
I/dvm_gc_info(  669): [7737593596606179013,-8918934200948365074,-3911792955571349465,8964222]
I/dvm_gc_madvise_info(  669): [1384448,1064960]
I/am_create_service(  153): [1084225576,com.facebook.katana/com.facebook.orca.server.MessagesService,,669]
I/dvm_gc_info(  669): [7737593596605470682,-8894727352951248655,-3911230005617928153,8964222]
I/db_sample(  669): [/data/data/com.facebook.katana/databases/prefs_db,BEGIN EXCLUSIVE;,1,,1]
I/notification_cancel(  153): [com.facebook.katana,10001,0]
I/notification_cancel(  153): [com.facebook.katana,10002,0]
I/am_destroy_service(  153): [1084225576,com.facebook.katana/com.facebook.orca.server.MessagesService,669]
I/notification_cancel(  153): [com.facebook.katana,10004,0]
I/db_sample(  669): [/data/data/com.facebook.katana/databases/prefs_db,DELETE FROM preferences WHERE key=?,0,,1]
I/dvm_gc_madvise_info(  669): [1249280,1064960]
I/battery_level(  153): [100,4167,285]
I/battery_status(  153): [5,2,1,2,Li-ion]
I/am_create_service(  153): [1084139152,com.facebook.katana/com.facebook.orca.server.MessagesService,,669]
I/dvm_gc_info(  669): [7737593596605474807,-8893601453044401935,-3911230005617928153,8964222]
I/dvm_gc_info(  669): [7737593596605483006,-8894164402997823247,-3910948530641217497,8964222]
I/notification_cancel(  153): [com.facebook.katana,10001,0]
I/notification_cancel(  153): [com.facebook.katana,10002,0]
I/notification_cancel(  153): [com.facebook.katana,10004,0]
I/am_destroy_service(  153): [1084139152,com.facebook.katana/com.facebook.orca.server.MessagesService,669]
I/dvm_gc_madvise_info(  669): [1314816,1064960]
I/force_gc(  669): bg
I/dvm_gc_info(  669): [7737593596606232334,-8913023226437441298,-3912074430548060121,8964222]
I/dvm_gc_madvise_info(  669): [1372160,1064960]
I/am_create_service(  153): [1082796504,com.facebook.katana/com.facebook.orca.server.MessagesService,,669]
I/db_sample(  669): [/data/data/com.facebook.katana/databases/threads_db2,SELECT value FROM properties WHERE key=?,1,,1]
I/dvm_gc_info(  669): [7737593596605474770,-8894727352951248656,-3911230005617928153,8964222]
I/db_sample(  669): [/data/data/com.facebook.katana/databases/threads_db2,GETLOCK:SELECT value FROM properties WHERE key=?,1,,1]
I/notification_cancel(  153): [com.facebook.katana,10001,0]
I/notification_cancel(  153): [com.facebook.katana,10002,0]
I/notification_cancel(  153): [com.facebook.katana,10004,0]
I/am_destroy_service(  153): [1082796504,com.facebook.katana/com.facebook.orca.server.MessagesService,669]
I/dvm_gc_madvise_info(  669): [1249280,1064960]
I/force_gc(  669): bg
I/dvm_gc_info(  669): [7737593596606236555,-8904016027182700306,-3911792955571349465,8964222]
I/dvm_gc_madvise_info(  669): [1376256,1064960]
I/free_storage_left(  153): [41082880,17403904,61997056]
I/force_gc( 4367): bg
I/dvm_gc_info( 4367): [3345437233800012264,-9220127272960305084,-4001583473142048729,0]
I/dvm_gc_madvise_info( 4367): [1228800,1064960]
I/notification_cancel(  153): [android,17040208,0]
I/am_finish_activity(  153): [1083559184,109,com.android.systemui/.usb.UsbStorageActivity,app-request]
I/am_pause_activity(  153): [1083559184,com.android.systemui/.usb.UsbStorageActivity]
I/am_on_paused_called(  224): com.android.systemui.usb.UsbStorageActivity
I/am_resume_activity(  153): [1082176824,12,com.android.settings/.DevelopmentSettings]
I/notification_cancel(  153): [com.android.systemui,17302210,0]
I/am_on_resume_called( 4270): com.android.settings.DevelopmentSettings
I/binder_sample( 4270): [android.view.IWindowSession,8,48,com.android.settings,9]
I/am_destroy_activity(  153): [1083559184,109,com.android.systemui/.usb.UsbStorageActivity]
I/battery_level(  153): [100,4153,287]
I/notification_enqueue(  153): [com.android.systemui,17302210,Notification(vibrate=null,sound=null,defaults=0x0,flags=0x2)]
I/am_create_task(  153): 110
I/am_create_activity(  153): [1083151144,110,com.android.systemui/.usb.UsbStorageActivity,NULL,NULL,NULL,276824064]
I/am_pause_activity(  153): [1082176824,com.android.settings/.DevelopmentSettings]
I/am_on_paused_called( 4270): com.android.settings.DevelopmentSettings
I/am_restart_activity(  153): [1083151144,110,com.android.systemui/.usb.UsbStorageActivity]
I/notification_enqueue(  153): [android,17040208,Notification(vibrate=null,sound=null,defaults=0x0,flags=0x2)]
I/dvm_gc_info(  224): [8320808730291676804,-8922327709941626831,-3998487248398231513,8525740]
I/am_on_resume_called(  224): com.android.systemui.usb.UsbStorageActivity
I/activity_launch_time(  153): [1083151144,com.android.systemui/.usb.UsbStorageActivity,302,302]
I/dvm_gc_madvise_info(  224): [1130496,1064960]
I/force_gc( 4270): bg
I/dvm_gc_info( 4270): [8315180330336363391,-9177061464118220748,-3986102349422962649,8661049]
I/dvm_gc_madvise_info( 4270): [2084864,1064960]
I/am_create_service(  153): [1083356184,com.facebook.katana/com.facebook.orca.server.MessagesService,,669]
I/dvm_gc_info(  669): [7737593596605466591,-8893882928021116688,-3911230005617928153,8964222]
I/notification_cancel(  153): [com.facebook.katana,10001,0]
I/notification_cancel(  153): [com.facebook.katana,10002,0]
I/am_destroy_service(  153): [1083356184,com.facebook.katana/com.facebook.orca.server.MessagesService,669]
I/notification_cancel(  153): [com.facebook.katana,10004,0]
I/dvm_gc_madvise_info(  669): [1249280,1064960]
I/force_gc(  669): bg
I/dvm_gc_info(  669): [7737593596606195594,-8904016027182700306,-3911792955571349465,8964222]
I/dvm_gc_madvise_info(  669): [1376256,1064960]
I/binder_sample(  224): [android.app.IActivityManager,16,6,com.android.systemui,1]
I/db_sample(  669): [/data/data/com.facebook.katana/databases/threads_db2,SELECT thread_id FROM messages WHERE action_id IN (1323775490813,3,,1]
I/am_create_service(  153): [1084261336,com.facebook.katana/com.facebook.orca.server.MessagesService,,669]
I/dvm_gc_info(  669): [7737593596605470685,-8893882928021116688,-3911230005617928153,8964222]
I/notification_cancel(  153): [com.facebook.katana,10001,0]
I/notification_cancel(  153): [com.facebook.katana,10002,0]
I/am_destroy_service(  153): [1084261336,com.facebook.katana/com.facebook.orca.server.MessagesService,669]
I/notification_cancel(  153): [com.facebook.katana,10004,0]
I/dvm_gc_madvise_info(  669): [1253376,1064960]
I/force_gc(  669): bg
I/dvm_gc_info(  669): [7737593596606195594,-8904016027182700306,-3911792955571349465,8964222]
I/dvm_gc_madvise_info(  669): [1376256,1064960]
I/db_sample(  669): [/data/data/com.facebook.katana/databases/threads_db2,SELECT value FROM properties WHERE key=?,1,,1]
I/am_create_service(  153): [1083109992,com.facebook.katana/com.facebook.orca.server.MessagesService,,669]
I/dvm_gc_info(  669): [7737593596605474781,-8893882928021116688,-3911230005617928153,8964222]
I/notification_cancel(  153): [com.facebook.katana,10001,0]
I/notification_cancel(  153): [com.facebook.katana,10002,0]
I/notification_cancel(  153): [com.facebook.katana,10004,0]
I/am_destroy_service(  153): [1083109992,com.facebook.katana/com.facebook.orca.server.MessagesService,669]
I/dvm_gc_madvise_info(  669): [1249280,1064960]
I/force_gc(  669): bg
I/dvm_gc_info(  669): [7737593596606183306,-8904016027182700306,-3911792955571349465,8964222]
I/dvm_gc_madvise_info(  669): [1376256,1064960]
I/force_gc( 8703): bg
I/dvm_gc_info( 8703): [8604234240865166621,-9048709562134214602,-4006087072769419225,0]
I/dvm_gc_madvise_info( 8703): [1208320,1064960]
I/force_gc( 4367): bg
I/dvm_gc_info( 4367): [3345437233799996038,-9209712698822010812,-4001583473142048729,0]
I/dvm_gc_madvise_info( 4367): [1228800,1064960]
I/am_create_service(  153): [1084520768,com.google.android.gsf/.checkin.EventLogService,,307]
I/aggregation(  307): 1383560239174
I/am_destroy_service(  153): [1084520768,com.google.android.gsf/.checkin.EventLogService,307]
I/dvm_gc_info(  153): [8320808730291709807,-8897553031783188382,-3976813675191511001,8607786]
I/dvm_gc_madvise_info(  153): [1495040,1064960]
I/db_sample(  669): [/data/data/com.facebook.katana/databases/threads_db2,SELECT thread_id, action_id, last_visible_action_id FROM threads,3,,1]
I/am_create_service(  153): [1084521128,com.facebook.katana/com.facebook.orca.server.MessagesService,,669]
I/dvm_gc_info(  669): [7737593596605470676,-8894727352951248655,-3910948530641217497,8964222]
I/notification_cancel(  153): [com.facebook.katana,10001,0]
I/notification_cancel(  153): [com.facebook.katana,10002,0]
I/notification_cancel(  153): [com.facebook.katana,10004,0]
I/am_destroy_service(  153): [1084521128,com.facebook.katana/com.facebook.orca.server.MessagesService,669]
I/db_sample(  669): [/data/data/com.facebook.katana/databases/prefs_db,INSERT OR REPLACE  INTO preferences(value, type, key) VALUES(?, ,15,,4]
I/dvm_gc_madvise_info(  669): [1249280,1064960]
I/force_gc(  669): bg
I/dvm_gc_info(  669): [7737593596606175115,-8903734552205989649,-3911511480594638809,8964222]
I/dvm_gc_madvise_info(  669): [1376256,1064960]
I/am_create_service(  153): [1084272904,com.facebook.katana/com.facebook.orca.server.MessagesService,,669]
I/dvm_gc_info(  669): [7737593596605470686,-8893882928021116687,-3910948530641217497,8964222]
I/notification_cancel(  153): [com.facebook.katana,10001,0]
I/notification_cancel(  153): [com.facebook.katana,10002,0]
I/notification_cancel(  153): [com.facebook.katana,10004,0]
I/am_destroy_service(  153): [1084272904,com.facebook.katana/com.facebook.orca.server.MessagesService,669]
I/dvm_gc_madvise_info(  669): [1249280,1064960]
I/force_gc(  669): bg
I/dvm_gc_info(  669): [7737593596606211978,-8904016027182700305,-3911511480594638809,8964222]
I/dvm_gc_madvise_info(  669): [1376256,1064960]
I/am_finish_activity(  153): [1083151144,110,com.android.systemui/.usb.UsbStorageActivity,app-request]
I/notification_cancel(  153): [android,17040208,0]
I/am_pause_activity(  153): [1083151144,com.android.systemui/.usb.UsbStorageActivity]
I/notification_cancel(  153): [com.android.systemui,17302210,0]
I/am_on_paused_called(  224): com.android.systemui.usb.UsbStorageActivity
I/am_resume_activity(  153): [1082176824,12,com.android.settings/.DevelopmentSettings]
I/am_on_resume_called( 4270): com.android.settings.DevelopmentSettings
I/am_destroy_activity(  153): [1083151144,110,com.android.systemui/.usb.UsbStorageActivity]
I/battery_level(  153): [100,4153,291]
I/binder_sample(  224): [android.view.IWindowSession,4,36,com.android.systemui,7]
I/notification_enqueue(  153): [com.android.systemui,17302210,Notification(vibrate=null,sound=null,defaults=0x0,flags=0x2)]
I/am_create_task(  153): 111
I/am_create_activity(  153): [1081621712,111,com.android.systemui/.usb.UsbStorageActivity,NULL,NULL,NULL,276824064]
I/am_pause_activity(  153): [1082176824,com.android.settings/.DevelopmentSettings]
I/am_on_paused_called( 4270): com.android.settings.DevelopmentSettings
I/am_restart_activity(  153): [1081621712,111,com.android.systemui/.usb.UsbStorageActivity]
I/notification_enqueue(  153): [android,17040208,Notification(vibrate=null,sound=null,defaults=0x0,flags=0x2)]
I/am_on_resume_called(  224): com.android.systemui.usb.UsbStorageActivity
I/binder_sample( 4270): [android.view.IWindowSession,4,65,com.android.settings,13]
I/activity_launch_time(  153): [1081621712,com.android.systemui/.usb.UsbStorageActivity,216,216]
I/force_gc( 4270): bg
I/dvm_gc_info( 4270): [8315180330336375644,-9180439163838748620,-3986102349422962649,8661049]
I/dvm_gc_madvise_info( 4270): [2084864,1064960]
I/am_create_service(  153): [1083649872,com.facebook.katana/com.facebook.orca.server.MessagesService,,669]
I/dvm_gc_info(  669): [7737593596605474783,-8893882928021116687,-3910948530641217497,8964222]
I/notification_cancel(  153): [com.facebook.katana,10001,0]
I/notification_cancel(  153): [com.facebook.katana,10002,0]
I/notification_cancel(  153): [com.facebook.katana,10004,0]
I/am_destroy_service(  153): [1083649872,com.facebook.katana/com.facebook.orca.server.MessagesService,669]
I/dvm_gc_madvise_info(  669): [1249280,1064960]
I/force_gc(  669): bg
I/dvm_gc_info(  669): [7737593596606224266,-8904016027182700305,-3911511480594638809,8964222]
I/dvm_gc_madvise_info(  669): [1376256,1064960]
I/force_gc( 4367): bg
I/dvm_gc_info( 4367): [3345437233800008326,-9209712698822010812,-4001583473142048729,0]
I/dvm_gc_madvise_info( 4367): [1228800,1064960]
I/db_sample( 8529): [/data/data/es.booooo.sms/databases/webviewCache.db,BEGIN EXCLUSIVE;,1,,1]
I/am_create_service(  153): [1083198016,com.facebook.katana/.server.Fb4aService,,669]
I/db_sample(  669): [/data/data/com.facebook.katana/databases/qe_db,INSERT OR REPLACE  INTO experiments(groupName, loggingEnabled, c,6,,2]
I/am_destroy_service(  153): [1083198016,com.facebook.katana/.server.Fb4aService,669]
I/am_create_service(  153): [1083190168,com.facebook.katana/.service.FacebookService,,669]
I/am_create_service(  153): [1083655184,com.facebook.katana/com.facebook.orca.server.MessagesService,,669]
I/dvm_gc_info(  669): [7737593596605523931,-8895853252858087183,-3910948530641217497,8964222]
I/am_destroy_service(  153): [1083655184,com.facebook.katana/com.facebook.orca.server.MessagesService,669]
I/db_sample(  669): [/data/data/com.facebook.katana/databases/prefs_db,COMMIT;INSERT OR REPLACE  INTO preferences(value, type, key) VAL,23,,5]
I/am_create_service(  153): [1082464256,com.facebook.katana/com.facebook.orca.server.MessagesService,,669]
I/dvm_gc_info(  669): [7737593596605482958,-8900638327462168332,-3910104105711085529,8964222]
I/db_sample(  669): [/data/data/com.facebook.katana/databases/fb.db,SELECT _id FROM cache WHERE (name='Gatekeeper:new_android_ci_ski,1,,1]
I/db_sample(  669): [/data/data/com.facebook.katana/databases/fb.db,UPDATE cache SET timestamp=?, value=? WHERE name='Gatekeeper:and,7,,2]
I/db_sample(  669): [/data/data/com.facebook.katana/databases/fb.db,SELECT _id FROM cache WHERE (name='Gatekeeper:new_android_ci_ena,1,,1]
I/dvm_gc_info(  669): [7737593596605478946,-8889097853417031438,-3910948530641217497,8964222]
I/content_update_sample(  669): [content://com.facebook.katana.provider.CacheProvider/cache/name/Gatekeeper%3Afbandroid_ssl_cache_enabled,update,,105,,22]
I/db_sample(  669): [/data/data/com.facebook.katana/databases/fb.db,UPDATE cache SET timestamp=?, value=? WHERE name='Gatekeeper:and,7,,2]
I/notification_cancel(  153): [com.facebook.katana,10001,0]
I/notification_cancel(  153): [com.facebook.katana,10002,0]
I/notification_cancel(  153): [com.facebook.katana,10004,0]
I/am_destroy_service(  153): [1082464256,com.facebook.katana/com.facebook.orca.server.MessagesService,669]
I/am_destroy_service(  153): [1083190168,com.facebook.katana/.service.FacebookService,669]
I/db_sample(  669): [/data/data/com.facebook.katana/databases/fb.db,UPDATE cache SET timestamp=?, value=? WHERE name='Gatekeeper:tag,10,,3]
I/db_sample(  669): [/data/data/com.facebook.katana/databases/fb.db,UPDATE cache SET timestamp=?, value=? WHERE name='Gatekeeper:new,11,,3]
I/force_gc(  153): Binder
I/dvm_gc_info(  153): [8320808730292033312,-8904589906200983455,-3977095150168221657,8607786]
I/content_update_sample(  669): [content://com.facebook.katana.provider.CacheProvider/cache/name/Gatekeeper%3Anew_android_ci_enabled,update,,11,,3]
I/dvm_gc_madvise_info(  669): [1236992,1064960]
I/force_gc(  669): bg
I/dvm_gc_info(  669): [7737593596606207966,-8896979152764933904,-3911511480594638809,8964222]
I/dvm_gc_madvise_info(  153): [1499136,1064960]
I/dvm_gc_madvise_info(  669): [1368064,1064960]
I/notification_cancel(  153): [android,17040208,0]
I/am_finish_activity(  153): [1081621712,111,com.android.systemui/.usb.UsbStorageActivity,app-request]
I/am_pause_activity(  153): [1081621712,com.android.systemui/.usb.UsbStorageActivity]
I/am_on_paused_called(  224): com.android.systemui.usb.UsbStorageActivity
I/am_resume_activity(  153): [1082176824,12,com.android.settings/.DevelopmentSettings]
I/notification_cancel(  153): [com.android.systemui,17302210,0]
I/am_on_resume_called( 4270): com.android.settings.DevelopmentSettings
I/am_destroy_activity(  153): [1081621712,111,com.android.systemui/.usb.UsbStorageActivity]
I/battery_level(  153): [100,4153,292]
I/notification_enqueue(  153): [android,17040208,Notification(vibrate=null,sound=null,defaults=0x0,flags=0x2)]
I/notification_enqueue(  153): [com.android.systemui,17302210,Notification(vibrate=null,sound=null,defaults=0x0,flags=0x2)]
I/am_create_task(  153): 112
I/am_create_activity(  153): [1081825216,112,com.android.systemui/.usb.UsbStorageActivity,NULL,NULL,NULL,276824064]
I/am_pause_activity(  153): [1082176824,com.android.settings/.DevelopmentSettings]
I/am_on_paused_called( 4270): com.android.settings.DevelopmentSettings
I/am_restart_activity(  153): [1081825216,112,com.android.systemui/.usb.UsbStorageActivity]
I/am_on_resume_called(  224): com.android.systemui.usb.UsbStorageActivity
I/activity_launch_time(  153): [1081825216,com.android.systemui/.usb.UsbStorageActivity,176,176]
I/force_gc( 4270): bg
I/dvm_gc_info( 4270): [8315180330336420701,-9180157688862037964,-3986102349422962649,8661049]
I/dvm_gc_madvise_info( 4270): [2084864,1064960]
I/am_finish_activity(  153): [1081825216,112,com.android.systemui/.usb.UsbStorageActivity,app-request]
I/am_pause_activity(  153): [1081825216,com.android.systemui/.usb.UsbStorageActivity]
I/notification_cancel(  153): [android,17040208,0]
I/am_on_paused_called(  224): com.android.systemui.usb.UsbStorageActivity
I/am_resume_activity(  153): [1082176824,12,com.android.settings/.DevelopmentSettings]
I/notification_cancel(  153): [com.android.systemui,17302210,0]
I/am_on_resume_called( 4270): com.android.settings.DevelopmentSettings
I/notification_enqueue(  153): [android,17040208,Notification(vibrate=null,sound=null,defaults=0x0,flags=0x2)]
I/notification_enqueue(  153): [com.android.systemui,17302210,Notification(vibrate=null,sound=null,defaults=0x0,flags=0x2)]
I/am_create_task(  153): 113
I/am_create_activity(  153): [1082111344,113,com.android.systemui/.usb.UsbStorageActivity,NULL,NULL,NULL,276824064]
I/am_pause_activity(  153): [1082176824,com.android.settings/.DevelopmentSettings]
I/am_on_paused_called( 4270): com.android.settings.DevelopmentSettings
I/am_restart_activity(  153): [1082111344,113,com.android.systemui/.usb.UsbStorageActivity]
I/dvm_gc_info(  224): [8320808730291693197,-8921201603825981389,-3997361348491388889,8525753]
I/am_on_resume_called(  224): com.android.systemui.usb.UsbStorageActivity
I/activity_launch_time(  153): [1082111344,com.android.systemui/.usb.UsbStorageActivity,304,304]
I/am_destroy_activity(  153): [1081825216,112,com.android.systemui/.usb.UsbStorageActivity]
I/dvm_gc_madvise_info(  224): [1138688,1064960]
I/notification_cancel(  153): [android,17040208,0]
I/am_finish_activity(  153): [1082111344,113,com.android.systemui/.usb.UsbStorageActivity,app-request]
I/am_pause_activity(  153): [1082111344,com.android.systemui/.usb.UsbStorageActivity]
I/am_on_paused_called(  224): com.android.systemui.usb.UsbStorageActivity
I/am_resume_activity(  153): [1082176824,12,com.android.settings/.DevelopmentSettings]
I/am_on_resume_called( 4270): com.android.settings.DevelopmentSettings
I/notification_cancel(  153): [com.android.systemui,17302210,0]
I/am_destroy_activity(  153): [1082111344,113,com.android.systemui/.usb.UsbStorageActivity]
I/battery_level(  153): [100,4148,292]
I/notification_enqueue(  153): [android,17040208,Notification(vibrate=null,sound=null,defaults=0x0,flags=0x2)]
I/notification_enqueue(  153): [com.android.systemui,17302210,Notification(vibrate=null,sound=null,defaults=0x0,flags=0x2)]
I/am_create_task(  153): 114
I/am_create_activity(  153): [1081873928,114,com.android.systemui/.usb.UsbStorageActivity,NULL,NULL,NULL,276824064]
I/am_pause_activity(  153): [1082176824,com.android.settings/.DevelopmentSettings]
I/am_on_paused_called( 4270): com.android.settings.DevelopmentSettings
I/am_restart_activity(  153): [1081873928,114,com.android.systemui/.usb.UsbStorageActivity]
I/am_on_resume_called(  224): com.android.systemui.usb.UsbStorageActivity
I/activity_launch_time(  153): [1081873928,com.android.systemui/.usb.UsbStorageActivity,179,179]
I/force_gc( 4270): bg
I/dvm_gc_info( 4270): [8315180330336375855,-9134840217611622348,-3986102349422962649,8661049]
I/dvm_gc_madvise_info( 4270): [2084864,1064960]
I/am_create_service(  153): [1083728640,com.facebook.katana/com.facebook.orca.server.MessagesService,,669]
I/dvm_gc_info(  669): [7737593596605466609,-8892194078160852751,-3911230005617928153,8964222]
I/db_sample(  669): [/data/data/com.facebook.katana/databases/threads_db2,SELECT t.thread_id, t.action_id, t.refetch_action_id, t.last_vis,7,,2]
I/notification_cancel(  153): [com.facebook.katana,10001,0]
I/notification_cancel(  153): [com.facebook.katana,10002,0]
I/notification_cancel(  153): [com.facebook.katana,10004,0]
I/am_destroy_service(  153): [1083728640,com.facebook.katana/com.facebook.orca.server.MessagesService,669]
I/dvm_gc_madvise_info(  669): [1241088,1064960]
I/force_gc(  669): bg
I/dvm_gc_info(  669): [7737593596606207882,-8904016027182700305,-3911792955571349465,8964222]
I/dvm_gc_madvise_info(  669): [1372160,1064960]
I/binder_sample(  224): [com.android.internal.statusbar.IStatusBarService,4,5,com.android.systemui,1]
I/am_create_service(  153): [1084311592,com.facebook.katana/com.facebook.orca.server.MessagesService,,669]
I/dvm_gc_info(  669): [7737593596605474783,-8893882928021116687,-3911230005617928153,8964222]
I/db_sample(  669): [/data/data/com.facebook.katana/databases/threads_db2,INSERT OR REPLACE  INTO properties(value, key) VALUES(?, ?);,1,,1]
I/notification_cancel(  153): [com.facebook.katana,10001,0]
I/notification_cancel(  153): [com.facebook.katana,10002,0]
I/notification_cancel(  153): [com.facebook.katana,10004,0]
I/am_destroy_service(  153): [1084311592,com.facebook.katana/com.facebook.orca.server.MessagesService,669]
I/dvm_gc_madvise_info(  669): [1245184,1064960]
I/force_gc(  669): bg
I/dvm_gc_info(  669): [7737593596606207882,-8904016027182700305,-3911792955571349465,8964222]
I/dvm_gc_madvise_info(  669): [1372160,1064960]
I/force_gc( 4367): bg
I/dvm_gc_info( 4367): [3345437233800012626,-9188883550545422268,-4001583473142048729,0]
I/dvm_gc_madvise_info( 4367): [1228800,1064960]
I/am_create_service(  153): [1084051016,com.google.android.gsf/.checkin.EventLogService,,307]
I/aggregation(  307): 1383562039312
I/am_destroy_service(  153): [1084051016,com.google.android.gsf/.checkin.EventLogService,307]
I/binder_sample(  255): [com.android.internal.telephony.ITelephonyRegistry,4,12,com.android.phone,2]
I/am_create_service(  153): [1083939208,com.facebook.katana/.service.FacebookService,act=com.facebook.katana.service.1085,669]
I/am_destroy_service(  153): [1083939208,com.facebook.katana/.service.FacebookService,669]
I/am_create_service(  153): [1084209936,com.facebook.katana/com.facebook.notifications.server.NotificationsService,,669]
I/am_destroy_service(  153): [1084209936,com.facebook.katana/com.facebook.notifications.server.NotificationsService,669]
I/force_gc(  669): bg
I/dvm_gc_info(  669): [7737593596606248826,-8905986352019674897,-3911792955571349465,8964222]
I/dvm_gc_madvise_info(  669): [1396736,1064960]
I/db_sample(  669): [/data/data/com.facebook.katana/databases/users_db2,SELECT value FROM user_db_properties WHERE key=?,1,,1]
I/am_create_service(  153): [1083594008,com.facebook.katana/com.facebook.orca.server.MessagesService,,669]
I/dvm_gc_info(  669): [7737593596605491190,-8892194078160852753,-3911511480594638809,8964222]
I/notification_cancel(  153): [com.facebook.katana,10001,0]
I/notification_cancel(  153): [com.facebook.katana,10002,0]
I/notification_cancel(  153): [com.facebook.katana,10004,0]
I/am_destroy_service(  153): [1083594008,com.facebook.katana/com.facebook.orca.server.MessagesService,669]
I/dvm_gc_madvise_info(  669): [1261568,1064960]
I/force_gc(  669): bg
I/dvm_gc_info(  669): [7737593596606183293,-8904578977136121618,-3912074430548060121,8964222]
I/dvm_gc_madvise_info(  669): [1376256,1064960]
I/db_sample( 8529): [/data/data/es.booooo.sms/databases/webviewCache.db,COMMIT;BEGIN EXCLUSIVE;,1,,1]
I/db_sample( 8529): [/data/data/es.booooo.sms/databases/webviewCache.db,BEGIN EXCLUSIVE;,1,,1]
I/am_create_service(  153): [1084517976,com.facebook.katana/com.facebook.orca.server.MessagesService,,669]
I/dvm_gc_info(  669): [7737593596605470676,-8894727352951248656,-3911230005617928153,8964222]
I/notification_cancel(  153): [com.facebook.katana,10001,0]
I/notification_cancel(  153): [com.facebook.katana,10002,0]
I/notification_cancel(  153): [com.facebook.katana,10004,0]
I/am_destroy_service(  153): [1084517976,com.facebook.katana/com.facebook.orca.server.MessagesService,669]
I/dvm_gc_madvise_info(  669): [1249280,1064960]
I/force_gc(  669): bg
I/dvm_gc_info(  669): [7737593596606199690,-8904016027182700306,-3911792955571349465,8964222]
I/dvm_gc_madvise_info(  669): [1376256,1064960]
I/am_finish_activity(  153): [1081873928,114,com.android.systemui/.usb.UsbStorageActivity,app-request]
I/notification_cancel(  153): [android,17040208,0]
I/am_pause_activity(  153): [1081873928,com.android.systemui/.usb.UsbStorageActivity]
I/am_on_paused_called(  224): com.android.systemui.usb.UsbStorageActivity
I/am_resume_activity(  153): [1082176824,12,com.android.settings/.DevelopmentSettings]
I/am_on_resume_called( 4270): com.android.settings.DevelopmentSettings
I/binder_sample( 4270): [com.android.internal.view.IInputMethodManager,5,10,com.android.settings,2]
I/notification_cancel(  153): [com.android.systemui,17302210,0]
I/am_destroy_activity(  153): [1081873928,114,com.android.systemui/.usb.UsbStorageActivity]
I/battery_level(  153): [100,4148,295]
I/notification_enqueue(  153): [android,17040208,Notification(vibrate=null,sound=null,defaults=0x0,flags=0x2)]
I/notification_enqueue(  153): [com.android.systemui,17302210,Notification(vibrate=null,sound=null,defaults=0x0,flags=0x2)]
I/am_create_task(  153): 115
I/am_create_activity(  153): [1084222544,115,com.android.systemui/.usb.UsbStorageActivity,NULL,NULL,NULL,276824064]
I/am_pause_activity(  153): [1082176824,com.android.settings/.DevelopmentSettings]
I/am_on_paused_called( 4270): com.android.settings.DevelopmentSettings
I/am_restart_activity(  153): [1084222544,115,com.android.systemui/.usb.UsbStorageActivity]
I/am_on_resume_called(  224): com.android.systemui.usb.UsbStorageActivity
I/binder_sample( 4270): [android.view.IWindowSession,4,50,com.android.settings,10]
I/dvm_gc_info(  153): [8320808730291705705,-8898115981736601501,-3976532200214800345,8607786]
I/activity_launch_time(  153): [1084222544,com.android.systemui/.usb.UsbStorageActivity,304,304]
I/dvm_gc_madvise_info(  153): [1490944,1064960]
I/force_gc( 4270): bg
I/dvm_gc_info( 4270): [8315180330336367477,-9178468839001774028,-3986102349422962649,8661049]
I/dvm_gc_madvise_info( 4270): [2084864,1064960]
I/force_gc( 4367): bg
I/dvm_gc_info( 4367): [3345437233800036998,-9209712698822010812,-4001583473142048729,0]
I/dvm_gc_madvise_info( 4367): [1228800,1064960]
I/am_create_service(  153): [1084379144,com.facebook.katana/com.facebook.orca.server.MessagesService,,669]
I/dvm_gc_info(  669): [7737593596605470686,-8893882928021116688,-3911230005617928153,8964222]
I/notification_cancel(  153): [com.facebook.katana,10001,0]
I/notification_cancel(  153): [com.facebook.katana,10002,0]
I/notification_cancel(  153): [com.facebook.katana,10004,0]
I/am_destroy_service(  153): [1084379144,com.facebook.katana/com.facebook.orca.server.MessagesService,669]
I/db_sample(  669): [/data/data/com.facebook.katana/databases/prefs_db,COMMIT;DELETE FROM preferences WHERE key=?,15,,4]
I/dvm_gc_madvise_info(  669): [1249280,1064960]
I/force_gc(  669): bg
I/dvm_gc_info(  669): [7737593596606191499,-8903734552205989650,-3911792955571349465,8964222]
I/dvm_gc_madvise_info(  669): [1372160,1064960]
I/am_create_service(  153): [1084359520,com.facebook.katana/com.facebook.orca.server.MessagesService,,669]
