I/dvm_gc_info( 4367): [3345437233800062048,-9106974332322621372,-4001583473142048729,0]
I/am_destroy_service(  153): [1084064480,com.koushikdutta.rommanager/com.clockworkmod.billing.BillingService,8165]
I/am_kill (  153): [6505,com.whatsapp:contacts,14,too many background]
I/am_proc_died(  153): [6505,com.whatsapp:contacts]
I/dvm_gc_madvise_info( 4367): [1232896,1064960]
I/force_gc( 8165): bg
I/dvm_gc_info( 8165): [8245929759285196322,-9041955606054062040,-4009746247466657753,0]
I/dvm_gc_madvise_info( 8165): [1085440,1064960]
I/battery_level(  153): [93,4114,312]
I/am_create_service(  153): [1083256432,com.facebook.katana/com.facebook.orca.server.MessagesService,,669]
I/dvm_gc_info(  669): [7737593596605483000,-8893601453044401934,-3910948530641217497,8964222]
I/am_create_service(  153): [1083697624,com.android.defcontainer/.DefaultContainerService,,6594]
I/dvm_gc_info( 6594): [7234300953690731563,-9182130144472762329,-4010027722443368409,0]
I/dvm_gc_info(  669): [7737593596605487099,-8894445877974533902,-3910948530641217497,8964222]
I/notification_cancel(  153): [com.facebook.katana,10001,0]
I/notification_cancel(  153): [com.facebook.katana,10002,0]
I/notification_cancel(  153): [com.facebook.katana,10004,0]
I/am_destroy_service(  153): [1083256432,com.facebook.katana/com.facebook.orca.server.MessagesService,669]
I/db_sample(  669): [/data/data/com.facebook.katana/databases/prefs_db,COMMIT;DELETE FROM preferences WHERE key=?,26,,6]
I/am_destroy_service(  153): [1083697624,com.android.defcontainer/.DefaultContainerService,6594]
I/dvm_gc_info(  153): [8320808730291861297,-8919226604989925278,-3976813675191511001,8607786]
I/am_resume_activity(  153): [1081898808,12,com.android.settings/.ManageApplications]
I/am_on_resume_called( 4270): com.android.settings.ManageApplications
I/force_gc(  276): bg
I/notification_cancel_all(  153): [es.booooo.sms,0]
I/force_gc( 4270): bg
I/dvm_gc_info( 4270): [8315180330336278052,-9035198075889620942,-3987791199283226585,8656950]
I/binder_sample( 4716): [android.app.IActivityManager,16,20,com.google.android.apps.maps:FriendServ,4]
I/dvm_gc_info(  276): [7809652345806751284,-9021124945462282190,-3981598749795592153,8751175]
I/dvm_gc_info(  153): [8320808730291922652,-8924574629547427742,-3976813675191511001,8607786]
I/dvm_gc_info( 8420): [7021235374273869210,-9060837799922661813,-4122077858557491637,0]
I/am_create_task(  153): 100
I/am_create_activity(  153): [1081063096,100,es.booooo.sms/.SinMachismoSi,android.intent.action.MAIN,NULL,NULL,268435456]
I/am_pause_activity(  153): [1081898808,com.android.settings/.ManageApplications]
I/dvm_gc_info( 8437): [7021235374273865117,-9060556324945873327,-4120389008697149871,0]
I/am_on_paused_called( 4270): com.android.settings.ManageApplications
I/am_proc_start(  153): [8446,10059,es.booooo.sms,activity,es.booooo.sms/.SinMachismoSi]
I/dvm_gc_madvise_info( 8446): [1298432,1064960]
I/am_proc_bound(  153): [8446,es.booooo.sms]
I/am_restart_activity(  153): [1081063096,100,es.booooo.sms/.SinMachismoSi]
I/dvm_gc_info( 8446): [8011467701056877821,-9064192129230989272,-4010309197420079065,0]
I/am_on_resume_called( 8446): es.booooo.sms.SinMachismoSi
I/activity_launch_time(  153): [1081063096,es.booooo.sms/.SinMachismoSi,401,401]
I/dvm_gc_info( 8446): [8011467701056767375,-9052651380207232979,-4006650022722840537,6850143]
I/dvm_gc_madvise_info( 6594): [1261568,1064960]
I/dvm_gc_madvise_info(  669): [1323008,1064960]
I/dvm_gc_info( 8446): [8011467701056775661,-9053213849023653837,-4004961172862576601,6850143]
I/dvm_gc_madvise_info( 4270): [2125824,1064960]
I/dvm_gc_madvise_info(  276): [1585152,1064960]
I/dvm_gc_madvise_info(  153): [1634304,1064960]
I/dvm_gc_madvise_info( 8446): [1114112,1064960]
I/force_gc(  669): bg
I/dvm_gc_info(  669): [7737593596606191375,-8912741751460730642,-3912074430548060121,8964222]
I/dvm_gc_madvise_info(  669): [1380352,1064960]
I/force_gc( 4335): bg
I/dvm_gc_info( 4335): [8388065826498122944,-9060814429510457304,-4010027722443368409,0]
I/force_gc( 6594): bg
I/dvm_gc_madvise_info( 4335): [1175552,1064960]
I/dvm_gc_info( 6594): [7234300953690907682,-9194233568471320537,-4010027722443368409,0]
I/dvm_gc_madvise_info( 6594): [1261568,1064960]
I/force_gc( 4350): bg
I/dvm_gc_info( 4350): [8534155694507824248,-9087273077321271257,-4010027722443368409,0]
I/dvm_gc_madvise_info( 4350): [1241088,1064960]
I/force_gc(  515): bg
I/dvm_gc_info(  515): [8531346446660891832,-9065035179519756238,-4006087072769419225,7059003]
I/dvm_gc_madvise_info(  515): [1626112,1064960]
I/force_gc( 4381): bg
I/dvm_gc_info( 4381): [7594245945072796742,-9131746054888490967,-4009464772489947097,0]
I/dvm_gc_madvise_info( 4381): [1142784,1064960]
I/force_gc( 4270): bg
I/dvm_gc_info( 4270): [8315180330336371830,-9069256548071610318,-3987791199283226585,8656950]
I/force_gc( 4404): bg
I/dvm_gc_madvise_info( 4270): [2125824,1064960]
I/dvm_gc_info( 4404): [7453298398306047008,-9182129525930305493,-4009183297513236441,0]
I/force_gc( 4320): bg
I/dvm_gc_info( 4320): [3346290398921597586,-9209433217213695961,-4010309197420079065,0]
I/dvm_gc_madvise_info( 4404): [1290240,1064960]
I/am_create_service(  153): [1083073456,com.android.defcontainer/.DefaultContainerService,,6594]
I/dvm_gc_info( 6594): [7234300953690735362,-9199863068005533657,-4010027722443368409,0]
I/am_destroy_service(  153): [1083073456,com.android.defcontainer/.DefaultContainerService,6594]
I/dvm_gc_info(  153): [8320808730291853092,-8920633979873482654,-3976813675191511001,8607786]
I/am_resume_activity(  153): [1081898808,12,com.android.settings/.ManageApplications]
I/am_on_resume_called( 4270): com.android.settings.ManageApplications
I/force_gc( 4270): bg
I/dvm_gc_info( 4270): [8315180330336376253,-9046457074958047182,-3987791199283226585,8656950]
I/force_gc(  276): bg
I/notification_cancel_all(  153): [es.booooo.sms,0]
I/dvm_gc_info(  276): [7809652345806296627,-9019436095602022350,-3981880224772302809,8751175]
I/dvm_gc_info(  153): [8320808730291930835,-8925419054477559710,-3976813675191511001,8607786]
I/force_gc(  307): Binder
I/dvm_gc_info(  307): [7449358886915712580,-9005925778091788239,-4005242647839287257,6817407]
I/dvm_gc_info( 8462): [7021235374273869210,-9060837799922661813,-4122077858557491637,0]
I/dvm_gc_madvise_info( 4320): [1257472,1064960]
I/am_create_task(  153): 101
I/am_create_activity(  153): [1081621712,101,es.booooo.sms/.SinMachismoSi,android.intent.action.MAIN,NULL,NULL,268435456]
I/am_pause_activity(  153): [1081898808,com.android.settings/.ManageApplications]
I/am_on_paused_called( 4270): com.android.settings.ManageApplications
I/am_proc_start(  153): [8486,10059,es.booooo.sms,activity,es.booooo.sms/.SinMachismoSi]
I/dvm_gc_madvise_info( 8486): [1298432,1064960]
I/dvm_gc_info( 8479): [7021235374273861021,-9060556324945873327,-4120389008697149871,0]
I/am_proc_bound(  153): [8486,es.booooo.sms]
I/am_restart_activity(  153): [1081621712,101,es.booooo.sms/.SinMachismoSi]
I/dvm_gc_info( 8486): [8011467701056877832,-9063066229324146648,-4010309197420079065,0]
I/am_on_resume_called( 8486): es.booooo.sms.SinMachismoSi
I/activity_launch_time(  153): [1081621712,es.booooo.sms/.SinMachismoSi,400,400]
I/dvm_gc_info( 8486): [8011467701056804267,-9053495805137364947,-4006931497699551193,6850143]
I/dvm_gc_info( 8486): [8011467701056840942,-9096279520443606988,-4004961172862576601,6850143]
I/dvm_gc_madvise_info( 6594): [1261568,1064960]
I/dvm_gc_madvise_info( 4270): [2125824,1064960]
I/dvm_gc_madvise_info(  276): [1585152,1064960]
I/dvm_gc_madvise_info(  153): [1634304,1064960]
I/dvm_gc_madvise_info(  307): [1265664,1064960]
I/dvm_gc_madvise_info( 8486): [1093632,1064960]
I/force_gc( 4358): bg
I/dvm_gc_info( 4358): [8097879449376375625,-9197048318238427097,-4010309197420079065,0]
I/dvm_gc_madvise_info( 4358): [1249280,1064960]
I/force_gc( 4716): bg
I/dvm_gc_info( 4716): [7881704463071949879,-9137656479509252047,-4007494447652972505,0]
I/dvm_gc_madvise_info( 4716): [1101824,1064960]
I/force_gc( 4730): bg
I/dvm_gc_info( 4730): [7881704463071950299,-9050398961851033550,-4007212972676261849,0]
I/dvm_gc_madvise_info( 4730): [1249280,1064960]
I/force_gc( 4471): bg
I/dvm_gc_info( 4471): [7218820972500210578,-9188603862728288213,-4009183297513236441,0]
I/dvm_gc_madvise_info( 4471): [1138688,1064960]
I/am_create_service(  153): [1082018480,com.android.defcontainer/.DefaultContainerService,,6594]
I/dvm_gc_info( 6594): [7234300953690739749,-9192826193587767257,-4010027722443368409,0]
I/am_destroy_service(  153): [1082018480,com.android.defcontainer/.DefaultContainerService,6594]
I/dvm_gc_info(  153): [8320808730291865385,-8920352504896771999,-3977095150168221657,8607786]
I/am_resume_activity(  153): [1081898808,12,com.android.settings/.ManageApplications]
I/am_on_resume_called( 4270): com.android.settings.ManageApplications
I/force_gc( 4270): bg
I/dvm_gc_info( 4270): [8315180330336331301,-9035479550866331598,-3987509724306515929,8656951]
I/force_gc(  276): bg
I/notification_cancel_all(  153): [es.booooo.sms,0]
I/dvm_gc_info(  276): [7809652345806399029,-9019436095602022350,-3981880224772302809,8751175]
I/dvm_gc_info(  153): [8320808730291918558,-8924293154570717086,-3976813675191511001,8607786]
I/dvm_gc_info( 8504): [7021235374273861018,-9060837799922661813,-4122077858557491637,0]
I/am_create_task(  153): 102
I/am_create_activity(  153): [1081063096,102,es.booooo.sms/.SinMachismoSi,android.intent.action.MAIN,NULL,NULL,268435456]
I/am_pause_activity(  153): [1081898808,com.android.settings/.ManageApplications]
I/am_on_paused_called( 4270): com.android.settings.ManageApplications
I/am_proc_start(  153): [8529,10059,es.booooo.sms,activity,es.booooo.sms/.SinMachismoSi]
I/binder_sample( 8521): [android.app.IActivityManager,3,42,app_process,8]
I/dvm_gc_info( 8521): [7021235374273856925,-9060556324945873327,-4120389008697149871,0]
I/dvm_gc_madvise_info( 8529): [1298432,1064960]
I/dvm_gc_info(  105): [8825198673194718262,-9124427774247086041,-4010309197420079065,0]
I/am_proc_bound(  153): [8529,es.booooo.sms]
I/am_restart_activity(  153): [1081063096,102,es.booooo.sms/.SinMachismoSi]
I/dvm_gc_info(  105): [8825198673194741816,-9222662541119104985,-4010309197420079065,0]
I/dvm_gc_info(  105): [8825198673194729520,-9222662541119104985,-4010309197420079065,0]
I/dvm_gc_info( 8529): [8011467701056890125,-9062503279370725336,-4010309197420079065,0]
I/am_on_resume_called( 8529): es.booooo.sms.SinMachismoSi
I/binder_sample( 8529): [android.view.IWindowSession,4,80,es.booooo.sms,16]
I/binder_sample( 4270): [android.view.IWindowSession,4,37,com.android.settings,7]
I/dvm_gc_info( 8529): [8011467701056763296,-9054340230067501011,-4006931497699551193,6850143]
I/activity_launch_time(  153): [1081063096,es.booooo.sms/.SinMachismoSi,611,611]
I/dvm_gc_info( 8529): [8011467701056799988,-9087553796165580748,-4004961172862576601,6850143]
I/dvm_gc_madvise_info( 6594): [1261568,1064960]
I/dvm_gc_madvise_info( 4270): [2125824,1064960]
I/dvm_gc_madvise_info(  276): [1585152,1064960]
I/dvm_gc_madvise_info(  153): [1609728,1064960]
I/dvm_gc_madvise_info( 8529): [1114112,1064960]
I/binder_sample(  255): [com.android.internal.telephony.ITelephonyRegistry,4,9,com.android.phone,1]
I/force_gc( 4367): bg
I/dvm_gc_info( 4367): [3345437233800066144,-9106129907392489404,-4001583473142048729,0]
I/force_gc( 4335): bg
I/dvm_gc_info( 4335): [8388065826498106508,-9065599504114542552,-4010027722443368409,0]
I/dvm_gc_madvise_info( 4367): [1232896,1064960]
I/force_gc( 6594): bg
I/dvm_gc_madvise_info( 4335): [1175552,1064960]
I/dvm_gc_info( 6594): [7234300953690919970,-9194233568471320537,-4010027722443368409,0]
I/force_gc( 4350): bg
I/dvm_gc_info( 4350): [8534155694507856977,-9131464648664844249,-4010027722443368409,0]
I/dvm_gc_madvise_info( 6594): [1261568,1064960]
I/dvm_gc_madvise_info( 4350): [1241088,1064960]
I/force_gc(  515): bg
I/dvm_gc_info(  515): [8531346446660940928,-9069257304170416078,-4006087072769419225,7059003]
I/force_gc( 4381): bg
I/dvm_gc_info( 4381): [7594245945072845894,-9132027529865201623,-4009464772489947097,0]
I/dvm_gc_madvise_info(  515): [1626112,1064960]
I/dvm_gc_madvise_info( 4381): [1142784,1064960]
I/battery_level(  153): [94,4118,310]
I/dvm_gc_info( 8529): [8011467701056804464,-8998888766184851404,-4004679697885865945,6850143]
I/dvm_gc_madvise_info( 8529): [1249280,1064960]
I/binder_sample(  224): [android.app.IActivityManager,16,5,com.android.systemui,1]
I/am_create_service(  153): [1081922840,com.facebook.katana/.server.Fb4aService,,669]
I/am_destroy_service(  153): [1081922840,com.facebook.katana/.server.Fb4aService,669]
I/am_create_service(  153): [1081591992,com.facebook.katana/.service.FacebookService,,669]
I/am_create_service(  153): [1082139208,com.facebook.katana/com.facebook.orca.server.MessagesService,,669]
I/dvm_gc_info(  669): [7737593596605511610,-8898949477601908495,-3911230005617928153,8964222]
I/am_destroy_service(  153): [1082139208,com.facebook.katana/com.facebook.orca.server.MessagesService,669]
I/am_create_service(  153): [1083072816,com.facebook.katana/com.facebook.orca.server.MessagesService,,669]
I/dvm_gc_info(  669): [7737593596605478851,-8898949477601900299,-3910104105711085529,8964222]
I/db_sample(  669): [/data/data/com.facebook.katana/databases/prefs_db,COMMIT;INSERT OR REPLACE  INTO preferences(value, type, key) VAL,245,,50]
I/db_sample(  669): [/data/data/com.facebook.katana/databases/fb.db,UPDATE cache SET timestamp=?, value=? WHERE name='Gatekeeper:fac,190,,39]
I/content_query_sample(  669): [content://com.facebook.katana.provider.CacheProvider/cache/name/Gatekeeper%3Aandroid_update_user_phone_in_ci,_id,,,13,,3]
I/content_update_sample(  669): [content://com.facebook.katana.provider.CacheProvider/cache/name/Gatekeeper%3Afbandroid_notif_settings,update,,14,,3]
I/content_query_sample(  669): [content://com.facebook.katana.provider.CacheProvider/cache/name/Gatekeeper%3Afbandroid_bug_reporter,_id,,,3,,1]
I/dvm_gc_info(  669): [7737593596605515812,-8889660803370456847,-3911230005617928153,8964222]
I/content_query_sample(  669): [content://com.facebook.katana.provider.CacheProvider/cache/name/Gatekeeper%3Atagging_enable_fof_android,_id,,,4,,1]
I/db_sample(  669): [/data/data/com.facebook.katana/databases/threads_db2,SELECT value FROM properties WHERE key=?,0,,1]
I/content_update_sample(  669): [content://com.facebook.katana.provider.CacheProvider/cache/name/Gatekeeper%3Afacebook_for_android_native_friends_jewel,update,,10,,3]
I/db_sample(  669): [/data/data/com.facebook.katana/databases/fb.db,UPDATE cache SET timestamp=?, value=? WHERE name='Gatekeeper:new,15,,4]
I/notification_cancel(  153): [com.facebook.katana,10001,0]
I/notification_cancel(  153): [com.facebook.katana,10002,0]
I/notification_cancel(  153): [com.facebook.katana,10004,0]
I/am_destroy_service(  153): [1083072816,com.facebook.katana/com.facebook.orca.server.MessagesService,669]
I/am_destroy_service(  153): [1081591992,com.facebook.katana/.service.FacebookService,669]
I/content_update_sample(  669): [content://com.facebook.katana.provider.CacheProvider/cache/name/Gatekeeper%3Afbandroid_ssl_cache_enabled,update,,12,,3]
I/db_sample(  669): [/data/data/com.facebook.katana/databases/fb.db,UPDATE cache SET timestamp=?, value=? WHERE name='Gatekeeper:and,10,,3]
I/force_gc(  153): Binder
I/dvm_gc_info(  153): [8320808730291984071,-8915848905269438368,-3977658100121642969,8607786]
I/content_query_sample(  669): [content://com.facebook.katana.provider.CacheProvider/cache/name/Gatekeeper%3Anew_android_ci_continuous_import_test,_id,,,105,,22]
I/dvm_gc_madvise_info(  669): [1224704,1064960]
I/force_gc(  669): bg
I/dvm_gc_info(  669): [7737593596606269412,-8896416202811512592,-3911511480594638809,8964222]
I/dvm_gc_madvise_info(  153): [1613824,1064960]
I/dvm_gc_madvise_info(  669): [1363968,1064960]
I/dvm_gc_info(  224): [8320808730291623541,-8922046441224046546,-4002427898072180697,8050480]
I/dvm_gc_madvise_info(  224): [1122304,1064960]
I/battery_level(  153): [95,4128,310]
I/force_gc( 4962): bg
I/dvm_gc_info( 4962): [8604234240865076410,-9059124067536250826,-4006087072769419225,0]
I/dvm_gc_madvise_info( 4962): [1261568,1064960]
I/am_create_service(  153): [1084311936,com.google.android.gsf/.checkin.EventLogService,,307]
I/aggregation(  307): 1383520635789
I/am_destroy_service(  153): [1084311936,com.google.android.gsf/.checkin.EventLogService,307]
I/am_create_service(  153): [1084306768,com.facebook.katana/com.facebook.orca.server.MessagesService,,669]
I/dvm_gc_info(  669): [7737593596605474803,-8891912603184142095,-3911230005617928153,8964222]
I/notification_cancel(  153): [com.facebook.katana,10001,0]
I/notification_cancel(  153): [com.facebook.katana,10002,0]
I/notification_cancel(  153): [com.facebook.katana,10004,0]
I/am_destroy_service(  153): [1084306768,com.facebook.katana/com.facebook.orca.server.MessagesService,669]
I/dvm_gc_madvise_info(  669): [1236992,1064960]
I/force_gc(  669): bg
I/dvm_gc_info(  669): [7737593596606203786,-8904016027182700305,-3911792955571349465,8964222]
I/dvm_gc_madvise_info(  669): [1380352,1064960]
I/battery_level(  153): [96,4138,307]
I/dvm_gc_info( 8529): [8011467701056788154,-8974681918204516305,-4006087072769419225,6850143]
I/dvm_gc_madvise_info( 8529): [1441792,1064960]
I/am_create_service(  153): [1082115376,com.facebook.katana/com.facebook.orca.server.MessagesService,,669]
I/db_sample(  669): [/data/data/com.facebook.katana/databases/threads_db2,SELECT value FROM properties WHERE key=?,1,,1]
I/dvm_gc_info(  669): [7737593596605466584,-8894445877974538000,-3911511480594638809,8964222]
I/am_destroy_service(  153): [1082115376,com.facebook.katana/com.facebook.orca.server.MessagesService,669]
I/notification_cancel(  153): [com.facebook.katana,10001,0]
I/notification_cancel(  153): [com.facebook.katana,10002,0]
I/notification_cancel(  153): [com.facebook.katana,10004,0]
I/dvm_gc_madvise_info(  669): [1261568,1064960]
I/battery_level(  153): [97,4148,306]
I/am_create_service(  153): [1079123664,com.facebook.katana/com.facebook.orca.server.MessagesService,,669]
I/dvm_gc_info(  669): [7737593596605478879,-8895571777881376526,-3910667055664506841,8964222]
I/dvm_gc_info(  669): [7737593596605474812,-8894164402997823246,-3910667055664506841,8964222]
I/notification_cancel(  153): [com.facebook.katana,10001,0]
I/notification_cancel(  153): [com.facebook.katana,10002,0]
I/notification_cancel(  153): [com.facebook.katana,10004,0]
I/am_destroy_service(  153): [1079123664,com.facebook.katana/com.facebook.orca.server.MessagesService,669]
I/dvm_gc_madvise_info(  669): [1302528,1064960]
I/am_create_service(  153): [1082344064,com.android.vending/com.google.android.finsky.services.DailyHygiene,,515]
I/am_create_service(  153): [1083119080,com.google.android.gsf/.loginservice.GoogleLoginService,act=android.accounts.AccountAuthenticator,307]
I/am_destroy_service(  153): [1083119080,com.google.android.gsf/.loginservice.GoogleLoginService,307]
I/am_create_service(  153): [1083293816,com.google.android.gsf/.loginservice.GoogleLoginService,act=android.accounts.AccountAuthenticator,307]
I/am_destroy_service(  153): [1083293816,com.google.android.gsf/.loginservice.GoogleLoginService,307]
I/dvm_gc_info(  515): [8531346446660728301,-9054620605381412810,-4004961172862576601,7059003]
I/am_create_service(  153): [1083193616,com.google.android.gsf/.loginservice.GoogleLoginService,act=android.accounts.AccountAuthenticator,307]
I/am_destroy_service(  153): [1083193616,com.google.android.gsf/.loginservice.GoogleLoginService,307]
I/binder_sample(  307): [android.app.IActivityManager,38,14,com.google.process.gapps,2]
I/am_destroy_service(  153): [1082344064,com.android.vending/com.google.android.finsky.services.DailyHygiene,515]
I/dvm_gc_madvise_info(  515): [1437696,1064960]
I/force_gc(  515): bg
I/dvm_gc_info(  515): [8531346446661002851,-8998607085016037326,-4006087072769419225,7059003]
I/dvm_gc_madvise_info(  515): [1597440,1064960]
I/force_gc(  669): bg
I/dvm_gc_info(  669): [7737593596606211884,-8910771426623756050,-3912074430548060121,8964222]
I/dvm_gc_madvise_info(  669): [1380352,1064960]
I/battery_level(  153): [98,4153,305]
I/force_gc( 4367): bg
I/dvm_gc_info( 4367): [3345437233799995947,-9217875473146619836,-4001583473142048729,0]
I/dvm_gc_madvise_info( 4367): [1232896,1064960]
I/am_create_service(  153): [1083996128,com.facebook.katana/com.facebook.orca.server.MessagesService,,669]
I/dvm_gc_info(  669): [7737593596605470674,-8895008827927959311,-3911230005617928153,8964222]
I/notification_cancel(  153): [com.facebook.katana,10001,0]
I/notification_cancel(  153): [com.facebook.katana,10002,0]
I/notification_cancel(  153): [com.facebook.katana,10004,0]
I/am_destroy_service(  153): [1083996128,com.facebook.katana/com.facebook.orca.server.MessagesService,669]
I/dvm_gc_madvise_info(  669): [1257472,1064960]
I/force_gc(  669): bg
I/dvm_gc_info(  669): [7737593596606322571,-8904016027182700305,-3911792955571349465,8964222]
I/dvm_gc_madvise_info(  669): [1388544,1064960]
I/battery_level(  153): [99,4157,302]
I/db_sample(  669): [/data/data/com.facebook.katana/databases/threads_db2,SELECT thread_id, action_id, last_visible_action_id FROM threads,3,,1]
I/am_create_service(  153): [1081830808,com.facebook.katana/com.facebook.orca.server.MessagesService,,669]
I/dvm_gc_info(  669): [7737593596605466591,-8893882928021116687,-3911230005617928153,8964222]
I/notification_cancel(  153): [com.facebook.katana,10001,0]
I/notification_cancel(  153): [com.facebook.katana,10002,0]
I/notification_cancel(  153): [com.facebook.katana,10004,0]
I/am_destroy_service(  153): [1081830808,com.facebook.katana/com.facebook.orca.server.MessagesService,669]
I/dvm_gc_madvise_info(  669): [1261568,1064960]
I/force_gc(  669): bg
I/dvm_gc_info(  669): [7737593596606257034,-8904016027182700305,-3911792955571349465,8964222]
I/dvm_gc_madvise_info(  669): [1388544,1064960]
I/binder_sample(  255): [com.android.internal.telephony.ITelephonyRegistry,4,11,com.android.phone,2]
I/battery_level(  153): [100,4162,300]
I/am_create_service(  153): [1084048784,com.facebook.katana/com.facebook.orca.server.MessagesService,,669]
I/dvm_gc_info(  669): [7737593596605470686,-8893882928021116687,-3911230005617928153,8964222]
I/notification_cancel(  153): [com.facebook.katana,10001,0]
I/notification_cancel(  153): [com.facebook.katana,10002,0]
I/notification_cancel(  153): [com.facebook.katana,10004,0]
I/am_destroy_service(  153): [1084048784,com.facebook.katana/com.facebook.orca.server.MessagesService,669]
I/dvm_gc_madvise_info(  669): [1261568,1064960]
I/force_gc(  669): bg
I/dvm_gc_info(  669): [7737593596606261130,-8904016027182700305,-3911792955571349465,8964222]
I/dvm_gc_madvise_info(  669): [1388544,1064960]
I/binder_sample(  224): [com.android.internal.statusbar.IStatusBarService,4,24,com.android.systemui,4]
I/dvm_gc_info(  153): [8320808730291709775,-8900649256527017887,-3977095150168221657,8607786]
I/dvm_gc_madvise_info(  153): [1613824,1064960]
I/force_gc( 4367): bg
I/dvm_gc_info( 4367): [3345437233800053224,-9220127272960305084,-4001583473142048729,0]
I/dvm_gc_madvise_info( 4367): [1232896,1064960]
I/am_create_service(  153): [1084045392,com.google.android.gsf/.checkin.EventLogService,,307]
I/aggregation(  307): 1383522435929
I/am_destroy_service(  153): [1084045392,com.google.android.gsf/.checkin.EventLogService,307]
I/am_create_service(  153): [1083959864,com.facebook.katana/.service.FacebookService,act=com.facebook.katana.service.963,669]
I/content_update_sample(  669): [content://com.facebook.katana.provider.CacheProvider/cache/name/NotificationsGet%3Anotifications_history,update,,23,,5]
I/am_destroy_service(  153): [1083959864,com.facebook.katana/.service.FacebookService,669]
I/force_gc(  669): bg
I/dvm_gc_info(  669): [7737593596606199493,-8918934200948365074,-3911792955571349465,8964222]
I/dvm_gc_madvise_info(  669): [1396736,1064960]
I/am_create_service(  153): [1083935448,com.facebook.katana/com.facebook.orca.server.MessagesService,,669]
I/dvm_gc_info(  669): [7737593596605470681,-8895008827927959312,-3911230005617928153,8964222]
I/notification_cancel(  153): [com.facebook.katana,10001,0]
I/notification_cancel(  153): [com.facebook.katana,10002,0]
I/notification_cancel(  153): [com.facebook.katana,10004,0]
I/am_destroy_service(  153): [1083935448,com.facebook.katana/com.facebook.orca.server.MessagesService,669]
I/dvm_gc_madvise_info(  669): [1257472,1064960]
I/am_create_service(  153): [1083871016,com.facebook.katana/com.facebook.orca.server.MessagesService,,669]
I/dvm_gc_info(  669): [7737593596605470752,-8892757028114269968,-3911230005617928153,8964222]
I/dvm_gc_info(  669): [7737593596605478899,-8894727352951244559,-3910948530641217497,8964222]
I/notification_cancel(  153): [com.facebook.katana,10001,0]
I/notification_cancel(  153): [com.facebook.katana,10002,0]
I/notification_cancel(  153): [com.facebook.katana,10004,0]
I/am_destroy_service(  153): [1083871016,com.facebook.katana/com.facebook.orca.server.MessagesService,669]
I/db_sample(  669): [/data/data/com.facebook.katana/databases/prefs_db,COMMIT;DELETE FROM preferences WHERE key=?,15,,4]
I/dvm_gc_madvise_info(  669): [1318912,1064960]
I/force_gc(  669): bg
I/dvm_gc_info(  669): [7737593596606224140,-8913304701414151955,-3912074430548060121,8964222]
I/dvm_gc_madvise_info(  669): [1384448,1064960]
I/binder_sample(  255): [com.android.internal.telephony.ITelephonyRegistry,4,9,com.android.phone,1]
I/power_sleep_requested(  153): 1
I/power_screen_state(  153): [0,2,0,0]
I/power_screen_broadcast_send(  153): 1
I/screen_toggled(  153): 0
I/am_pause_activity(  153): [1081063096,es.booooo.sms/.SinMachismoSi]
I/am_on_paused_called( 8529): es.booooo.sms.SinMachismoSi
I/power_screen_broadcast_done(  153): [0,90,1]
I/dvm_gc_info(  153): [8320808730292192894,-8923167254663903136,-3977095150168221657,8607796]
I/dvm_gc_info(  153): [8320808730291983540,-9062215893158979488,-3977095150168221657,8665153]
I/db_sample(  153): [/data/system/accounts.db,SELECT _id, name, type FROM accounts WHERE type=?,0,,1]
I/am_create_service(  153): [1082521264,com.google.android.gsf/.loginservice.GoogleLoginService,act=android.accounts.AccountAuthenticator,307]
I/dvm_gc_info(  153): [8320808730291901715,-9066719492786341792,-3977095150168221657,8718413]
I/am_destroy_service(  153): [1082521264,com.google.android.gsf/.loginservice.GoogleLoginService,307]
I/dvm_gc_madvise_info(  153): [1642496,1064960]
I/force_gc( 4962): bg
I/dvm_gc_info( 4962): [8604234240865092665,-9122174462319437770,-4006087072769419225,0]
I/dvm_gc_madvise_info( 4962): [1261568,1064960]
I/battery_status(  153): [5,2,1,2,Li-ion]
I/battery_level(  153): [100,4172,295]
I/am_create_service(  153): [1084306768,com.facebook.katana/com.facebook.orca.server.MessagesService,,669]
I/force_gc(  669): bg
I/dvm_gc_info(  669): [7737593596606191472,-8904016027182700305,-3911792955571349465,8964222]
I/dvm_gc_madvise_info(  669): [1372160,1064960]
I/am_destroy_service(  153): [1084306768,com.facebook.katana/com.facebook.orca.server.MessagesService,669]
I/force_gc(  515): bg
I/dvm_gc_info(  515): [8531346446660948719,-9190854494109419470,-4006087072769419225,7059003]
I/dvm_gc_madvise_info(  515): [1634304,1064960]
I/am_create_service(  153): [1084261864,com.facebook.katana/com.facebook.orca.server.MessagesService,,669]
I/force_gc(  669): bg
I/dvm_gc_info(  669): [7737593596606244764,-8903171602252568338,-3911792955571349465,8964222]
I/dvm_gc_madvise_info(  669): [1380352,1064960]
I/am_destroy_service(  153): [1084261864,com.facebook.katana/com.facebook.orca.server.MessagesService,669]
I/am_create_service(  153): [1082616792,com.facebook.katana/com.facebook.orca.server.MessagesService,,669]
I/force_gc(  669): bg
I/dvm_gc_info(  669): [7737593596606248843,-8903171602252568338,-3911792955571349465,8964222]
I/dvm_gc_madvise_info(  669): [1388544,1064960]
I/am_destroy_service(  153): [1082616792,com.facebook.katana/com.facebook.orca.server.MessagesService,669]
I/force_gc( 4367): bg
I/dvm_gc_info( 4367): [3345437233800049128,-9220127272960305084,-4001583473142048729,0]
I/dvm_gc_madvise_info( 4367): [1232896,1064960]
I/am_create_service(  153): [1081897760,com.facebook.katana/com.facebook.orca.server.MessagesService,,669]
I/force_gc(  669): bg
I/dvm_gc_info(  669): [7737593596606224268,-8902890127275857682,-3911792955571349465,8964222]
I/dvm_gc_madvise_info(  669): [1384448,1064960]
I/am_destroy_service(  153): [1081897760,com.facebook.katana/com.facebook.orca.server.MessagesService,669]
I/am_create_service(  153): [1082375624,com.facebook.katana/com.facebook.orca.server.MessagesService,,669]
I/force_gc(  669): bg
I/dvm_gc_info(  669): [7737593596606248847,-8902608652299147026,-3911792955571349465,8964222]
I/dvm_gc_madvise_info(  669): [1388544,1064960]
I/am_destroy_service(  153): [1082375624,com.facebook.katana/com.facebook.orca.server.MessagesService,669]
I/am_create_service(  153): [1082150800,com.facebook.katana/.server.Fb4aService,,669]
I/force_gc(  669): bg
I/dvm_gc_info(  669): [7737593596606158414,-9001969319078008595,-3912074430548060121,8964222]
I/dvm_gc_madvise_info(  669): [1392640,1064960]
I/am_destroy_service(  153): [1082150800,com.facebook.katana/.server.Fb4aService,669]
I/force_gc( 4962): bg
I/dvm_gc_info( 4962): [8604234240865047715,-9061938817303357386,-4006087072769419225,0]
I/dvm_gc_madvise_info( 4962): [1261568,1064960]
I/force_gc( 4367): bg
I/dvm_gc_info( 4367): [3345437233800057320,-9220127272960305084,-4001583473142048729,0]
I/dvm_gc_madvise_info( 4367): [1232896,1064960]
I/am_create_service(  153): [1083441448,com.google.android.gsf/.checkin.EventLogService,,307]
I/binder_sample(  307): [android.app.IActivityManager,34,8,com.google.process.gapps,1]
I/aggregation(  307): 1383524236066
I/am_destroy_service(  153): [1083441448,com.google.android.gsf/.checkin.EventLogService,307]
I/am_create_service(  153): [1081347112,com.facebook.katana/.service.FacebookService,,669]
I/am_create_service(  153): [1082499280,com.facebook.katana/com.facebook.orca.server.MessagesService,,669]
I/force_gc(  669): bg
I/dvm_gc_info(  669): [7737593596606203502,-8979451320941156115,-3912074430548060121,8964222]
I/dvm_gc_madvise_info(  669): [1400832,1064960]
I/am_destroy_service(  153): [1082499280,com.facebook.katana/com.facebook.orca.server.MessagesService,669]
I/am_destroy_service(  153): [1081347112,com.facebook.katana/.service.FacebookService,669]
I/am_create_service(  153): [1084146344,com.facebook.katana/.service.FacebookService,,669]
I/am_create_service(  153): [1082879120,com.facebook.katana/com.facebook.orca.server.MessagesService,,669]
I/force_gc(  669): bg
I/dvm_gc_info(  669): [7737593596606175120,-8902608652299147025,-3911792955571349465,8964222]
I/dvm_gc_madvise_info(  669): [1392640,1064960]
I/am_destroy_service(  153): [1084146344,com.facebook.katana/.service.FacebookService,669]
I/am_destroy_service(  153): [1082879120,com.facebook.katana/com.facebook.orca.server.MessagesService,669]
I/am_create_service(  153): [1083724360,com.facebook.katana/.service.FacebookService,,669]
I/am_create_service(  153): [1084068704,com.facebook.katana/com.facebook.orca.server.MessagesService,,669]
I/force_gc(  669): bg
I/dvm_gc_info(  669): [7737593596606211760,-8925126650435999507,-3912074430548060121,8964222]
I/dvm_gc_madvise_info(  669): [1400832,1064960]
I/am_destroy_service(  153): [1084068704,com.facebook.katana/com.facebook.orca.server.MessagesService,669]
I/am_destroy_service(  153): [1083724360,com.facebook.katana/.service.FacebookService,669]
I/force_gc( 4367): bg
I/dvm_gc_info( 4367): [3345437233800053224,-9220127272960305084,-4001583473142048729,0]
I/dvm_gc_madvise_info( 4367): [1232896,1064960]
I/dvm_gc_info(  153): [8320808730291681159,-8892767957179144096,-3967525000960059353,8747079]
I/dvm_gc_madvise_info(  153): [1593344,1064960]
I/am_create_service(  153): [1084335840,com.facebook.katana/.service.FacebookService,,669]
I/am_create_service(  153): [1084140864,com.facebook.katana/com.facebook.orca.server.MessagesService,,669]
I/force_gc(  669): bg
I/dvm_gc_info(  669): [7737593596606248852,-8902045702345725714,-3911792955571349465,8964222]
I/dvm_gc_madvise_info(  669): [1392640,1064960]
I/am_destroy_service(  153): [1084335840,com.facebook.katana/.service.FacebookService,669]
I/am_destroy_service(  153): [1084140864,com.facebook.katana/com.facebook.orca.server.MessagesService,669]
I/am_create_service(  153): [1084103312,com.facebook.katana/.service.FacebookService,,669]
I/am_create_service(  153): [1084095600,com.facebook.katana/com.facebook.orca.server.MessagesService,,669]
I/force_gc(  669): bg
I/dvm_gc_info(  669): [7737593596606211729,-8949333498433115923,-3912074430548060121,8964222]
I/dvm_gc_madvise_info(  669): [1396736,1064960]
I/am_destroy_service(  153): [1084095600,com.facebook.katana/com.facebook.orca.server.MessagesService,669]
I/am_destroy_service(  153): [1084103312,com.facebook.katana/.service.FacebookService,669]
I/am_create_service(  153): [1082256368,com.facebook.katana/.service.FacebookService,,669]
I/am_create_service(  153): [1080996824,com.facebook.katana/com.facebook.orca.server.MessagesService,,669]
I/force_gc(  669): bg
I/dvm_gc_info(  669): [7737593596606248852,-8902045702345725714,-3911792955571349465,8964222]
I/dvm_gc_madvise_info(  669): [1392640,1064960]
I/am_destroy_service(  153): [1082256368,com.facebook.katana/.service.FacebookService,669]
I/am_destroy_service(  153): [1080996824,com.facebook.katana/com.facebook.orca.server.MessagesService,669]
I/force_gc( 4367): bg
I/dvm_gc_info( 4367): [3345437233800085992,-9220127272960305084,-4001583473142048729,0]
I/dvm_gc_madvise_info( 4367): [1232896,1064960]
I/am_create_service(  153): [1083342488,com.google.android.gsf/.checkin.EventLogService,,307]
I/aggregation(  307): 1383526036197
I/dvm_gc_info(  307): [7449358886915610213,-8988474329535739855,-4005242647839287257,6817407]
I/am_destroy_service(  153): [1083342488,com.google.android.gsf/.checkin.EventLogService,307]
I/am_create_service(  153): [1081762064,com.facebook.katana/.service.FacebookService,act=com.facebook.katana.service.968,669]
I/dvm_gc_madvise_info(  307): [1245184,1064960]
I/force_gc(  669): bg
I/dvm_gc_info(  669): [7737593596606166596,-9014635693029992211,-3912355905524770777,8964222]
I/dvm_gc_madvise_info(  669): [1400832,1064960]
I/am_destroy_service(  153): [1081762064,com.facebook.katana/.service.FacebookService,669]
I/am_create_service(  153): [1082883904,com.facebook.katana/.service.FacebookService,,669]
I/am_create_service(  153): [1082490728,com.facebook.katana/com.facebook.orca.server.MessagesService,,669]
I/force_gc(  669): bg
I/dvm_gc_info(  669): [7737593596606178914,-8994650969683535636,-3912355905524770777,8964222]
I/dvm_gc_madvise_info(  669): [1413120,1064960]
I/am_destroy_service(  153): [1082490728,com.facebook.katana/com.facebook.orca.server.MessagesService,669]
I/am_destroy_service(  153): [1082883904,com.facebook.katana/.service.FacebookService,669]
I/am_create_service(  153): [1084039184,com.facebook.katana/.service.FacebookService,,669]
I/am_create_service(  153): [1082695848,com.facebook.katana/com.facebook.orca.server.MessagesService,,669]
I/force_gc(  669): bg
I/dvm_gc_info(  669): [7737593596606248846,-8902608652299147026,-3912074430548060121,8964222]
I/dvm_gc_madvise_info(  669): [1404928,1064960]
I/am_destroy_service(  153): [1084039184,com.facebook.katana/.service.FacebookService,669]
I/am_destroy_service(  153): [1082695848,com.facebook.katana/com.facebook.orca.server.MessagesService,669]
I/am_create_service(  153): [1082019560,com.facebook.katana/.service.FacebookService,,669]
I/am_destroy_service(  153): [1082019560,com.facebook.katana/.service.FacebookService,669]
I/am_create_service(  153): [1084389528,com.facebook.katana/.service.FacebookService,,669]
I/am_create_service(  153): [1082379544,com.facebook.katana/com.facebook.orca.server.MessagesService,,669]
I/am_destroy_service(  153): [1084389528,com.facebook.katana/.service.FacebookService,669]
I/am_destroy_service(  153): [1082379544,com.facebook.katana/com.facebook.orca.server.MessagesService,669]
I/am_create_service(  153): [1083891216,com.facebook.katana/.service.FacebookService,,669]
I/am_create_service(  153): [1081826784,com.facebook.katana/com.facebook.orca.server.MessagesService,,669]
I/dvm_gc_info(  669): [7737593596605474739,-8904016027182696206,-3910667055664506841,8964222]
I/db_sample(  669): [/data/data/com.facebook.katana/databases/threads_db2,SELECT unread_count, unseen_count, last_seen_time, last_action_i,0,,1]
I/dvm_gc_madvise_info(  669): [1388544,1064960]
I/am_destroy_service(  153): [1083891216,com.facebook.katana/.service.FacebookService,669]
I/am_destroy_service(  153): [1081826784,com.facebook.katana/com.facebook.orca.server.MessagesService,669]
I/force_gc( 4367): bg
I/dvm_gc_info( 4367): [3345437233800090088,-9220127272960305084,-4001583473142048729,0]
I/dvm_gc_madvise_info( 4367): [1232896,1064960]
I/am_create_service(  153): [1083089808,com.facebook.katana/.service.FacebookService,,669]
I/content_query_sample(  669): [content://com.facebook.katana.provider.CacheProvider/cache/name/Gatekeeper%3Aandroid_update_user_phone,value/timestamp,,,23,,5]
I/am_create_service(  153): [1084101320,com.facebook.katana/com.facebook.orca.server.MessagesService,,669]
I/force_gc(  669): bg
I/dvm_gc_info(  669): [7737593596606228216,-8918371250994943763,-3912074430548060121,8964222]
I/dvm_gc_madvise_info(  669): [1396736,1064960]
I/am_destroy_service(  153): [1084101320,com.facebook.katana/com.facebook.orca.server.MessagesService,669]
I/am_destroy_service(  153): [1083089808,com.facebook.katana/.service.FacebookService,669]
I/binder_sample(  224): [android.app.IActivityManager,16,16,com.android.systemui,3]
I/am_create_service(  153): [1084160112,com.facebook.katana/.service.FacebookService,,669]
I/am_create_service(  153): [1083236864,com.facebook.katana/com.facebook.orca.server.MessagesService,,669]
I/force_gc(  669): bg
I/dvm_gc_info(  669): [7737593596606175127,-8902045702345725714,-3912074430548060121,8964222]
I/dvm_gc_madvise_info(  669): [1404928,1064960]
I/am_destroy_service(  153): [1084160112,com.facebook.katana/.service.FacebookService,669]
I/am_destroy_service(  153): [1083236864,com.facebook.katana/com.facebook.orca.server.MessagesService,669]
I/force_gc( 4962): bg
I/dvm_gc_info( 4962): [8604234240864969907,-9060531442419804106,-4006087072769419225,0]
I/dvm_gc_madvise_info( 4962): [1261568,1064960]
I/am_create_service(  153): [1084463208,com.facebook.katana/.server.Fb4aService,,669]
I/force_gc(  669): bg
I/dvm_gc_info(  669): [7737593596606162513,-8997747194427352852,-3912355905524770777,8964222]
I/dvm_gc_madvise_info(  669): [1413120,1064960]
I/force_gc( 4367): bg
I/dvm_gc_info( 4367): [3345437233800081896,-9220127272960305084,-4001583473142048729,0]
I/am_destroy_service(  153): [1084463208,com.facebook.katana/.server.Fb4aService,669]
I/dvm_gc_madvise_info( 4367): [1232896,1064960]
I/am_create_service(  153): [1084508424,com.google.android.gsf/.checkin.EventLogService,,307]
I/aggregation(  307): 1383527836397
I/am_destroy_service(  153): [1084508424,com.google.android.gsf/.checkin.EventLogService,307]
I/am_create_service(  153): [1084747416,com.facebook.katana/.service.FacebookService,,669]
I/am_create_service(  153): [1084753088,com.facebook.katana/com.facebook.orca.server.MessagesService,,669]
I/force_gc(  669): bg
I/dvm_gc_info(  669): [7737593596606199408,-8976073621220628243,-3912355905524770777,8964222]
I/dvm_gc_madvise_info(  669): [1409024,1064960]
I/am_destroy_service(  153): [1084753088,com.facebook.katana/com.facebook.orca.server.MessagesService,669]
I/am_destroy_service(  153): [1084747416,com.facebook.katana/.service.FacebookService,669]
I/dvm_gc_info(  153): [8320808730291685340,-8883479282947688351,-3975406300307957721,8632367]
I/dvm_gc_madvise_info(  153): [1413120,1064960]
I/am_create_service(  153): [1084417848,com.facebook.katana/.service.FacebookService,,669]
I/am_create_service(  153): [1084080136,com.facebook.katana/com.facebook.orca.server.MessagesService,,669]
I/force_gc(  669): bg
I/dvm_gc_info(  669): [7737593596606195268,-9010976518332753684,-3912355905524770777,8964222]
I/dvm_gc_madvise_info(  669): [1413120,1064960]
I/am_destroy_service(  153): [1084080136,com.facebook.katana/com.facebook.orca.server.MessagesService,669]
I/am_destroy_service(  153): [1084417848,com.facebook.katana/.service.FacebookService,669]
I/backup_start(  153): com.google.android.backup.BackupTransportService
I/backup_package(  153): [@pm@,0]
I/am_create_service(  153): [1083170848,com.google.android.gsf/.loginservice.GoogleLoginService,act=android.accounts.AccountAuthenticator,307]
I/db_sample(  153): [/data/system/accounts.db,GETLOCK:SELECT _id, name, type FROM accounts WHERE type=?,1,,1]
I/am_destroy_service(  153): [1083170848,com.google.android.gsf/.loginservice.GoogleLoginService,307]
I/am_create_service(  153): [1083711264,com.google.android.gsf/.loginservice.GoogleLoginService,act=android.accounts.AccountAuthenticator,307]
I/db_sample(  153): [/data/system/accounts.db,SELECT value FROM extras WHERE accounts_id=(select _id FROM acco,0,,1]
I/notification_enqueue(  153): [android,2,Notification(vibrate=null,sound=null,defaults=0x0,flags=0x0)]
I/am_destroy_service(  153): [1083711264,com.google.android.gsf/.loginservice.GoogleLoginService,307]
I/backup_transport_failure(  153): com.android.providers.settings
I/backup_data_changed(  153): com.android.providers.settings
I/force_gc( 4367): bg
I/dvm_gc_info( 4367): [3345437233800077800,-9220127272960305084,-4001583473142048729,0]
I/dvm_gc_madvise_info( 4367): [1232896,1064960]
I/am_create_service(  153): [1082265368,com.facebook.katana/com.facebook.orca.server.MessagesService,,669]
I/force_gc(  669): bg
I/dvm_gc_info(  669): [7737593596606166900,-8903453077229278995,-3912074430548060121,8964222]
I/dvm_gc_madvise_info(  669): [1409024,1064960]
I/am_destroy_service(  153): [1082265368,com.facebook.katana/com.facebook.orca.server.MessagesService,669]
I/am_create_service(  153): [1083386424,com.facebook.katana/.service.FacebookService,,669]
I/am_create_service(  153): [1082538024,com.facebook.katana/com.facebook.orca.server.MessagesService,,669]
I/force_gc(  669): bg
I/dvm_gc_info(  669): [7737593596606203529,-8962562822338516755,-3912355905524770777,8964222]
I/dvm_gc_madvise_info(  669): [1409024,1064960]
I/am_destroy_service(  153): [1082538024,com.facebook.katana/com.facebook.orca.server.MessagesService,669]
I/am_destroy_service(  153): [1083386424,com.facebook.katana/.service.FacebookService,669]
I/am_create_service(  153): [1083918672,com.facebook.katana/.service.FacebookService,,669]
I/am_create_service(  153): [1082568456,com.facebook.katana/com.facebook.orca.server.MessagesService,,669]
I/force_gc(  669): bg
I/dvm_gc_info(  669): [7737593596606125640,-9004502593868408596,-3912355905524770777,8964222]
I/dvm_gc_madvise_info(  669): [1413120,1064960]
I/am_destroy_service(  153): [1082568456,com.facebook.katana/com.facebook.orca.server.MessagesService,669]
I/am_destroy_service(  153): [1083918672,com.facebook.katana/.service.FacebookService,669]
I/force_gc( 4367): bg
I/dvm_gc_info( 4367): [3345437233799995880,-9220127272960305084,-4001583473142048729,0]
I/dvm_gc_madvise_info( 4367): [1232896,1064960]
I/am_create_service(  153): [1081855272,com.google.android.gsf/.checkin.EventLogService,,307]
I/aggregation(  307): 1383529636567
I/am_destroy_service(  153): [1081855272,com.google.android.gsf/.checkin.EventLogService,307]
I/am_create_service(  153): [1082712168,com.facebook.katana/.service.FacebookService,act=com.facebook.katana.service.979,669]
I/force_gc(  669): bg
I/dvm_gc_info(  669): [7737593596606002724,-9034338941399738132,-3912637380501481433,8964222]
I/dvm_gc_madvise_info(  669): [1417216,1064960]
I/am_destroy_service(  153): [1082712168,com.facebook.katana/.service.FacebookService,669]
I/am_create_service(  153): [1081329368,com.facebook.katana/com.facebook.orca.server.MessagesService,,669]
I/binder_sample(  669): [android.app.IActivityManager,38,23,com.facebook.katana,4]
I/db_sample(  669): [/data/data/com.facebook.katana/databases/threads_db2,SELECT value FROM properties WHERE key=?,0,,1]
I/db_sample(  669): [/data/data/com.facebook.katana/databases/threads_db2,SELECT unread_count, unseen_count, last_seen_time, last_action_i,0,,1]
I/force_gc(  669): bg
I/dvm_gc_info(  669): [7737593596606240599,-8905704877042964243,-3912074430548060121,8964222]
I/dvm_gc_madvise_info(  669): [1409024,1064960]
I/am_destroy_service(  153): [1081329368,com.facebook.katana/com.facebook.orca.server.MessagesService,669]
I/am_create_service(  153): [1084467152,com.facebook.katana/.service.FacebookService,,669]
I/am_create_service(  153): [1084465664,com.facebook.katana/com.facebook.orca.server.MessagesService,,669]
I/force_gc(  669): bg
I/dvm_gc_info(  669): [7737593596606187144,-8963970197222070035,-3912355905524770777,8964222]
I/dvm_gc_madvise_info(  669): [1409024,1064960]
I/am_destroy_service(  153): [1084465664,com.facebook.katana/com.facebook.orca.server.MessagesService,669]
I/am_destroy_service(  153): [1084467152,com.facebook.katana/.service.FacebookService,669]
I/am_create_service(  153): [1083906632,com.facebook.katana/.service.FacebookService,,669]
I/am_create_service(  153): [1084331712,com.facebook.katana/com.facebook.orca.server.MessagesService,,669]
I/force_gc(  669): bg
I/dvm_gc_info(  669): [7737593596606191176,-9004502593868408596,-3912355905524770777,8964222]
I/dvm_gc_madvise_info(  669): [1413120,1064960]
I/am_destroy_service(  153): [1084331712,com.facebook.katana/com.facebook.orca.server.MessagesService,669]
I/am_destroy_service(  153): [1083906632,com.facebook.katana/.service.FacebookService,669]
I/dvm_gc_info(  153): [8320808730291722125,-8893612382109271967,-3975406300307957721,8632367]
I/dvm_gc_madvise_info(  153): [1499136,1064960]
I/force_gc( 4367): bg
I/dvm_gc_info( 4367): [3345437233800028648,-9220127272960305084,-4001583473142048729,0]
I/dvm_gc_madvise_info( 4367): [1232896,1064960]
I/am_create_service(  153): [1084311936,com.facebook.katana/com.facebook.orca.server.MessagesService,,669]
I/db_sample(  669): [/data/data/com.facebook.katana/databases/threads_db2,GETLOCK:SELECT value FROM properties WHERE key=?,1,,1]
I/force_gc(  669): bg
I/dvm_gc_info(  669): [7737593596606191474,-8903734552205989651,-3912074430548060121,8964222]
I/dvm_gc_madvise_info(  669): [1409024,1064960]
I/am_destroy_service(  153): [1084311936,com.facebook.katana/com.facebook.orca.server.MessagesService,669]
I/am_create_service(  153): [1084261864,com.facebook.katana/.service.FacebookService,,669]
I/am_create_service(  153): [1084158416,com.facebook.katana/com.facebook.orca.server.MessagesService,,669]
I/force_gc(  669): bg
I/dvm_gc_info(  669): [7737593596606203531,-8959748072571410195,-3912355905524770777,8964222]
I/dvm_gc_madvise_info(  669): [1409024,1064960]
I/am_destroy_service(  153): [1084158416,com.facebook.katana/com.facebook.orca.server.MessagesService,669]
I/am_destroy_service(  153): [1084261864,com.facebook.katana/.service.FacebookService,669]
I/am_create_service(  153): [1081758944,com.facebook.katana/.service.FacebookService,,669]
I/am_create_service(  153): [1083450480,com.facebook.katana/com.facebook.orca.server.MessagesService,,669]
I/force_gc(  669): bg
I/dvm_gc_info(  669): [7737593596606191176,-9004784068845119252,-3912355905524770777,8964222]
I/dvm_gc_madvise_info(  669): [1413120,1064960]
I/am_destroy_service(  153): [1083450480,com.facebook.katana/com.facebook.orca.server.MessagesService,669]
I/am_destroy_service(  153): [1081758944,com.facebook.katana/.service.FacebookService,669]
I/force_gc( 4962): bg
I/dvm_gc_info( 4962): [8604234240865031349,-9060531442419804106,-4006087072769419225,0]
I/dvm_gc_madvise_info( 4962): [1261568,1064960]
I/force_gc( 4367): bg
I/dvm_gc_info( 4367): [3345437233800081896,-9220127272960305084,-4001583473142048729,0]
I/dvm_gc_madvise_info( 4367): [1232896,1064960]
I/am_create_service(  153): [1084175200,com.google.android.gsf/.checkin.EventLogService,,307]
I/aggregation(  307): 1383531436694
I/am_destroy_service(  153): [1084175200,com.google.android.gsf/.checkin.EventLogService,307]
I/am_create_service(  153): [1082961616,com.facebook.katana/com.facebook.orca.server.MessagesService,,669]
I/force_gc(  669): bg
I/dvm_gc_info(  669): [7737593596606191473,-8903734552205989651,-3912074430548060121,8964222]
I/dvm_gc_madvise_info(  669): [1409024,1064960]
I/am_destroy_service(  153): [1082961616,com.facebook.katana/com.facebook.orca.server.MessagesService,669]
I/am_create_service(  153): [1082673040,com.facebook.katana/.server.Fb4aService,,669]
I/force_gc(  669): bg
I/dvm_gc_info(  669): [7737593596606150219,-9007317343635515156,-3912355905524770777,8964222]
I/dvm_gc_madvise_info(  669): [1413120,1064960]
I/am_destroy_service(  153): [1082673040,com.facebook.katana/.server.Fb4aService,669]
I/am_create_service(  153): [1084700128,com.facebook.katana/.service.FacebookService,,669]
I/am_create_service(  153): [1083956440,com.facebook.katana/com.facebook.orca.server.MessagesService,,669]
I/force_gc(  669): bg
I/dvm_gc_info(  669): [7737593596606183024,-8976918046150764307,-3912355905524770777,8964222]
I/dvm_gc_madvise_info(  669): [1409024,1064960]
I/am_destroy_service(  153): [1083956440,com.facebook.katana/com.facebook.orca.server.MessagesService,669]
I/am_destroy_service(  153): [1084700128,com.facebook.katana/.service.FacebookService,669]
I/force_gc( 4367): bg
I/dvm_gc_info( 4367): [3345437233800061416,-9220127272960305084,-4001583473142048729,0]
I/dvm_gc_madvise_info( 4367): [1232896,1064960]
I/dvm_gc_info(  224): [8320808730291644032,-8920639066340505554,-4002427898072180697,8050495]
I/dvm_gc_madvise_info(  224): [1114112,1064960]
I/am_create_service(  153): [1083607408,com.facebook.katana/.service.FacebookService,,669]
I/am_create_service(  153): [1083624504,com.facebook.katana/com.facebook.orca.server.MessagesService,,669]
I/force_gc(  669): bg
