I/notification_cancel(  153): [android,17040208,0]
I/notification_enqueue(  153): [com.android.systemui,17302210,Notification(vibrate=null,sound=null,defaults=0x0,flags=0x2)]
I/notification_enqueue(  153): [android,17040208,Notification(vibrate=null,sound=null,defaults=0x0,flags=0x2)]
I/notification_cancel(  153): [android,17040208,0]
I/notification_cancel(  153): [com.android.systemui,17302210,0]
I/notification_enqueue(  153): [com.android.systemui,17302210,Notification(vibrate=null,sound=null,defaults=0x0,flags=0x2)]
I/notification_enqueue(  153): [android,17040208,Notification(vibrate=null,sound=null,defaults=0x0,flags=0x2)]
I/dvm_gc_info(  224): [8320808730291701345,-8935557171386677201,-4002990848025602009,7911196]
I/notification_cancel(  153): [android,17040208,0]
I/notification_cancel(  153): [com.android.systemui,17302210,0]
I/notification_enqueue(  153): [android,17040208,Notification(vibrate=null,sound=null,defaults=0x0,flags=0x2)]
I/notification_enqueue(  153): [com.android.systemui,17302210,Notification(vibrate=null,sound=null,defaults=0x0,flags=0x2)]
I/notification_cancel(  153): [android,17040208,0]
I/notification_cancel(  153): [com.android.systemui,17302210,0]
I/notification_enqueue(  153): [com.android.systemui,17302210,Notification(vibrate=null,sound=null,defaults=0x0,flags=0x2)]
I/notification_enqueue(  153): [android,17040208,Notification(vibrate=null,sound=null,defaults=0x0,flags=0x2)]
I/dvm_gc_madvise_info(  224): [1163264,1064960]
I/notification_cancel(  153): [android,17040208,0]
I/notification_cancel(  153): [com.android.systemui,17302210,0]
I/notification_enqueue(  153): [com.android.systemui,17302210,Notification(vibrate=null,sound=null,defaults=0x0,flags=0x2)]
I/notification_enqueue(  153): [android,17040208,Notification(vibrate=null,sound=null,defaults=0x0,flags=0x2)]
I/dvm_gc_info(  153): [8320808730291734424,-8896427131876333469,-3974843350354536409,8632367]
I/notification_cancel(  153): [com.android.systemui,17302210,0]
I/notification_cancel(  153): [android,17040208,0]
I/notification_enqueue(  153): [com.android.systemui,17302210,Notification(vibrate=null,sound=null,defaults=0x0,flags=0x2)]
I/notification_enqueue(  153): [android,17040208,Notification(vibrate=null,sound=null,defaults=0x0,flags=0x2)]
I/notification_cancel(  153): [android,17040208,0]
I/notification_cancel(  153): [com.android.systemui,17302210,0]
I/notification_enqueue(  153): [android,17040208,Notification(vibrate=null,sound=null,defaults=0x0,flags=0x2)]
I/notification_enqueue(  153): [com.android.systemui,17302210,Notification(vibrate=null,sound=null,defaults=0x0,flags=0x2)]
I/dvm_gc_madvise_info(  153): [1351680,1064960]
I/notification_cancel(  153): [com.android.systemui,17302210,0]
I/notification_cancel(  153): [android,17040208,0]
I/notification_enqueue(  153): [com.android.systemui,17302210,Notification(vibrate=null,sound=null,defaults=0x0,flags=0x2)]
I/notification_enqueue(  153): [android,17040208,Notification(vibrate=null,sound=null,defaults=0x0,flags=0x2)]
I/notification_cancel(  153): [android,17040208,0]
I/notification_cancel(  153): [com.android.systemui,17302210,0]
I/notification_enqueue(  153): [android,17040208,Notification(vibrate=null,sound=null,defaults=0x0,flags=0x2)]
I/notification_enqueue(  153): [com.android.systemui,17302210,Notification(vibrate=null,sound=null,defaults=0x0,flags=0x2)]
I/battery_level(  153): [92,4021,256]
I/notification_cancel(  153): [com.android.systemui,17302210,0]
I/notification_cancel(  153): [android,17040208,0]
I/notification_enqueue(  153): [com.android.systemui,17302210,Notification(vibrate=null,sound=null,defaults=0x0,flags=0x2)]
I/notification_enqueue(  153): [android,17040208,Notification(vibrate=null,sound=null,defaults=0x0,flags=0x2)]
I/dvm_gc_info(  224): [8320808730291676796,-8923172272411420626,-4002709373048891353,7911209]
I/notification_cancel(  153): [android,17040208,0]
I/notification_cancel(  153): [com.android.systemui,17302210,0]
I/notification_enqueue(  153): [com.android.systemui,17302210,Notification(vibrate=null,sound=null,defaults=0x0,flags=0x2)]
I/notification_enqueue(  153): [android,17040208,Notification(vibrate=null,sound=null,defaults=0x0,flags=0x2)]
I/notification_cancel(  153): [com.android.systemui,17302210,0]
I/notification_cancel(  153): [android,17040208,0]
I/notification_enqueue(  153): [android,17040208,Notification(vibrate=null,sound=null,defaults=0x0,flags=0x2)]
I/notification_enqueue(  153): [com.android.systemui,17302210,Notification(vibrate=null,sound=null,defaults=0x0,flags=0x2)]
I/notification_cancel(  153): [android,17040208,0]
I/notification_cancel(  153): [com.android.systemui,17302210,0]
I/notification_enqueue(  153): [com.android.systemui,17302210,Notification(vibrate=null,sound=null,defaults=0x0,flags=0x2)]
I/notification_enqueue(  153): [android,17040208,Notification(vibrate=null,sound=null,defaults=0x0,flags=0x2)]
I/notification_cancel(  153): [android,17040208,0]
I/notification_cancel(  153): [com.android.systemui,17302210,0]
I/notification_enqueue(  153): [android,17040208,Notification(vibrate=null,sound=null,defaults=0x0,flags=0x2)]
I/notification_enqueue(  153): [com.android.systemui,17302210,Notification(vibrate=null,sound=null,defaults=0x0,flags=0x2)]
I/dvm_gc_madvise_info(  224): [1150976,1064960]
I/notification_cancel(  153): [android,17040208,0]
I/notification_cancel(  153): [com.android.systemui,17302210,0]
I/notification_enqueue(  153): [android,17040208,Notification(vibrate=null,sound=null,defaults=0x0,flags=0x2)]
I/notification_enqueue(  153): [com.android.systemui,17302210,Notification(vibrate=null,sound=null,defaults=0x0,flags=0x2)]
I/notification_cancel(  153): [android,17040208,0]
I/notification_cancel(  153): [com.android.systemui,17302210,0]
I/notification_enqueue(  153): [android,17040208,Notification(vibrate=null,sound=null,defaults=0x0,flags=0x2)]
I/notification_enqueue(  153): [com.android.systemui,17302210,Notification(vibrate=null,sound=null,defaults=0x0,flags=0x2)]
I/notification_cancel(  153): [android,17040208,0]
I/notification_cancel(  153): [com.android.systemui,17302210,0]
I/notification_enqueue(  153): [com.android.systemui,17302210,Notification(vibrate=null,sound=null,defaults=0x0,flags=0x2)]
I/notification_enqueue(  153): [android,17040208,Notification(vibrate=null,sound=null,defaults=0x0,flags=0x2)]
I/notification_cancel(  153): [android,17040208,0]
I/notification_cancel(  153): [com.android.systemui,17302210,0]
I/notification_enqueue(  153): [android,17040208,Notification(vibrate=null,sound=null,defaults=0x0,flags=0x2)]
I/notification_enqueue(  153): [com.android.systemui,17302210,Notification(vibrate=null,sound=null,defaults=0x0,flags=0x2)]
I/dvm_gc_info(  224): [8320808730291689085,-8923453747388143570,-4003272323002312665,7911198]
I/notification_cancel(  153): [android,17040208,0]
I/notification_cancel(  153): [com.android.systemui,17302210,0]
I/notification_enqueue(  153): [android,17040208,Notification(vibrate=null,sound=null,defaults=0x0,flags=0x2)]
I/notification_enqueue(  153): [com.android.systemui,17302210,Notification(vibrate=null,sound=null,defaults=0x0,flags=0x2)]
I/notification_cancel(  153): [com.android.systemui,17302210,0]
I/notification_cancel(  153): [android,17040208,0]
I/binder_sample(  224): [android.view.IWindowSession,4,24,com.android.systemui,4]
I/notification_enqueue(  153): [android,17040208,Notification(vibrate=null,sound=null,defaults=0x0,flags=0x2)]
I/notification_enqueue(  153): [com.android.systemui,17302210,Notification(vibrate=null,sound=null,defaults=0x0,flags=0x2)]
I/notification_cancel(  153): [android,17040208,0]
I/notification_cancel(  153): [com.android.systemui,17302210,0]
I/notification_enqueue(  153): [android,17040208,Notification(vibrate=null,sound=null,defaults=0x0,flags=0x2)]
I/notification_enqueue(  153): [com.android.systemui,17302210,Notification(vibrate=null,sound=null,defaults=0x0,flags=0x2)]
I/notification_cancel(  153): [android,17040208,0]
I/notification_cancel(  153): [com.android.systemui,17302210,0]
I/notification_enqueue(  153): [android,17040208,Notification(vibrate=null,sound=null,defaults=0x0,flags=0x2)]
I/notification_enqueue(  153): [com.android.systemui,17302210,Notification(vibrate=null,sound=null,defaults=0x0,flags=0x2)]
I/notification_cancel(  153): [com.android.systemui,17302210,0]
I/notification_cancel(  153): [android,17040208,0]
I/notification_enqueue(  153): [android,17040208,Notification(vibrate=null,sound=null,defaults=0x0,flags=0x2)]
I/notification_enqueue(  153): [com.android.systemui,17302210,Notification(vibrate=null,sound=null,defaults=0x0,flags=0x2)]
I/notification_cancel(  153): [android,17040208,0]
I/notification_cancel(  153): [com.android.systemui,17302210,0]
I/dvm_gc_madvise_info(  224): [1155072,1064960]
I/notification_enqueue(  153): [com.android.systemui,17302210,Notification(vibrate=null,sound=null,defaults=0x0,flags=0x2)]
I/notification_enqueue(  153): [android,17040208,Notification(vibrate=null,sound=null,defaults=0x0,flags=0x2)]
I/notification_cancel(  153): [com.android.systemui,17302210,0]
I/notification_cancel(  153): [android,17040208,0]
I/notification_enqueue(  153): [android,17040208,Notification(vibrate=null,sound=null,defaults=0x0,flags=0x2)]
I/notification_enqueue(  153): [com.android.systemui,17302210,Notification(vibrate=null,sound=null,defaults=0x0,flags=0x2)]
I/dvm_gc_info(  224): [8320808730291717739,-8925424072225101778,-4002990848025602009,7911196]
I/notification_cancel(  153): [com.android.systemui,17302210,0]
I/notification_cancel(  153): [android,17040208,0]
I/notification_enqueue(  153): [android,17040208,Notification(vibrate=null,sound=null,defaults=0x0,flags=0x2)]
I/notification_enqueue(  153): [com.android.systemui,17302210,Notification(vibrate=null,sound=null,defaults=0x0,flags=0x2)]
I/notification_cancel(  153): [android,17040208,0]
I/notification_cancel(  153): [com.android.systemui,17302210,0]
I/notification_enqueue(  153): [android,17040208,Notification(vibrate=null,sound=null,defaults=0x0,flags=0x2)]
I/notification_enqueue(  153): [com.android.systemui,17302210,Notification(vibrate=null,sound=null,defaults=0x0,flags=0x2)]
I/notification_cancel(  153): [android,17040208,0]
I/dvm_gc_madvise_info(  224): [1159168,1064960]
I/notification_cancel(  153): [com.android.systemui,17302210,0]
I/notification_enqueue(  153): [android,17040208,Notification(vibrate=null,sound=null,defaults=0x0,flags=0x2)]
I/notification_enqueue(  153): [com.android.systemui,17302210,Notification(vibrate=null,sound=null,defaults=0x0,flags=0x2)]
I/dvm_gc_info(  153): [8320808730291853209,-8896990081829758878,-3974843350354536409,8632367]
I/notification_cancel(  153): [com.android.systemui,17302210,0]
I/notification_cancel(  153): [android,17040208,0]
I/notification_enqueue(  153): [android,17040208,Notification(vibrate=null,sound=null,defaults=0x0,flags=0x2)]
I/notification_enqueue(  153): [com.android.systemui,17302210,Notification(vibrate=null,sound=null,defaults=0x0,flags=0x2)]
I/notification_cancel(  153): [android,17040208,0]
I/notification_cancel(  153): [com.android.systemui,17302210,0]
I/notification_enqueue(  153): [android,17040208,Notification(vibrate=null,sound=null,defaults=0x0,flags=0x2)]
I/notification_enqueue(  153): [com.android.systemui,17302210,Notification(vibrate=null,sound=null,defaults=0x0,flags=0x2)]
I/notification_cancel(  153): [com.android.systemui,17302210,0]
I/notification_cancel(  153): [android,17040208,0]
I/notification_enqueue(  153): [android,17040208,Notification(vibrate=null,sound=null,defaults=0x0,flags=0x2)]
I/notification_enqueue(  153): [com.android.systemui,17302210,Notification(vibrate=null,sound=null,defaults=0x0,flags=0x2)]
I/notification_cancel(  153): [com.android.systemui,17302210,0]
I/notification_cancel(  153): [android,17040208,0]
I/notification_enqueue(  153): [com.android.systemui,17302210,Notification(vibrate=null,sound=null,defaults=0x0,flags=0x2)]
I/notification_enqueue(  153): [android,17040208,Notification(vibrate=null,sound=null,defaults=0x0,flags=0x2)]
I/notification_cancel(  153): [android,17040208,0]
I/notification_cancel(  153): [com.android.systemui,17302210,0]
I/notification_enqueue(  153): [android,17040208,Notification(vibrate=null,sound=null,defaults=0x0,flags=0x2)]
I/notification_enqueue(  153): [com.android.systemui,17302210,Notification(vibrate=null,sound=null,defaults=0x0,flags=0x2)]
I/dvm_gc_madvise_info(  153): [1286144,1064960]
I/dvm_gc_info(  224): [8320808730291639930,-8923735222364846034,-4003272323002312665,7911196]
I/notification_cancel(  153): [com.android.systemui,17302210,0]
I/notification_cancel(  153): [android,17040208,0]
I/notification_enqueue(  153): [android,17040208,Notification(vibrate=null,sound=null,defaults=0x0,flags=0x2)]
I/notification_enqueue(  153): [com.android.systemui,17302210,Notification(vibrate=null,sound=null,defaults=0x0,flags=0x2)]
I/notification_cancel(  153): [android,17040208,0]
I/notification_cancel(  153): [com.android.systemui,17302210,0]
I/notification_enqueue(  153): [android,17040208,Notification(vibrate=null,sound=null,defaults=0x0,flags=0x2)]
I/notification_enqueue(  153): [com.android.systemui,17302210,Notification(vibrate=null,sound=null,defaults=0x0,flags=0x2)]
I/notification_cancel(  153): [android,17040208,0]
I/notification_cancel(  153): [com.android.systemui,17302210,0]
I/notification_enqueue(  153): [android,17040208,Notification(vibrate=null,sound=null,defaults=0x0,flags=0x2)]
I/notification_enqueue(  153): [com.android.systemui,17302210,Notification(vibrate=null,sound=null,defaults=0x0,flags=0x2)]
I/notification_cancel(  153): [com.android.systemui,17302210,0]
I/notification_cancel(  153): [android,17040208,0]
I/dvm_gc_madvise_info(  224): [1179648,1064960]
I/am_create_service(  153): [1084650656,com.facebook.katana/com.facebook.orca.server.MessagesService,,669]
I/dvm_gc_info(  669): [7737593596605478882,-8893601453044406032,-3911511480594638809,8964222]
I/notification_cancel(  153): [com.facebook.katana,10001,0]
I/notification_cancel(  153): [com.facebook.katana,10002,0]
I/notification_cancel(  153): [com.facebook.katana,10004,0]
I/am_destroy_service(  153): [1084650656,com.facebook.katana/com.facebook.orca.server.MessagesService,669]
I/battery_level(  153): [92,4006,256]
I/notification_enqueue(  153): [com.android.systemui,17302210,Notification(vibrate=null,sound=null,defaults=0x0,flags=0x2)]
I/notification_enqueue(  153): [android,17040208,Notification(vibrate=null,sound=null,defaults=0x0,flags=0x2)]
I/notification_cancel(  153): [android,17040208,0]
I/notification_cancel(  153): [com.android.systemui,17302210,0]
I/notification_enqueue(  153): [com.android.systemui,17302210,Notification(vibrate=null,sound=null,defaults=0x0,flags=0x2)]
I/notification_enqueue(  153): [android,17040208,Notification(vibrate=null,sound=null,defaults=0x0,flags=0x2)]
I/notification_cancel(  153): [android,17040208,0]
I/notification_cancel(  153): [com.android.systemui,17302210,0]
I/notification_enqueue(  153): [android,17040208,Notification(vibrate=null,sound=null,defaults=0x0,flags=0x2)]
I/notification_enqueue(  153): [com.android.systemui,17302210,Notification(vibrate=null,sound=null,defaults=0x0,flags=0x2)]
I/notification_cancel(  153): [android,17040208,0]
I/notification_cancel(  153): [com.android.systemui,17302210,0]
I/notification_enqueue(  153): [android,17040208,Notification(vibrate=null,sound=null,defaults=0x0,flags=0x2)]
I/notification_enqueue(  153): [com.android.systemui,17302210,Notification(vibrate=null,sound=null,defaults=0x0,flags=0x2)]
I/dvm_gc_info(  224): [8320808730291668593,-8924579647294986194,-4003272323002312665,7911196]
I/notification_cancel(  153): [android,17040208,0]
I/notification_cancel(  153): [com.android.systemui,17302210,0]
I/notification_enqueue(  153): [android,17040208,Notification(vibrate=null,sound=null,defaults=0x0,flags=0x2)]
I/notification_enqueue(  153): [com.android.systemui,17302210,Notification(vibrate=null,sound=null,defaults=0x0,flags=0x2)]
I/notification_cancel(  153): [android,17040208,0]
I/notification_cancel(  153): [com.android.systemui,17302210,0]
I/notification_enqueue(  153): [android,17040208,Notification(vibrate=null,sound=null,defaults=0x0,flags=0x2)]
I/notification_enqueue(  153): [com.android.systemui,17302210,Notification(vibrate=null,sound=null,defaults=0x0,flags=0x2)]
I/notification_cancel(  153): [android,17040208,0]
I/notification_cancel(  153): [com.android.systemui,17302210,0]
I/dvm_gc_madvise_info(  669): [1265664,1064960]
I/screen_toggled(  153): 2
I/dvm_gc_madvise_info(  224): [1183744,1064960]
I/am_pause_activity(  153): [1081063096,es.booooo.sms/.SinMachismoSi]
I/am_on_paused_called( 8529): es.booooo.sms.SinMachismoSi
I/am_task_to_front(  153): 2
I/am_new_intent(  153): [1083780240,2,com.android.launcher/.Launcher,android.intent.action.MAIN,NULL,NULL,274726912]
I/am_resume_activity(  153): [1080563496,2,com.android.launcher/.Launcher]
I/am_on_resume_called(  276): com.android.launcher.Launcher
I/am_kill (  153): [4471,com.google.android.gms,14,too many background]
I/am_proc_died(  153): [4471,com.google.android.gms]
I/notification_enqueue(  153): [com.android.systemui,17302210,Notification(vibrate=null,sound=null,defaults=0x0,flags=0x2)]
I/notification_enqueue(  153): [android,17040208,Notification(vibrate=null,sound=null,defaults=0x0,flags=0x2)]
I/notification_cancel(  153): [com.android.systemui,17302210,0]
I/notification_cancel(  153): [android,17040208,0]
I/notification_enqueue(  153): [com.android.systemui,17302210,Notification(vibrate=null,sound=null,defaults=0x0,flags=0x2)]
I/notification_enqueue(  153): [android,17040208,Notification(vibrate=null,sound=null,defaults=0x0,flags=0x2)]
I/notification_cancel(  153): [com.android.systemui,17302210,0]
I/notification_cancel(  153): [android,17040208,0]
I/notification_enqueue(  153): [com.android.systemui,17302210,Notification(vibrate=null,sound=null,defaults=0x0,flags=0x2)]
I/notification_enqueue(  153): [android,17040208,Notification(vibrate=null,sound=null,defaults=0x0,flags=0x2)]
I/notification_cancel(  153): [android,17040208,0]
I/notification_cancel(  153): [com.android.systemui,17302210,0]
I/notification_enqueue(  153): [android,17040208,Notification(vibrate=null,sound=null,defaults=0x0,flags=0x2)]
I/notification_enqueue(  153): [com.android.systemui,17302210,Notification(vibrate=null,sound=null,defaults=0x0,flags=0x2)]
I/dvm_gc_info(  224): [8320808730291693156,-8925987022178543571,-4002990848025602009,7911208]
I/notification_cancel(  153): [android,17040208,0]
I/notification_cancel(  153): [com.android.systemui,17302210,0]
I/notification_enqueue(  153): [com.android.systemui,17302210,Notification(vibrate=null,sound=null,defaults=0x0,flags=0x2)]
I/notification_enqueue(  153): [android,17040208,Notification(vibrate=null,sound=null,defaults=0x0,flags=0x2)]
I/dvm_gc_madvise_info(  224): [1187840,1064960]
I/force_gc( 8529): bg
I/dvm_gc_info( 8529): [8011467701056968300,-8994948116527687635,-4006650022722840537,6850143]
I/notification_cancel(  153): [com.android.systemui,17302210,0]
I/notification_cancel(  153): [android,17040208,0]
I/notification_enqueue(  153): [android,17040208,Notification(vibrate=null,sound=null,defaults=0x0,flags=0x2)]
I/notification_enqueue(  153): [com.android.systemui,17302210,Notification(vibrate=null,sound=null,defaults=0x0,flags=0x2)]
I/dvm_gc_madvise_info( 8529): [1757184,1064960]
I/notification_cancel(  153): [android,17040208,0]
I/notification_cancel(  153): [com.android.systemui,17302210,0]
I/notification_enqueue(  153): [android,17040208,Notification(vibrate=null,sound=null,defaults=0x0,flags=0x2)]
I/notification_enqueue(  153): [com.android.systemui,17302210,Notification(vibrate=null,sound=null,defaults=0x0,flags=0x2)]
I/notification_cancel(  153): [android,17040208,0]
I/notification_cancel(  153): [com.android.systemui,17302210,0]
I/notification_enqueue(  153): [com.android.systemui,17302210,Notification(vibrate=null,sound=null,defaults=0x0,flags=0x2)]
I/notification_enqueue(  153): [android,17040208,Notification(vibrate=null,sound=null,defaults=0x0,flags=0x2)]
I/notification_cancel(  153): [android,17040208,0]
I/notification_cancel(  153): [com.android.systemui,17302210,0]
I/notification_enqueue(  153): [android,17040208,Notification(vibrate=null,sound=null,defaults=0x0,flags=0x2)]
I/notification_enqueue(  153): [com.android.systemui,17302210,Notification(vibrate=null,sound=null,defaults=0x0,flags=0x2)]
I/dvm_gc_info(  153): [8320808730291808159,-8896708606853048222,-3974843350354536409,8632367]
I/force_gc( 4270): bg
I/dvm_gc_info( 4270): [8315180330336507283,-9039138725563570126,-3987791199283226585,8656950]
I/dvm_gc_madvise_info(  153): [1302528,1064960]
I/battery_level(  153): [91,4011,258]
I/notification_cancel(  153): [com.android.systemui,17302210,0]
I/notification_cancel(  153): [android,17040208,0]
I/notification_enqueue(  153): [com.android.systemui,17302210,Notification(vibrate=null,sound=null,defaults=0x0,flags=0x2)]
I/notification_enqueue(  153): [android,17040208,Notification(vibrate=null,sound=null,defaults=0x0,flags=0x2)]
I/dvm_gc_madvise_info( 4270): [2125824,1064960]
I/notification_cancel(  153): [com.android.systemui,17302210,0]
I/notification_cancel(  153): [android,17040208,0]
I/binder_sample(  224): [android.view.IWindowSession,4,5,com.android.systemui,1]
I/notification_enqueue(  153): [com.android.systemui,17302210,Notification(vibrate=null,sound=null,defaults=0x0,flags=0x2)]
I/notification_enqueue(  153): [android,17040208,Notification(vibrate=null,sound=null,defaults=0x0,flags=0x2)]
I/dvm_gc_info(  224): [8320808730291795559,-8925705547201816530,-4002990848025602009,7911196]
I/notification_cancel(  153): [com.android.systemui,17302210,0]
I/notification_cancel(  153): [android,17040208,0]
I/notification_enqueue(  153): [com.android.systemui,17302210,Notification(vibrate=null,sound=null,defaults=0x0,flags=0x2)]
I/notification_enqueue(  153): [android,17040208,Notification(vibrate=null,sound=null,defaults=0x0,flags=0x2)]
I/dvm_gc_madvise_info(  224): [1187840,1064960]
I/notification_cancel(  153): [android,17040208,0]
I/notification_cancel(  153): [com.android.systemui,17302210,0]
I/notification_enqueue(  153): [com.android.systemui,17302210,Notification(vibrate=null,sound=null,defaults=0x0,flags=0x2)]
I/notification_enqueue(  153): [android,17040208,Notification(vibrate=null,sound=null,defaults=0x0,flags=0x2)]
I/notification_cancel(  153): [android,17040208,0]
I/notification_cancel(  153): [com.android.systemui,17302210,0]
I/notification_enqueue(  153): [com.android.systemui,17302210,Notification(vibrate=null,sound=null,defaults=0x0,flags=0x2)]
I/notification_enqueue(  153): [android,17040208,Notification(vibrate=null,sound=null,defaults=0x0,flags=0x2)]
I/notification_cancel(  153): [android,17040208,0]
I/notification_cancel(  153): [com.android.systemui,17302210,0]
I/notification_enqueue(  153): [com.android.systemui,17302210,Notification(vibrate=null,sound=null,defaults=0x0,flags=0x2)]
I/notification_enqueue(  153): [android,17040208,Notification(vibrate=null,sound=null,defaults=0x0,flags=0x2)]
I/notification_cancel(  153): [android,17040208,0]
I/notification_cancel(  153): [com.android.systemui,17302210,0]
I/notification_enqueue(  153): [android,17040208,Notification(vibrate=null,sound=null,defaults=0x0,flags=0x2)]
I/notification_enqueue(  153): [com.android.systemui,17302210,Notification(vibrate=null,sound=null,defaults=0x0,flags=0x2)]
I/notification_cancel(  153): [android,17040208,0]
I/notification_cancel(  153): [com.android.systemui,17302210,0]
I/notification_enqueue(  153): [com.android.systemui,17302210,Notification(vibrate=null,sound=null,defaults=0x0,flags=0x2)]
I/notification_enqueue(  153): [android,17040208,Notification(vibrate=null,sound=null,defaults=0x0,flags=0x2)]
I/notification_cancel(  153): [com.android.systemui,17302210,0]
I/notification_cancel(  153): [android,17040208,0]
I/notification_enqueue(  153): [android,17040208,Notification(vibrate=null,sound=null,defaults=0x0,flags=0x2)]
I/notification_enqueue(  153): [com.android.systemui,17302210,Notification(vibrate=null,sound=null,defaults=0x0,flags=0x2)]
I/notification_cancel(  153): [android,17040208,0]
I/notification_cancel(  153): [com.android.systemui,17302210,0]
I/notification_enqueue(  153): [android,17040208,Notification(vibrate=null,sound=null,defaults=0x0,flags=0x2)]
I/notification_enqueue(  153): [com.android.systemui,17302210,Notification(vibrate=null,sound=null,defaults=0x0,flags=0x2)]
I/dvm_gc_info(  224): [8320808730291709553,-8924579647294973906,-4002990848025602009,7911196]
I/notification_cancel(  153): [android,17040208,0]
I/notification_cancel(  153): [com.android.systemui,17302210,0]
I/notification_enqueue(  153): [android,17040208,Notification(vibrate=null,sound=null,defaults=0x0,flags=0x2)]
I/notification_enqueue(  153): [com.android.systemui,17302210,Notification(vibrate=null,sound=null,defaults=0x0,flags=0x2)]
I/notification_cancel(  153): [android,17040208,0]
I/notification_cancel(  153): [com.android.systemui,17302210,0]
I/notification_enqueue(  153): [android,17040208,Notification(vibrate=null,sound=null,defaults=0x0,flags=0x2)]
I/notification_enqueue(  153): [com.android.systemui,17302210,Notification(vibrate=null,sound=null,defaults=0x0,flags=0x2)]
I/notification_cancel(  153): [android,17040208,0]
I/notification_cancel(  153): [com.android.systemui,17302210,0]
I/notification_enqueue(  153): [android,17040208,Notification(vibrate=null,sound=null,defaults=0x0,flags=0x2)]
I/notification_enqueue(  153): [com.android.systemui,17302210,Notification(vibrate=null,sound=null,defaults=0x0,flags=0x2)]
I/notification_cancel(  153): [android,17040208,0]
I/notification_cancel(  153): [com.android.systemui,17302210,0]
I/notification_enqueue(  153): [android,17040208,Notification(vibrate=null,sound=null,defaults=0x0,flags=0x2)]
I/notification_enqueue(  153): [com.android.systemui,17302210,Notification(vibrate=null,sound=null,defaults=0x0,flags=0x2)]
I/notification_cancel(  153): [com.android.systemui,17302210,0]
I/notification_cancel(  153): [android,17040208,0]
I/notification_enqueue(  153): [android,17040208,Notification(vibrate=null,sound=null,defaults=0x0,flags=0x2)]
I/notification_enqueue(  153): [com.android.systemui,17302210,Notification(vibrate=null,sound=null,defaults=0x0,flags=0x2)]
I/notification_cancel(  153): [android,17040208,0]
I/notification_cancel(  153): [com.android.systemui,17302210,0]
I/notification_enqueue(  153): [android,17040208,Notification(vibrate=null,sound=null,defaults=0x0,flags=0x2)]
I/notification_enqueue(  153): [com.android.systemui,17302210,Notification(vibrate=null,sound=null,defaults=0x0,flags=0x2)]
I/notification_cancel(  153): [android,17040208,0]
I/notification_cancel(  153): [com.android.systemui,17302210,0]
I/dvm_gc_madvise_info(  224): [1191936,1064960]
I/notification_enqueue(  153): [android,17040208,Notification(vibrate=null,sound=null,defaults=0x0,flags=0x2)]
I/notification_enqueue(  153): [com.android.systemui,17302210,Notification(vibrate=null,sound=null,defaults=0x0,flags=0x2)]
I/dvm_gc_info(  224): [8320808730291680877,-8924861122271688658,-4002990848025602009,7911198]
I/notification_cancel(  153): [com.android.systemui,17302210,0]
I/notification_cancel(  153): [android,17040208,0]
I/notification_enqueue(  153): [android,17040208,Notification(vibrate=null,sound=null,defaults=0x0,flags=0x2)]
I/notification_enqueue(  153): [com.android.systemui,17302210,Notification(vibrate=null,sound=null,defaults=0x0,flags=0x2)]
I/notification_cancel(  153): [com.android.systemui,17302210,0]
I/notification_cancel(  153): [android,17040208,0]
I/notification_enqueue(  153): [com.android.systemui,17302210,Notification(vibrate=null,sound=null,defaults=0x0,flags=0x2)]
I/notification_enqueue(  153): [android,17040208,Notification(vibrate=null,sound=null,defaults=0x0,flags=0x2)]
I/notification_cancel(  153): [android,17040208,0]
I/notification_cancel(  153): [com.android.systemui,17302210,0]
I/notification_enqueue(  153): [android,17040208,Notification(vibrate=null,sound=null,defaults=0x0,flags=0x2)]
I/notification_enqueue(  153): [com.android.systemui,17302210,Notification(vibrate=null,sound=null,defaults=0x0,flags=0x2)]
I/notification_cancel(  153): [android,17040208,0]
I/notification_cancel(  153): [com.android.systemui,17302210,0]
I/notification_enqueue(  153): [com.android.systemui,17302210,Notification(vibrate=null,sound=null,defaults=0x0,flags=0x2)]
I/notification_enqueue(  153): [android,17040208,Notification(vibrate=null,sound=null,defaults=0x0,flags=0x2)]
I/dvm_gc_madvise_info(  224): [1191936,1064960]
I/notification_cancel(  153): [android,17040208,0]
I/notification_cancel(  153): [com.android.systemui,17302210,0]
I/notification_enqueue(  153): [android,17040208,Notification(vibrate=null,sound=null,defaults=0x0,flags=0x2)]
I/notification_enqueue(  153): [com.android.systemui,17302210,Notification(vibrate=null,sound=null,defaults=0x0,flags=0x2)]
I/notification_cancel(  153): [android,17040208,0]
I/notification_cancel(  153): [com.android.systemui,17302210,0]
I/notification_enqueue(  153): [android,17040208,Notification(vibrate=null,sound=null,defaults=0x0,flags=0x2)]
I/notification_enqueue(  153): [com.android.systemui,17302210,Notification(vibrate=null,sound=null,defaults=0x0,flags=0x2)]
I/notification_cancel(  153): [android,17040208,0]
I/notification_cancel(  153): [com.android.systemui,17302210,0]
I/dvm_gc_info(  224): [8320808730291676783,-8924861122271696851,-4002990848025602009,7911208]
I/notification_enqueue(  153): [android,17040208,Notification(vibrate=null,sound=null,defaults=0x0,flags=0x2)]
I/notification_enqueue(  153): [com.android.systemui,17302210,Notification(vibrate=null,sound=null,defaults=0x0,flags=0x2)]
I/dvm_gc_info(  153): [8320808730291783576,-8897271556806473630,-3976813675191511001,8607786]
I/notification_cancel(  153): [android,17040208,0]
I/notification_cancel(  153): [com.android.systemui,17302210,0]
I/db_sample( 8529): [/data/data/es.booooo.sms/databases/webviewCache.db,BEGIN EXCLUSIVE;,1,,1]
I/notification_enqueue(  153): [android,17040208,Notification(vibrate=null,sound=null,defaults=0x0,flags=0x2)]
I/notification_enqueue(  153): [com.android.systemui,17302210,Notification(vibrate=null,sound=null,defaults=0x0,flags=0x2)]
I/notification_cancel(  153): [android,17040208,0]
I/notification_cancel(  153): [com.android.systemui,17302210,0]
I/notification_enqueue(  153): [android,17040208,Notification(vibrate=null,sound=null,defaults=0x0,flags=0x2)]
I/notification_enqueue(  153): [com.android.systemui,17302210,Notification(vibrate=null,sound=null,defaults=0x0,flags=0x2)]
I/notification_cancel(  153): [android,17040208,0]
I/dvm_gc_madvise_info(  224): [1204224,1064960]
I/notification_cancel(  153): [com.android.systemui,17302210,0]
I/notification_enqueue(  153): [android,17040208,Notification(vibrate=null,sound=null,defaults=0x0,flags=0x2)]
I/notification_enqueue(  153): [com.android.systemui,17302210,Notification(vibrate=null,sound=null,defaults=0x0,flags=0x2)]
I/dvm_gc_madvise_info(  153): [1327104,1064960]
I/notification_cancel(  153): [android,17040208,0]
I/notification_cancel(  153): [com.android.systemui,17302210,0]
I/notification_enqueue(  153): [com.android.systemui,17302210,Notification(vibrate=null,sound=null,defaults=0x0,flags=0x2)]
I/notification_enqueue(  153): [android,17040208,Notification(vibrate=null,sound=null,defaults=0x0,flags=0x2)]
I/binder_sample(  224): [android.content.pm.IPackageManager,10,23,com.android.systemui,4]
I/notification_cancel(  153): [android,17040208,0]
I/notification_cancel(  153): [com.android.systemui,17302210,0]
I/notification_enqueue(  153): [android,17040208,Notification(vibrate=null,sound=null,defaults=0x0,flags=0x2)]
I/notification_enqueue(  153): [com.android.systemui,17302210,Notification(vibrate=null,sound=null,defaults=0x0,flags=0x2)]
I/notification_cancel(  153): [android,17040208,0]
I/notification_cancel(  153): [com.android.systemui,17302210,0]
I/notification_enqueue(  153): [com.android.systemui,17302210,Notification(vibrate=null,sound=null,defaults=0x0,flags=0x2)]
I/notification_enqueue(  153): [android,17040208,Notification(vibrate=null,sound=null,defaults=0x0,flags=0x2)]
I/dvm_gc_info(  224): [8320808730291680864,-8936401596316825554,-4003272323002312665,7911197]
I/notification_cancel(  153): [android,17040208,0]
I/notification_cancel(  153): [com.android.systemui,17302210,0]
I/notification_enqueue(  153): [com.android.systemui,17302210,Notification(vibrate=null,sound=null,defaults=0x0,flags=0x2)]
I/notification_enqueue(  153): [android,17040208,Notification(vibrate=null,sound=null,defaults=0x0,flags=0x2)]
I/notification_cancel(  153): [com.android.systemui,17302210,0]
I/notification_cancel(  153): [android,17040208,0]
I/notification_enqueue(  153): [android,17040208,Notification(vibrate=null,sound=null,defaults=0x0,flags=0x2)]
I/notification_enqueue(  153): [com.android.systemui,17302210,Notification(vibrate=null,sound=null,defaults=0x0,flags=0x2)]
I/binder_sample(  224): [android.view.IWindowSession,4,5,com.android.systemui,1]
I/notification_cancel(  153): [android,17040208,0]
I/notification_cancel(  153): [com.android.systemui,17302210,0]
I/notification_enqueue(  153): [android,17040208,Notification(vibrate=null,sound=null,defaults=0x0,flags=0x2)]
I/notification_enqueue(  153): [com.android.systemui,17302210,Notification(vibrate=null,sound=null,defaults=0x0,flags=0x2)]
I/notification_cancel(  153): [android,17040208,0]
I/notification_cancel(  153): [com.android.systemui,17302210,0]
I/notification_enqueue(  153): [android,17040208,Notification(vibrate=null,sound=null,defaults=0x0,flags=0x2)]
I/notification_enqueue(  153): [com.android.systemui,17302210,Notification(vibrate=null,sound=null,defaults=0x0,flags=0x2)]
I/notification_cancel(  153): [android,17040208,0]
I/notification_cancel(  153): [com.android.systemui,17302210,0]
I/notification_enqueue(  153): [android,17040208,Notification(vibrate=null,sound=null,defaults=0x0,flags=0x2)]
I/notification_enqueue(  153): [com.android.systemui,17302210,Notification(vibrate=null,sound=null,defaults=0x0,flags=0x2)]
I/dvm_gc_madvise_info(  224): [1208320,1064960]
I/notification_cancel(  153): [com.android.systemui,17302210,0]
I/notification_cancel(  153): [android,17040208,0]
I/battery_level(  153): [91,4006,260]
I/notification_enqueue(  153): [com.android.systemui,17302210,Notification(vibrate=null,sound=null,defaults=0x0,flags=0x2)]
I/notification_enqueue(  153): [android,17040208,Notification(vibrate=null,sound=null,defaults=0x0,flags=0x2)]
I/notification_cancel(  153): [com.android.systemui,17302210,0]
I/notification_cancel(  153): [android,17040208,0]
I/notification_enqueue(  153): [com.android.systemui,17302210,Notification(vibrate=null,sound=null,defaults=0x0,flags=0x2)]
I/notification_enqueue(  153): [android,17040208,Notification(vibrate=null,sound=null,defaults=0x0,flags=0x2)]
I/dvm_gc_info(  224): [8320808730291709539,-8925705547201800145,-4002427898072180697,7911208]
I/notification_cancel(  153): [android,17040208,0]
I/notification_cancel(  153): [com.android.systemui,17302210,0]
I/notification_enqueue(  153): [android,17040208,Notification(vibrate=null,sound=null,defaults=0x0,flags=0x2)]
I/notification_enqueue(  153): [com.android.systemui,17302210,Notification(vibrate=null,sound=null,defaults=0x0,flags=0x2)]
I/notification_cancel(  153): [android,17040208,0]
I/notification_cancel(  153): [com.android.systemui,17302210,0]
I/notification_enqueue(  153): [android,17040208,Notification(vibrate=null,sound=null,defaults=0x0,flags=0x2)]
I/notification_enqueue(  153): [com.android.systemui,17302210,Notification(vibrate=null,sound=null,defaults=0x0,flags=0x2)]
I/notification_cancel(  153): [android,17040208,0]
I/notification_cancel(  153): [com.android.systemui,17302210,0]
I/notification_enqueue(  153): [android,17040208,Notification(vibrate=null,sound=null,defaults=0x0,flags=0x2)]
I/notification_enqueue(  153): [com.android.systemui,17302210,Notification(vibrate=null,sound=null,defaults=0x0,flags=0x2)]
I/dvm_gc_madvise_info(  224): [1204224,1064960]
I/notification_cancel(  153): [com.android.systemui,17302210,0]
I/notification_cancel(  153): [android,17040208,0]
I/notification_enqueue(  153): [com.android.systemui,17302210,Notification(vibrate=null,sound=null,defaults=0x0,flags=0x2)]
I/notification_enqueue(  153): [android,17040208,Notification(vibrate=null,sound=null,defaults=0x0,flags=0x2)]
I/notification_cancel(  153): [com.android.systemui,17302210,0]
I/notification_cancel(  153): [android,17040208,0]
I/notification_enqueue(  153): [android,17040208,Notification(vibrate=null,sound=null,defaults=0x0,flags=0x2)]
I/notification_enqueue(  153): [com.android.systemui,17302210,Notification(vibrate=null,sound=null,defaults=0x0,flags=0x2)]
I/notification_cancel(  153): [com.android.systemui,17302210,0]
I/notification_cancel(  153): [android,17040208,0]
I/notification_enqueue(  153): [com.android.systemui,17302210,Notification(vibrate=null,sound=null,defaults=0x0,flags=0x2)]
I/notification_enqueue(  153): [android,17040208,Notification(vibrate=null,sound=null,defaults=0x0,flags=0x2)]
I/notification_cancel(  153): [com.android.systemui,17302210,0]
I/notification_cancel(  153): [android,17040208,0]
I/notification_enqueue(  153): [com.android.systemui,17302210,Notification(vibrate=null,sound=null,defaults=0x0,flags=0x2)]
I/notification_enqueue(  153): [android,17040208,Notification(vibrate=null,sound=null,defaults=0x0,flags=0x2)]
I/notification_cancel(  153): [com.android.systemui,17302210,0]
I/notification_cancel(  153): [android,17040208,0]
I/notification_enqueue(  153): [com.android.systemui,17302210,Notification(vibrate=null,sound=null,defaults=0x0,flags=0x2)]
I/notification_enqueue(  153): [android,17040208,Notification(vibrate=null,sound=null,defaults=0x0,flags=0x2)]
I/dvm_gc_info(  224): [8320808730291660410,-8923453747388131282,-4002990848025602009,7911196]
I/notification_cancel(  153): [android,17040208,0]
I/notification_cancel(  153): [com.android.systemui,17302210,0]
I/notification_enqueue(  153): [com.android.systemui,17302210,Notification(vibrate=null,sound=null,defaults=0x0,flags=0x2)]
I/notification_enqueue(  153): [android,17040208,Notification(vibrate=null,sound=null,defaults=0x0,flags=0x2)]
I/notification_cancel(  153): [android,17040208,0]
I/notification_cancel(  153): [com.android.systemui,17302210,0]
I/notification_enqueue(  153): [com.android.systemui,17302210,Notification(vibrate=null,sound=null,defaults=0x0,flags=0x2)]
I/notification_enqueue(  153): [android,17040208,Notification(vibrate=null,sound=null,defaults=0x0,flags=0x2)]
I/dvm_gc_info(  153): [8320808730291799942,-8898960406666741662,-3976813675191511001,8607786]
I/notification_cancel(  153): [android,17040208,0]
I/notification_cancel(  153): [com.android.systemui,17302210,0]
I/notification_enqueue(  153): [android,17040208,Notification(vibrate=null,sound=null,defaults=0x0,flags=0x2)]
I/notification_enqueue(  153): [com.android.systemui,17302210,Notification(vibrate=null,sound=null,defaults=0x0,flags=0x2)]
I/notification_cancel(  153): [android,17040208,0]
I/notification_cancel(  153): [com.android.systemui,17302210,0]
I/dvm_gc_madvise_info(  224): [1167360,1064960]
I/notification_enqueue(  153): [android,17040208,Notification(vibrate=null,sound=null,defaults=0x0,flags=0x2)]
I/notification_enqueue(  153): [com.android.systemui,17302210,Notification(vibrate=null,sound=null,defaults=0x0,flags=0x2)]
I/notification_cancel(  153): [android,17040208,0]
I/notification_cancel(  153): [com.android.systemui,17302210,0]
I/notification_enqueue(  153): [com.android.systemui,17302210,Notification(vibrate=null,sound=null,defaults=0x0,flags=0x2)]
I/notification_enqueue(  153): [android,17040208,Notification(vibrate=null,sound=null,defaults=0x0,flags=0x2)]
I/notification_cancel(  153): [com.android.systemui,17302210,0]
I/notification_cancel(  153): [android,17040208,0]
I/dvm_gc_madvise_info(  153): [1339392,1064960]
I/notification_enqueue(  153): [com.android.systemui,17302210,Notification(vibrate=null,sound=null,defaults=0x0,flags=0x2)]
I/notification_enqueue(  153): [android,17040208,Notification(vibrate=null,sound=null,defaults=0x0,flags=0x2)]
I/notification_cancel(  153): [com.android.systemui,17302210,0]
I/notification_cancel(  153): [android,17040208,0]
I/notification_enqueue(  153): [android,17040208,Notification(vibrate=null,sound=null,defaults=0x0,flags=0x2)]
I/notification_enqueue(  153): [com.android.systemui,17302210,Notification(vibrate=null,sound=null,defaults=0x0,flags=0x2)]
I/dvm_gc_info(  224): [8320808730291701366,-8924016697341560786,-4003272323002312665,7911196]
I/notification_cancel(  153): [com.android.systemui,17302210,0]
I/notification_cancel(  153): [android,17040208,0]
I/notification_enqueue(  153): [android,17040208,Notification(vibrate=null,sound=null,defaults=0x0,flags=0x2)]
I/notification_enqueue(  153): [com.android.systemui,17302210,Notification(vibrate=null,sound=null,defaults=0x0,flags=0x2)]
I/notification_cancel(  153): [android,17040208,0]
I/notification_cancel(  153): [com.android.systemui,17302210,0]
I/notification_enqueue(  153): [android,17040208,Notification(vibrate=null,sound=null,defaults=0x0,flags=0x2)]
I/notification_enqueue(  153): [com.android.systemui,17302210,Notification(vibrate=null,sound=null,defaults=0x0,flags=0x2)]
I/dvm_gc_madvise_info(  224): [1167360,1064960]
I/notification_cancel(  153): [com.android.systemui,17302210,0]
I/notification_cancel(  153): [android,17040208,0]
I/notification_enqueue(  153): [com.android.systemui,17302210,Notification(vibrate=null,sound=null,defaults=0x0,flags=0x2)]
I/notification_enqueue(  153): [android,17040208,Notification(vibrate=null,sound=null,defaults=0x0,flags=0x2)]
I/notification_cancel(  153): [com.android.systemui,17302210,0]
I/notification_cancel(  153): [android,17040208,0]
I/notification_enqueue(  153): [com.android.systemui,17302210,Notification(vibrate=null,sound=null,defaults=0x0,flags=0x2)]
I/notification_enqueue(  153): [android,17040208,Notification(vibrate=null,sound=null,defaults=0x0,flags=0x2)]
I/notification_cancel(  153): [android,17040208,0]
I/notification_cancel(  153): [com.android.systemui,17302210,0]
I/notification_enqueue(  153): [com.android.systemui,17302210,Notification(vibrate=null,sound=null,defaults=0x0,flags=0x2)]
I/notification_enqueue(  153): [android,17040208,Notification(vibrate=null,sound=null,defaults=0x0,flags=0x2)]
I/notification_cancel(  153): [com.android.systemui,17302210,0]
I/notification_cancel(  153): [android,17040208,0]
I/notification_enqueue(  153): [com.android.systemui,17302210,Notification(vibrate=null,sound=null,defaults=0x0,flags=0x2)]
I/notification_enqueue(  153): [android,17040208,Notification(vibrate=null,sound=null,defaults=0x0,flags=0x2)]
I/dvm_gc_info(  224): [8320808730291676774,-8925705547201828818,-4002990848025602009,7911208]
I/notification_cancel(  153): [android,17040208,0]
I/notification_cancel(  153): [com.android.systemui,17302210,0]
I/notification_enqueue(  153): [com.android.systemui,17302210,Notification(vibrate=null,sound=null,defaults=0x0,flags=0x2)]
I/notification_enqueue(  153): [android,17040208,Notification(vibrate=null,sound=null,defaults=0x0,flags=0x2)]
I/notification_cancel(  153): [android,17040208,0]
I/notification_cancel(  153): [com.android.systemui,17302210,0]
I/notification_enqueue(  153): [com.android.systemui,17302210,Notification(vibrate=null,sound=null,defaults=0x0,flags=0x2)]
I/notification_enqueue(  153): [android,17040208,Notification(vibrate=null,sound=null,defaults=0x0,flags=0x2)]
I/notification_cancel(  153): [android,17040208,0]
I/notification_cancel(  153): [com.android.systemui,17302210,0]
I/notification_enqueue(  153): [android,17040208,Notification(vibrate=null,sound=null,defaults=0x0,flags=0x2)]
I/notification_enqueue(  153): [com.android.systemui,17302210,Notification(vibrate=null,sound=null,defaults=0x0,flags=0x2)]
I/dvm_gc_madvise_info(  224): [1171456,1064960]
I/notification_cancel(  153): [com.android.systemui,17302210,0]
I/notification_cancel(  153): [android,17040208,0]
I/battery_level(  153): [91,3991,261]
I/notification_enqueue(  153): [android,17040208,Notification(vibrate=null,sound=null,defaults=0x0,flags=0x2)]
I/notification_enqueue(  153): [com.android.systemui,17302210,Notification(vibrate=null,sound=null,defaults=0x0,flags=0x2)]
I/notification_cancel(  153): [android,17040208,0]
I/notification_cancel(  153): [com.android.systemui,17302210,0]
I/notification_enqueue(  153): [com.android.systemui,17302210,Notification(vibrate=null,sound=null,defaults=0x0,flags=0x2)]
I/notification_enqueue(  153): [android,17040208,Notification(vibrate=null,sound=null,defaults=0x0,flags=0x2)]
I/notification_cancel(  153): [com.android.systemui,17302210,0]
I/notification_cancel(  153): [android,17040208,0]
I/notification_enqueue(  153): [com.android.systemui,17302210,Notification(vibrate=null,sound=null,defaults=0x0,flags=0x2)]
I/notification_enqueue(  153): [android,17040208,Notification(vibrate=null,sound=null,defaults=0x0,flags=0x2)]
I/notification_cancel(  153): [android,17040208,0]
I/notification_cancel(  153): [com.android.systemui,17302210,0]
I/notification_enqueue(  153): [com.android.systemui,17302210,Notification(vibrate=null,sound=null,defaults=0x0,flags=0x2)]
I/notification_enqueue(  153): [android,17040208,Notification(vibrate=null,sound=null,defaults=0x0,flags=0x2)]
I/dvm_gc_info(  224): [8320808730291676775,-8925705547201816530,-4002990848025602009,7911196]
I/notification_cancel(  153): [android,17040208,0]
I/notification_cancel(  153): [com.android.systemui,17302210,0]
I/notification_enqueue(  153): [android,17040208,Notification(vibrate=null,sound=null,defaults=0x0,flags=0x2)]
I/notification_enqueue(  153): [com.android.systemui,17302210,Notification(vibrate=null,sound=null,defaults=0x0,flags=0x2)]
I/notification_cancel(  153): [android,17040208,0]
I/notification_cancel(  153): [com.android.systemui,17302210,0]
I/notification_enqueue(  153): [android,17040208,Notification(vibrate=null,sound=null,defaults=0x0,flags=0x2)]
I/notification_enqueue(  153): [com.android.systemui,17302210,Notification(vibrate=null,sound=null,defaults=0x0,flags=0x2)]
I/dvm_gc_madvise_info(  224): [1179648,1064960]
I/force_gc(  669): bg
I/dvm_gc_info(  669): [7737593596606568346,-8902045702345725714,-3912074430548060121,8964222]
I/notification_cancel(  153): [com.android.systemui,17302210,0]
I/notification_cancel(  153): [android,17040208,0]
I/dvm_gc_madvise_info(  669): [1384448,1064960]
I/notification_enqueue(  153): [com.android.systemui,17302210,Notification(vibrate=null,sound=null,defaults=0x0,flags=0x2)]
I/notification_enqueue(  153): [android,17040208,Notification(vibrate=null,sound=null,defaults=0x0,flags=0x2)]
I/notification_cancel(  153): [com.android.systemui,17302210,0]
I/notification_cancel(  153): [android,17040208,0]
I/notification_enqueue(  153): [android,17040208,Notification(vibrate=null,sound=null,defaults=0x0,flags=0x2)]
I/notification_enqueue(  153): [com.android.systemui,17302210,Notification(vibrate=null,sound=null,defaults=0x0,flags=0x2)]
I/notification_cancel(  153): [com.android.systemui,17302210,0]
I/notification_cancel(  153): [android,17040208,0]
I/notification_enqueue(  153): [com.android.systemui,17302210,Notification(vibrate=null,sound=null,defaults=0x0,flags=0x2)]
I/notification_enqueue(  153): [android,17040208,Notification(vibrate=null,sound=null,defaults=0x0,flags=0x2)]
I/dvm_gc_info(  153): [8320808730291791743,-8899804831596873630,-3976813675191511001,8607786]
I/notification_cancel(  153): [com.android.systemui,17302210,0]
I/notification_cancel(  153): [android,17040208,0]
I/notification_enqueue(  153): [android,17040208,Notification(vibrate=null,sound=null,defaults=0x0,flags=0x2)]
I/notification_enqueue(  153): [com.android.systemui,17302210,Notification(vibrate=null,sound=null,defaults=0x0,flags=0x2)]
I/dvm_gc_madvise_info(  153): [1372160,1064960]
I/notification_cancel(  153): [com.android.systemui,17302210,0]
I/notification_cancel(  153): [android,17040208,0]
I/battery_level(  153): [91,4006,262]
I/binder_sample(  224): [com.android.internal.statusbar.IStatusBarService,5,5,com.android.systemui,1]
I/notification_enqueue(  153): [com.android.systemui,17302210,Notification(vibrate=null,sound=null,defaults=0x0,flags=0x2)]
I/notification_enqueue(  153): [android,17040208,Notification(vibrate=null,sound=null,defaults=0x0,flags=0x2)]
I/dvm_gc_info(  224): [8320808730291676776,-8925424072225101778,-4002990848025602009,7911196]
I/dvm_gc_madvise_info(  224): [1183744,1064960]
I/notification_cancel(  153): [android,17040208,0]
I/notification_cancel(  153): [com.android.systemui,17302210,0]
I/notification_enqueue(  153): [com.android.systemui,17302210,Notification(vibrate=null,sound=null,defaults=0x0,flags=0x2)]
I/notification_enqueue(  153): [android,17040208,Notification(vibrate=null,sound=null,defaults=0x0,flags=0x2)]
I/notification_cancel(  153): [android,17040208,0]
I/notification_cancel(  153): [com.android.systemui,17302210,0]
I/notification_enqueue(  153): [android,17040208,Notification(vibrate=null,sound=null,defaults=0x0,flags=0x2)]
I/notification_enqueue(  153): [com.android.systemui,17302210,Notification(vibrate=null,sound=null,defaults=0x0,flags=0x2)]
I/notification_cancel(  153): [com.android.systemui,17302210,0]
I/notification_cancel(  153): [android,17040208,0]
I/notification_enqueue(  153): [com.android.systemui,17302210,Notification(vibrate=null,sound=null,defaults=0x0,flags=0x2)]
I/notification_enqueue(  153): [android,17040208,Notification(vibrate=null,sound=null,defaults=0x0,flags=0x2)]
I/battery_level(  153): [90,4001,263]
I/notification_cancel(  153): [com.android.systemui,17302210,0]
I/notification_cancel(  153): [android,17040208,0]
